[13:43:08] [websocket_manager.yf1_v5] [INFO] WebSocket Manager initialized for yf1_v5
[13:43:08] [websocket_manager.yf1_v5] [INFO]   - URI: ws://127.0.0.1:23456/game/yf1_v5
[13:43:08] [websocket_manager.yf1_v5] [INFO]   - Reconnect interval: 5s
[13:43:08] [websocket_manager.yf1_v5] [INFO]   - Heartbeat interval: 30s
[13:43:08] [websocket_manager.yf1_v5] [INFO]   - Timeout: 10s
[13:43:08] [HybridV4-P0] [INFO] HybridDecisionEngineV4 initialized
[13:43:09] [yf1_v5] [INFO] ✓ RL Engine initialized
[13:43:10] [yf1_v5] [INFO] ✓ yf1_v5 initialized (Player 0)
[13:43:10] [yf1_v5] [INFO]   - RL Engine: Available
[13:43:10] [yf1_v5] [INFO]   - Hybrid Decision: True
[13:43:10] [websocket_manager.yf1_v5] [INFO] Connecting to ws://127.0.0.1:23456/game/yf1_v5... (attempt 1)
[13:43:10] [websocket_manager.yf1_v5] [INFO] ✓ Connected to server: ws://127.0.0.1:23456/game/yf1_v5
[13:46:28] [yf1_v5] [INFO] 游戏开始, 我是0号位，手牌：['D3', 'H4', 'C4', 'S5', 'C5', 'C6', 'C7', 'H8', 'C8', 'D8', 'H9', 'C9', 'C9', 'ST', 'ST', 'HJ', 'CJ', 'SQ', 'HQ', 'CQ', 'SK', 'DK', 'S2', 'H2', 'C2', 'D2', 'HR']
[13:46:28] [YFAdapter-P0] [INFO] YF state initialized: player_id=0
[13:46:28] [YFAdapter-P0] [INFO] YFAdapter initialized for player 0
[13:46:28] [HybridV4-P0] [INFO] YFAdapter initialized (lazy)
[13:46:28] [YFAdapter-P0] [INFO] [YF-P0] Decision context: myPos=0, curPos=-1, greaterPos=-1, teammate=2, curAction=[, actionList_size=1033
[13:46:28] [YFAdapter-P0] [ERROR] YF rule_parse failed: name 'rest_cards' is not defined
Traceback (most recent call last):
  File "D:\YiFeiAI-GD\src\communication\lalala_adapter_v4.py", line 456, in _make_yf_decision
    act_index = self.yf_action.rule_parse(
                ^^^^^^^^^^^^^^^^^^^^^^^^^^
  File "D:\YiFeiAI-GD\src\communication\action.py", line 1394, in rule_parse
    self.act = self.active(self.action, msg["handCards"], msg["curRank"],numofplayers,mypos,remaincards)
               ^^^^^^^^^^^^^^^^^^^^^^^^^^^^^^^^^^^^^^^^^^^^^^^^^^^^^^^^^^^^^^^^^^^^^^^^^^^^^^^^^^^^^^^^^
  File "D:\YiFeiAI-GD\src\communication\action.py", line 1103, in active
    restcards = rest_cards(handcards, remaincards, rank)
                ^^^^^^^^^^
NameError: name 'rest_cards' is not defined. Did you mean: 'remaincards'?
[13:46:28] [YFAdapter-P0] [ERROR] YF decision failed: YF decision failed: name 'rest_cards' is not defined
Traceback (most recent call last):
  File "D:\YiFeiAI-GD\src\communication\lalala_adapter_v4.py", line 456, in _make_yf_decision
    act_index = self.yf_action.rule_parse(
                ^^^^^^^^^^^^^^^^^^^^^^^^^^
  File "D:\YiFeiAI-GD\src\communication\action.py", line 1394, in rule_parse
    self.act = self.active(self.action, msg["handCards"], msg["curRank"],numofplayers,mypos,remaincards)
               ^^^^^^^^^^^^^^^^^^^^^^^^^^^^^^^^^^^^^^^^^^^^^^^^^^^^^^^^^^^^^^^^^^^^^^^^^^^^^^^^^^^^^^^^^
  File "D:\YiFeiAI-GD\src\communication\action.py", line 1103, in active
    restcards = rest_cards(handcards, remaincards, rank)
                ^^^^^^^^^^
NameError: name 'rest_cards' is not defined. Did you mean: 'remaincards'?

During handling of the above exception, another exception occurred:

Traceback (most recent call last):
  File "D:\YiFeiAI-GD\src\communication\lalala_adapter_v4.py", line 90, in decide
    action_index = self._make_yf_decision(converted_message)
                   ^^^^^^^^^^^^^^^^^^^^^^^^^^^^^^^^^^^^^^^^^
  File "D:\YiFeiAI-GD\src\communication\lalala_adapter_v4.py", line 520, in _make_yf_decision
    raise RuntimeError(f"YF decision failed: {e}")
RuntimeError: YF decision failed: name 'rest_cards' is not defined
[13:46:28] [HybridV4-P0] [INFO] DecisionEngine initialized (lazy)
[13:46:28] [HybridV4-P0] [ERROR] Knowledge enhancement error: expected an indented block after 'if' statement on line 70 (knowledge_loader.py, line 71)
Traceback (most recent call last):
  File "D:\YiFeiAI-GD\src\decision\hybrid_decision_engine_v4.py", line 280, in _enhance_candidates
    from knowledge.knowledge_enhanced_decision import KnowledgeEnhancedDecisionEngine
  File "D:\YiFeiAI-GD\src\knowledge\knowledge_enhanced_decision.py", line 19, in <module>
    from knowledge.knowledge_loader import KnowledgeLoader
  File "D:\YiFeiAI-GD\src\knowledge\knowledge_loader.py", line 71
    try:
    ^^^
IndentationError: expected an indented block after 'if' statement on line 70
[13:46:28] [yf1_v5] [INFO] 0号位打出['Single', '8', ['C8']]， 最大动作为0号位打出的['Single', '8', ['C8']]
