============================================================
分析真实数据中的卡牌模式分布
============================================================

分析 796 个样本

牌型分布统计：
  Complex: 637个 (80.0%)
  Empty: 60个 (7.5%)
  Pair: 27个 (3.4%)
  Bomb: 26个 (3.3%)
  Triple: 19个 (2.4%)
  Single: 14个 (1.8%)
  Sequence: 8个 (1.0%)
  Unknown: 3个 (0.4%)
  ThreeWithTwo: 2个 (0.3%)

卡牌数量分布：
  0张: 60个 (7.5%)
  1张: 14个 (1.8%)
  2张: 289个 (36.3%)
  3张: 136个 (17.1%)
  4张: 22个 (2.8%)
  5张: 88个 (11.1%)
  6张: 164个 (20.6%)
  7张: 23个 (2.9%)

Complex类型样本分析（前20个）：
  样本2: 5张卡牌, 策略类型: group
    卡牌: ['HT', 'SJ', 'SQ', 'HA', 'DA']
    点数分布: {'T': 1, 'J': 1, 'Q': 1, 'A': 2}
  样本23: 5张卡牌, 策略类型: group
    卡牌: ['H8', 'S9', 'HA', 'SJ', 'SQ']
    点数分布: {'8': 1, '9': 1, 'A': 1, 'J': 1, 'Q': 1}
  样本44: 5张卡牌, 策略类型: group
    卡牌: ['S6', 'D7', 'S8', 'S9', 'HA']
    点数分布: {'6': 1, '7': 1, '8': 1, '9': 1, 'A': 1}
  样本46: 5张卡牌, 策略类型: group
    卡牌: ['DA', 'H2', 'H3', 'D4', 'S5']
    点数分布: {'A': 1, '2': 1, '3': 1, '4': 1, '5': 1}
  样本92: 2张卡牌, 策略类型: discard
    卡牌: ['C4', 'DA']
    点数分布: {'4': 1, 'A': 1}
  样本95: 6张卡牌, 策略类型: follow
    卡牌: ['CT', 'C9', 'C8', 'S7', 'D6', 'DA']
    点数分布: {'T': 1, '9': 1, '8': 1, '7': 1, '6': 1, 'A': 1}
  样本96: 3张卡牌, 策略类型: follow
    卡牌: ['S2', 'C2', 'DA']
    点数分布: {'2': 2, 'A': 1}
  样本97: 6张卡牌, 策略类型: follow
    卡牌: ['D9', 'D8', 'D7', 'D6', 'D5', 'DA']
    点数分布: {'9': 1, '8': 1, '7': 1, '6': 1, '5': 1, 'A': 1}
  样本99: 3张卡牌, 策略类型: follow
    卡牌: ['H3', 'C3', 'DA']
    点数分布: {'3': 2, 'A': 1}
  样本100: 3张卡牌, 策略类型: follow
    卡牌: ['S5', 'H5', 'DA']
    点数分布: {'5': 2, 'A': 1}
  样本101: 3张卡牌, 策略类型: follow
    卡牌: ['S6', 'H6', 'DA']
    点数分布: {'6': 2, 'A': 1}
  样本102: 2张卡牌, 策略类型: follow
    卡牌: ['R', 'DA']
    点数分布: {'?': 1, 'A': 1}
  样本103: 2张卡牌, 策略类型: discard
    卡牌: ['S4', 'DA']
    点数分布: {'4': 1, 'A': 1}
  样本104: 2张卡牌, 策略类型: follow
    卡牌: ['R', 'DA']
    点数分布: {'?': 1, 'A': 1}
  样本105: 3张卡牌, 策略类型: follow
    卡牌: ['S3', 'S3', 'DA']
    点数分布: {'3': 2, 'A': 1}
  样本107: 2张卡牌, 策略类型: follow
    卡牌: ['S9', 'DA']
    点数分布: {'9': 1, 'A': 1}
  样本108: 2张卡牌, 策略类型: follow
    卡牌: ['R', 'DA']
    点数分布: {'?': 1, 'A': 1}
  样本109: 6张卡牌, 策略类型: follow
    卡牌: ['HQ', 'HJ', 'HT', 'H9', 'H8', 'DA']
    点数分布: {'Q': 1, 'J': 1, 'T': 1, '9': 1, '8': 1, 'A': 1}
  样本110: 2张卡牌, 策略类型: follow
    卡牌: ['ST', 'DA']
    点数分布: {'T': 1, 'A': 1}
  样本111: 3张卡牌, 策略类型: follow
    卡牌: ['SK', 'CK', 'DA']
    点数分布: {'K': 2, 'A': 1}

Empty类型样本分析（前10个）：
  样本3: 策略类型: unknown
    动作卡牌: []
  样本4: 策略类型: unknown
    动作卡牌: []
  样本6: 策略类型: unknown
    动作卡牌: []
  样本7: 策略类型: unknown
    动作卡牌: []
  样本9: 策略类型: unknown
    动作卡牌: []
  样本11: 策略类型: unknown
    动作卡牌: []
  样本13: 策略类型: unknown
    动作卡牌: []
  样本14: 策略类型: unknown
    动作卡牌: []
  样本15: 策略类型: unknown
    动作卡牌: []
  样本17: 策略类型: unknown
    动作卡牌: []

Complex类型详细分析：
  Complex类型按卡牌数量分布：
    2张: 259个
    3张: 117个
    4张: 18个
    5张: 82个
    6张: 139个
    7张: 22个
