============================================================
分析卡牌预测错误 - 目标：提升到99%+
============================================================

使用设备: cpu
模型加载成功

加载数据...
分析 796 个样本


当前准确率:
  总样本数: 796
  总卡牌数: 2500.0
  正确卡牌数: 1719.0
  卡牌级别准确率: 68.76%
  完全匹配准确率: 2.26%

错误分布:
  预测过多: 583个
  预测过少: 30个
  预测错误: 165个

按卡牌数量分析错误:
  0.0张卡牌: 41/41 错误 (100.0%)
  1.0张卡牌: 27/27 错误 (100.0%)
  2.0张卡牌: 321/339 错误 (94.7%)
  3.0张卡牌: 111/111 错误 (100.0%)
  4.0张卡牌: 74/74 错误 (100.0%)
  5.0张卡牌: 69/69 错误 (100.0%)
  6.0张卡牌: 124/124 错误 (100.0%)
  7.0张卡牌: 11/11 错误 (100.0%)

预测过多样本分析（前10个）:
  样本0: 真实=5.0张, 预测=30张, 卡牌准确率=12.9%
  样本1: 真实=0.0张, 预测=41张, 卡牌准确率=0.0%
  样本2: 真实=0.0张, 预测=35张, 卡牌准确率=0.0%
  样本3: 真实=0.0张, 预测=35张, 卡牌准确率=0.0%
  样本4: 真实=1.0张, 预测=52张, 卡牌准确率=1.9%
  样本5: 真实=1.0张, 预测=50张, 卡牌准确率=0.0%
  样本6: 真实=5.0张, 预测=44张, 卡牌准确率=11.4%
  样本7: 真实=2.0张, 预测=53张, 卡牌准确率=3.8%
  样本8: 真实=2.0张, 预测=45张, 卡牌准确率=4.4%
  样本9: 真实=2.0张, 预测=53张, 卡牌准确率=3.8%

预测过少样本分析（前10个）:
  样本95: 真实=6.0张, 预测=2张, 卡牌准确率=14.3%
  样本115: 真实=6.0张, 预测=2张, 卡牌准确率=14.3%
  样本126: 真实=6.0张, 预测=2张, 卡牌准确率=14.3%
  样本146: 真实=5.0张, 预测=2张, 卡牌准确率=16.7%
  样本194: 真实=5.0张, 预测=2张, 卡牌准确率=16.7%
  样本204: 真实=6.0张, 预测=3张, 卡牌准确率=12.5%
  样本233: 真实=6.0张, 预测=2张, 卡牌准确率=14.3%
  样本277: 真实=5.0张, 预测=2张, 卡牌准确率=40.0%
  样本285: 真实=6.0张, 预测=2张, 卡牌准确率=14.3%
  样本296: 真实=6.0张, 预测=3张, 卡牌准确率=12.5%

预测错误样本分析（前10个）:
  样本91: 真实=2.0张, 预测=2张, 卡牌准确率=33.3%
  样本92: 真实=2.0张, 预测=2张, 卡牌准确率=33.3%
  样本93: 真实=2.0张, 预测=2张, 卡牌准确率=33.3%
  样本94: 真实=2.0张, 预测=2张, 卡牌准确率=33.3%
  样本96: 真实=3.0张, 预测=5张, 卡牌准确率=33.3%
  样本103: 真实=2.0张, 预测=2张, 卡牌准确率=33.3%
  样本105: 真实=2.0张, 预测=2张, 卡牌准确率=33.3%
  样本106: 真实=3.0张, 预测=2张, 卡牌准确率=25.0%
  样本107: 真实=2.0张, 预测=2张, 卡牌准确率=33.3%
  样本114: 真实=6.0张, 预测=4张, 卡牌准确率=11.1%

改进建议:
  1. 预测过多问题更严重，建议提高阈值或降低缩放因子
  2. 当前阈值=0.3, 缩放因子=5.0
  3. 建议尝试: 阈值=0.4, 缩放因子=4.0
