============================================================
详细分析Complex类型的样本
============================================================

分析 796 个样本

Complex类型样本总数: 637

按卡牌数量分组分析：

  2张卡牌: 259个样本
    样本92:
      卡牌: ['C4', 'DA']
      点数分布: {2: 1, 12: 1}
      排序后点数: [2, 12]
      包含顺子: False, 顺子长度: 0
      策略类型: discard
    样本102:
      卡牌: ['R', 'DA']
      点数分布: {12: 1}
      排序后点数: [12]
      包含顺子: False, 顺子长度: 0
      策略类型: follow
    样本103:
      卡牌: ['S4', 'DA']
      点数分布: {2: 1, 12: 1}
      排序后点数: [2, 12]
      包含顺子: False, 顺子长度: 0
      策略类型: discard
    样本104:
      卡牌: ['R', 'DA']
      点数分布: {12: 1}
      排序后点数: [12]
      包含顺子: False, 顺子长度: 0
      策略类型: follow
    样本107:
      卡牌: ['S9', 'DA']
      点数分布: {7: 1, 12: 1}
      排序后点数: [7, 12]
      包含顺子: False, 顺子长度: 0
      策略类型: follow

  3张卡牌: 117个样本
    样本96:
      卡牌: ['S2', 'C2', 'DA']
      点数分布: {0: 2, 12: 1}
      排序后点数: [0, 12]
      包含顺子: False, 顺子长度: 0
      策略类型: follow
    样本99:
      卡牌: ['H3', 'C3', 'DA']
      点数分布: {1: 2, 12: 1}
      排序后点数: [1, 12]
      包含顺子: False, 顺子长度: 0
      策略类型: follow
    样本100:
      卡牌: ['S5', 'H5', 'DA']
      点数分布: {3: 2, 12: 1}
      排序后点数: [3, 12]
      包含顺子: False, 顺子长度: 0
      策略类型: follow
    样本101:
      卡牌: ['S6', 'H6', 'DA']
      点数分布: {4: 2, 12: 1}
      排序后点数: [4, 12]
      包含顺子: False, 顺子长度: 0
      策略类型: follow
    样本105:
      卡牌: ['S3', 'S3', 'DA']
      点数分布: {1: 2, 12: 1}
      排序后点数: [1, 12]
      包含顺子: False, 顺子长度: 0
      策略类型: follow

  4张卡牌: 18个样本
    样本202:
      卡牌: ['H5', 'C5', 'D5', 'D2']
      点数分布: {3: 3, 0: 1}
      排序后点数: [0, 3]
      包含顺子: False, 顺子长度: 0
      策略类型: follow
    样本295:
      卡牌: ['S2', 'H2', 'D2', 'D0']
      点数分布: {0: 3}
      排序后点数: [0]
      包含顺子: False, 顺子长度: 0
      策略类型: follow
    样本301:
      卡牌: ['SJ', 'HJ', 'HJ', 'DA']
      点数分布: {9: 3, 12: 1}
      排序后点数: [9, 12]
      包含顺子: False, 顺子长度: 0
      策略类型: follow
    样本423:
      卡牌: ['SJ', 'SJ', 'HJ', 'DA']
      点数分布: {9: 3, 12: 1}
      排序后点数: [9, 12]
      包含顺子: False, 顺子长度: 0
      策略类型: follow
    样本435:
      卡牌: ['S4', 'H4', 'C4', 'DA']
      点数分布: {2: 3, 12: 1}
      排序后点数: [2, 12]
      包含顺子: False, 顺子长度: 0
      策略类型: follow

  5张卡牌: 82个样本
    样本2:
      卡牌: ['HT', 'SJ', 'SQ', 'HA', 'DA']
      点数分布: {8: 1, 9: 1, 10: 1, 12: 2}
      排序后点数: [8, 9, 10, 12]
      包含顺子: False, 顺子长度: 0
      策略类型: group
    样本23:
      卡牌: ['H8', 'S9', 'HA', 'SJ', 'SQ']
      点数分布: {6: 1, 7: 1, 12: 1, 9: 1, 10: 1}
      排序后点数: [6, 7, 9, 10, 12]
      包含顺子: False, 顺子长度: 0
      策略类型: group
    样本44:
      卡牌: ['S6', 'D7', 'S8', 'S9', 'HA']
      点数分布: {4: 1, 5: 1, 6: 1, 7: 1, 12: 1}
      排序后点数: [4, 5, 6, 7, 12]
      包含顺子: False, 顺子长度: 0
      策略类型: group
    样本46:
      卡牌: ['DA', 'H2', 'H3', 'D4', 'S5']
      点数分布: {12: 1, 0: 1, 1: 1, 2: 1, 3: 1}
      排序后点数: [0, 1, 2, 3, 12]
      包含顺子: False, 顺子长度: 0
      策略类型: group
    样本124:
      卡牌: ['H7', 'C7', 'D7', 'D7', 'DA']
      点数分布: {5: 4, 12: 1}
      排序后点数: [5, 12]
      包含顺子: False, 顺子长度: 0
      策略类型: follow

  6张卡牌: 139个样本
    样本95:
      卡牌: ['CT', 'C9', 'C8', 'S7', 'D6', 'DA']
      点数分布: {8: 1, 7: 1, 6: 1, 5: 1, 4: 1, 12: 1}
      排序后点数: [4, 5, 6, 7, 8, 12]
      包含顺子: True, 顺子长度: 5
      策略类型: follow
    样本97:
      卡牌: ['D9', 'D8', 'D7', 'D6', 'D5', 'DA']
      点数分布: {7: 1, 6: 1, 5: 1, 4: 1, 3: 1, 12: 1}
      排序后点数: [3, 4, 5, 6, 7, 12]
      包含顺子: True, 顺子长度: 5
      策略类型: follow
    样本109:
      卡牌: ['HQ', 'HJ', 'HT', 'H9', 'H8', 'DA']
      点数分布: {10: 1, 9: 1, 8: 1, 7: 1, 6: 1, 12: 1}
      排序后点数: [6, 7, 8, 9, 10, 12]
      包含顺子: True, 顺子长度: 5
      策略类型: follow
    样本112:
      卡牌: ['DA', 'DK', 'DQ', 'DJ', 'DT', 'DA']
      点数分布: {12: 2, 11: 1, 10: 1, 9: 1, 8: 1}
      排序后点数: [8, 9, 10, 11, 12]
      包含顺子: True, 顺子长度: 5
      策略类型: follow
    样本126:
      卡牌: ['D6', 'S5', 'D4', 'C3', 'H2', 'DA']
      点数分布: {4: 1, 3: 1, 2: 1, 1: 1, 0: 1, 12: 1}
      排序后点数: [0, 1, 2, 3, 4, 12]
      包含顺子: True, 顺子长度: 5
      策略类型: discard

  7张卡牌: 22个样本
    样本115:
      卡牌: ['H5', 'C5', 'C4', 'C4', 'H3', 'C3', 'DA']
      点数分布: {3: 2, 2: 2, 1: 2, 12: 1}
      排序后点数: [1, 2, 3, 12]
      包含顺子: False, 顺子长度: 0
      策略类型: discard
    样本116:
      卡牌: ['SQ', 'CQ', 'CJ', 'DJ', 'ST', 'HT', 'DA']
      点数分布: {10: 2, 9: 2, 8: 2, 12: 1}
      排序后点数: [8, 9, 10, 12]
      包含顺子: False, 顺子长度: 0
      策略类型: follow
    样本138:
      卡牌: ['S9', 'S9', 'S8', 'C8', 'H7', 'D7', 'DA']
      点数分布: {7: 2, 6: 2, 5: 2, 12: 1}
      排序后点数: [5, 6, 7, 12]
      包含顺子: False, 顺子长度: 0
      策略类型: follow
    样本186:
      卡牌: ['H7', 'H7', 'C6', 'D6', 'S5', 'D5', 'DA']
      点数分布: {5: 2, 4: 2, 3: 2, 12: 1}
      排序后点数: [3, 4, 5, 12]
      包含顺子: False, 顺子长度: 0
      策略类型: follow
    样本208:
      卡牌: ['S3', 'D3', 'S2', 'H2', 'HA', 'DA', 'DA']
      点数分布: {1: 2, 0: 2, 12: 3}
      排序后点数: [0, 1, 12]
      包含顺子: False, 顺子长度: 0
      策略类型: follow

包含顺子的Complex样本: 62个 (9.7%)

前10个包含顺子的Complex样本：
  样本95: 6张卡牌
    卡牌: ['CT', 'C9', 'C8', 'S7', 'D6', 'DA']
    点数分布: {8: 1, 7: 1, 6: 1, 5: 1, 4: 1, 12: 1}
    顺子长度: 5
    策略类型: follow
  样本97: 6张卡牌
    卡牌: ['D9', 'D8', 'D7', 'D6', 'D5', 'DA']
    点数分布: {7: 1, 6: 1, 5: 1, 4: 1, 3: 1, 12: 1}
    顺子长度: 5
    策略类型: follow
  样本109: 6张卡牌
    卡牌: ['HQ', 'HJ', 'HT', 'H9', 'H8', 'DA']
    点数分布: {10: 1, 9: 1, 8: 1, 7: 1, 6: 1, 12: 1}
    顺子长度: 5
    策略类型: follow
  样本112: 6张卡牌
    卡牌: ['DA', 'DK', 'DQ', 'DJ', 'DT', 'DA']
    点数分布: {12: 2, 11: 1, 10: 1, 9: 1, 8: 1}
    顺子长度: 5
    策略类型: follow
  样本126: 6张卡牌
    卡牌: ['D6', 'S5', 'D4', 'C3', 'H2', 'DA']
    点数分布: {4: 1, 3: 1, 2: 1, 1: 1, 0: 1, 12: 1}
    顺子长度: 5
    策略类型: discard
  样本130: 6张卡牌
    卡牌: ['D9', 'D8', 'C7', 'C6', 'C5', 'DA']
    点数分布: {7: 1, 6: 1, 5: 1, 4: 1, 3: 1, 12: 1}
    顺子长度: 5
    策略类型: follow
  样本141: 6张卡牌
    卡牌: ['HA', 'HK', 'DQ', 'HJ', 'ST', 'DA']
    点数分布: {12: 2, 11: 1, 10: 1, 9: 1, 8: 1}
    顺子长度: 5
    策略类型: follow
  样本147: 6张卡牌
    卡牌: ['DJ', 'CT', 'S9', 'D8', 'C7', 'D2']
    点数分布: {9: 1, 8: 1, 7: 1, 6: 1, 5: 1, 0: 1}
    顺子长度: 5
    策略类型: follow
  样本149: 6张卡牌
    卡牌: ['HQ', 'HJ', 'HT', 'H9', 'H8', 'D2']
    点数分布: {10: 1, 9: 1, 8: 1, 7: 1, 6: 1, 0: 1}
    顺子长度: 5
    策略类型: follow
  样本164: 6张卡牌
    卡牌: ['C7', 'C6', 'C5', 'C4', 'C3', 'D0']
    点数分布: {5: 1, 4: 1, 3: 1, 2: 1, 1: 1}
    顺子长度: 5
    策略类型: follow
