============================================================
评估模型在训练数据上的原始表现
============================================================

使用设备: cpu
模型加载成功

加载训练数据...
使用 796 个训练样本

总体表现（使用最优阈值）:
  总样本数: 796
  总卡牌数: 2500.0
  正确卡牌数: 1402.0
  卡牌级别准确率: 56.08%
  完全匹配准确率: 4.02%

概率分布分析（原始输出，无缩放）:
  正样本概率:
    平均值: 0.3276
    中位数: 0.1095
    最大值: 0.9837
    最小值: 0.0175
    标准差: 0.3799
  负样本概率:
    平均值: 0.0093
    中位数: 0.0002
    最大值: 0.9542
    最小值: 0.0000
    标准差: 0.0330
  差异:
    平均差异: 0.3183
    差异倍数: 35.31倍

按卡牌数量分析:
  0张卡牌: 41个样本, 卡牌准确率=0.00%, 完全匹配=0.00%, 正样本平均概率=0.0000, 负样本平均概率=0.0175
  1张卡牌: 27个样本, 卡牌准确率=74.07%, 完全匹配=0.00%, 正样本平均概率=0.2824, 负样本平均概率=0.0221
  2张卡牌: 339个样本, 卡牌准确率=72.42%, 完全匹配=9.44%, 正样本平均概率=0.5032, 负样本平均概率=0.0083
  3张卡牌: 111个样本, 卡牌准确率=56.76%, 完全匹配=0.00%, 正样本平均概率=0.3576, 负样本平均概率=0.0084
  4张卡牌: 74个样本, 卡牌准确率=48.99%, 完全匹配=0.00%, 正样本平均概率=0.2886, 负样本平均概率=0.0088
  5张卡牌: 69个样本, 卡牌准确率=44.93%, 完全匹配=0.00%, 正样本平均概率=0.2407, 负样本平均概率=0.0082
  6张卡牌: 124个样本, 卡牌准确率=50.81%, 完全匹配=0.00%, 正样本平均概率=0.2249, 负样本平均概率=0.0083
  7张卡牌: 11个样本, 卡牌准确率=31.17%, 完全匹配=0.00%, 正样本平均概率=0.1983, 负样本平均概率=0.0066

错误样本分析（卡牌准确率<95%）: 515个
前10个:
  1. 样本5: 真实=1张, 预测=1张, 准确率=0.0%, 最优阈值=0.50, 正样本平均概率=0.0180, 负样本平均概率=0.0164
  2. 样本12: 真实=1张, 预测=1张, 准确率=0.0%, 最优阈值=0.50, 正样本平均概率=0.0175, 负样本平均概率=0.0174
  3. 样本14: 真实=1张, 预测=1张, 准确率=0.0%, 最优阈值=0.50, 正样本平均概率=0.0175, 负样本平均概率=0.0174
  4. 样本24: 真实=3张, 预测=20张, 准确率=33.3%, 最优阈值=0.10, 正样本平均概率=0.0959, 负样本平均概率=0.0114
  5. 样本31: 真实=2张, 预测=42张, 准确率=50.0%, 最优阈值=0.10, 正样本平均概率=0.1035, 负样本平均概率=0.0135
  6. 样本39: 真实=3张, 预测=38张, 准确率=33.3%, 最优阈值=0.10, 正样本平均概率=0.1122, 负样本平均概率=0.0127
  7. 样本56: 真实=4张, 预测=49张, 准确率=75.0%, 最优阈值=0.10, 正样本平均概率=0.1268, 负样本平均概率=0.0137
  8. 样本58: 真实=1张, 预测=1张, 准确率=0.0%, 最优阈值=0.50, 正样本平均概率=0.0188, 负样本平均概率=0.0180
  9. 样本59: 真实=3张, 预测=43张, 准确率=66.7%, 最优阈值=0.10, 正样本平均概率=0.1047, 负样本平均概率=0.0134
  10. 样本65: 真实=1张, 预测=1张, 准确率=0.0%, 最优阈值=0.50, 正样本平均概率=0.0250, 负样本平均概率=0.0208

结论:
  ❌ 模型识别训练数据中的卡牌准确率较低（<95%），需要进一步训练
  ⚠️ 正样本平均概率中等（0.3276），可能需要调整阈值
