================================================================================
完全匹配准确率问题分析
================================================================================
模型路径: models/bc_model_stage5_optimized.pth
数据目录: game_records
分析样本数: 500

加载模型...
✓ 模型加载完成

加载数据...
Traceback (most recent call last):
  File "D:\guandanscore\YiFeiAI-GD\analyze_exact_match_issue.py", line 293, in <module>
    analyze_exact_match_issue(
    ~~~~~~~~~~~~~~~~~~~~~~~~~^
        model_path="models/bc_model_stage5_optimized.pth",
        ^^^^^^^^^^^^^^^^^^^^^^^^^^^^^^^^^^^^^^^^^^^^^^^^^^
        data_dir="game_records",
        ^^^^^^^^^^^^^^^^^^^^^^^^
        max_samples=500
        ^^^^^^^^^^^^^^^
    )
    ^
  File "D:\guandanscore\YiFeiAI-GD\analyze_exact_match_issue.py", line 56, in analyze_exact_match_issue
    data = parser.parse_all_replays(max_samples=max_samples)
           ^^^^^^^^^^^^^^^^^^^^^^^^
AttributeError: 'ReplayParser' object has no attribute 'parse_all_replays'
