================================================================================
完全匹配准确率问题分析
================================================================================
模型路径: models/bc_model_stage5_optimized.pth
数据目录: game_records
分析样本数: 500

加载模型...
✓ 模型加载完成

加载数据...
✓ 数据加载完成，共 500 个样本

================================================================================
预测分布分析
================================================================================
总样本数: 500
完全匹配样本数: 4
完全匹配准确率: 0.80%

预测分布:
  exact_match: 4 (0.80%)
  predict_more: 483 (96.60%)
  predict_less: 5 (1.00%)
  predict_same_count_but_wrong: 8 (1.60%)

平均真实卡牌数: 1.23 张
平均预测卡牌数: 9.77 张
差异: 8.54 张

================================================================================
预测过多样本示例（前5个）
================================================================================

样本 1:
  真实卡牌数: 1.0 张
  预测卡牌数: 28.0 张
  多预测: 27.0 张
  真实卡牌索引: 20
  预测卡牌索引: [0, 1, 2, 3, 4, 5, 6, 7, 8, 16, 17, 18, 19, 20, 22, 23, 27, 30, 33, 34, 35, 38, 42, 47, 48, 49, 50, 57]
  重叠卡牌: 1/1 (100.0%)
  重叠索引: [20]

样本 2:
  真实卡牌数: 1.0 张
  预测卡牌数: 19.0 张
  多预测: 18.0 张
  真实卡牌索引: 20
  预测卡牌索引: [0, 1, 2, 3, 4, 5, 6, 8, 16, 17, 18, 19, 20, 27, 33, 34, 42, 48, 50]
  重叠卡牌: 1/1 (100.0%)
  重叠索引: [20]

样本 3:
  真实卡牌数: 1.0 张
  预测卡牌数: 19.0 张
  多预测: 18.0 张
  真实卡牌索引: 40
  预测卡牌索引: [1, 2, 3, 4, 5, 6, 8, 16, 17, 18, 19, 20, 22, 27, 33, 34, 42, 48, 50]
  重叠卡牌: 0/1 (0.0%)
  重叠索引: []

样本 4:
  真实卡牌数: 1.0 张
  预测卡牌数: 27.0 张
  多预测: 26.0 张
  真实卡牌索引: 29
  预测卡牌索引: [0, 1, 2, 3, 4, 5, 6, 7, 8, 16, 17, 18, 19, 20, 22, 23, 27, 31, 33, 34, 35, 38, 42, 47, 48, 49, 50]
  重叠卡牌: 0/1 (0.0%)
  重叠索引: []

样本 5:
  真实卡牌数: 5.0 张
  预测卡牌数: 22.0 张
  多预测: 17.0 张
  真实卡牌索引: [3, 17, 30, 42, 46]
  预测卡牌索引: [0, 1, 2, 3, 4, 5, 6, 8, 16, 17, 18, 19, 20, 27, 31, 33, 34, 42, 46, 48, 49, 50]
  重叠卡牌: 4/5 (80.0%)
  重叠索引: [17, 42, 3, 46]

================================================================================
预测过少样本示例（前5个）
================================================================================

样本 1:
  真实卡牌数: 5.0 张
  预测卡牌数: 3.0 张
  少预测: 2.0 张
  真实卡牌索引: [4, 19, 40, 49, 55]
  预测卡牌索引: [4, 33, 57]
  重叠卡牌: 1/5 (20.0%)
  缺失卡牌: [40, 49, 19, 55]

样本 2:
  真实卡牌数: 3.0 张
  预测卡牌数: 2.0 张
  少预测: 1.0 张
  真实卡牌索引: [9, 31, 54]
  预测卡牌索引: [22, 57]
  重叠卡牌: 0/3 (0.0%)
  缺失卡牌: [9, 54, 31]

样本 3:
  真实卡牌数: 5.0 张
  预测卡牌数: 4.0 张
  少预测: 1.0 张
  真实卡牌索引: [2, 6, 17, 32, 36]
  预测卡牌索引: [2, 4, 6, 27]
  重叠卡牌: 2/5 (40.0%)
  缺失卡牌: [32, 17, 36]

样本 4:
  真实卡牌数: 5.0 张
  预测卡牌数: 2.0 张
  少预测: 3.0 张
  真实卡牌索引: [22, 24, 25, 41, 53]
  预测卡牌索引: [8, 57]
  重叠卡牌: 0/5 (0.0%)
  缺失卡牌: [41, 53, 22, 24, 25]

样本 5:
  真实卡牌数: 6.0 张
  预测卡牌数: 2.0 张
  少预测: 4.0 张
  真实卡牌索引: [9, 11, 39, 40, 41, 55]
  预测卡牌索引: [27, 33]
  重叠卡牌: 0/6 (0.0%)
  缺失卡牌: [39, 40, 9, 41, 11, 55]

================================================================================
概率分布分析
================================================================================
原始概率统计:
  平均值: 0.005938
  中位数: 0.000776
  最大值: 0.966906
  概率>0.1的比例: 0.57%
  概率>0.3的比例: 0.10%

缩放后概率统计 (缩放因子=5.0):
  平均值: 0.028572
  中位数: 0.003878
  最大值: 1.000000
  概率>0.3的比例: 1.91%
  概率=1.0的比例: 0.18%

================================================================================
优化建议
================================================================================
主要问题: 预测过多
建议:
1. 提高预测阈值（从0.3提高到0.5或0.6）
2. 降低缩放因子（从5.0降低到3.0或4.0）
3. 增强预测数量惩罚权重（在损失函数中）
4. 使用Top-K约束，只预测前K个高概率卡牌

注意: 8 个样本预测数量正确但卡牌组合错误
这需要改进模型的特征提取和卡牌组合理解能力

================================================================================
