================================================================================
完全匹配准确率问题分析
================================================================================
模型路径: models/bc_model_stage5_final_optimized.pth
数据目录: game_records
分析样本数: 500

加载模型...
✓ 模型加载完成

加载数据...
✓ 数据加载完成，共 500 个样本

================================================================================
预测分布分析
================================================================================
总样本数: 500
完全匹配样本数: 206
完全匹配准确率: 41.20%

预测分布:
  exact_match: 206 (41.20%)
  predict_more: 294 (58.80%)
  predict_less: 0 (0.00%)
  predict_same_count_but_wrong: 0 (0.00%)

平均真实卡牌数: 1.23 张
平均预测卡牌数: 4.72 张
差异: 3.48 张

================================================================================
预测过多样本示例（前5个）
================================================================================

样本 1:
  真实卡牌数: 1.0 张
  预测卡牌数: 12.0 张
  多预测: 11.0 张
  真实卡牌索引: 20
  预测卡牌索引: [6, 7, 8, 9, 17, 20, 21, 27, 37, 38, 48, 51]
  重叠卡牌: 1/1 (100.0%)
  重叠索引: [20]

样本 2:
  真实卡牌数: 1.0 张
  预测卡牌数: 5.0 张
  多预测: 4.0 张
  真实卡牌索引: 20
  预测卡牌索引: [9, 20, 29, 38, 40]
  重叠卡牌: 1/1 (100.0%)
  重叠索引: [20]

样本 3:
  真实卡牌数: 1.0 张
  预测卡牌数: 5.0 张
  多预测: 4.0 张
  真实卡牌索引: 40
  预测卡牌索引: [8, 9, 25, 40, 55]
  重叠卡牌: 1/1 (100.0%)
  重叠索引: [40]

样本 4:
  真实卡牌数: 1.0 张
  预测卡牌数: 8.0 张
  多预测: 7.0 张
  真实卡牌索引: 29
  预测卡牌索引: [2, 3, 4, 6, 13, 17, 27, 29]
  重叠卡牌: 1/1 (100.0%)
  重叠索引: [29]

样本 5:
  真实卡牌数: 5.0 张
  预测卡牌数: 18.0 张
  多预测: 13.0 张
  真实卡牌索引: [3, 17, 30, 42, 46]
  预测卡牌索引: [0, 1, 2, 3, 12, 16, 17, 27, 30, 31, 32, 33, 42, 45, 46, 47, 48, 57]
  重叠卡牌: 5/5 (100.0%)
  重叠索引: [3, 42, 46, 17, 30]

================================================================================
概率分布分析
================================================================================
原始概率统计:
  平均值: 0.003554
  中位数: 0.000001
  最大值: 0.985058
  概率>0.1的比例: 0.73%
  概率>0.3的比例: 0.39%

缩放后概率统计 (缩放因子=5.0):
  平均值: 0.010040
  中位数: 0.000006
  最大值: 1.000000
  概率>0.3的比例: 0.92%
  概率=1.0的比例: 0.50%

================================================================================
优化建议
================================================================================
主要问题: 预测过多
建议:
1. 提高预测阈值（从0.3提高到0.5或0.6）
2. 降低缩放因子（从5.0降低到3.0或4.0）
3. 增强预测数量惩罚权重（在损失函数中）
4. 使用Top-K约束，只预测前K个高概率卡牌

================================================================================
