============================================================
分析模型输出概率分布
============================================================

概率分布统计:
  总概率值数量: 407552
  正样本概率值数量: 2500
  负样本概率值数量: 405052

所有概率值统计:
  平均值: 0.023174
  中位数: 0.011482
  最大值: 0.995529
  最小值: 0.000203
  标准差: 0.049902

正样本概率值统计（真实应该预测的卡牌）:
  平均值: 0.323835
  中位数: 0.096385
  最大值: 0.995529
  最小值: 0.010567
  标准差: 0.397125

负样本概率值统计（真实不应该预测的卡牌）:
  平均值: 0.021318
  中位数: 0.011347
  最大值: 0.986856
  最小值: 0.000203
  标准差: 0.031158

概率分布分析:
  正样本平均概率: 0.323835
  负样本平均概率: 0.021318
  差异: 0.302517
  差异倍数: 15.19

不同阈值下的预测效果（无缩放）:
  阈值=0.01: 召回率=100.00%, 精确率=1.14%, F1=2.26%
  阈值=0.05: 召回率=77.72%, 精确率=4.88%, F1=9.18%
  阈值=0.10: 召回率=48.68%, 精确率=10.74%, F1=17.60%
  阈值=0.20: 召回率=30.84%, 精确率=48.77%, F1=37.78%
  阈值=0.30: 召回率=27.68%, 精确率=72.38%, F1=40.05%
  阈值=0.40: 召回率=27.12%, 精确率=85.18%, F1=41.14%
  阈值=0.50: 召回率=27.12%, 精确率=85.18%, F1=41.14%
  阈值=0.60: 召回率=27.12%, 精确率=85.18%, F1=41.14%
  阈值=0.70: 召回率=27.12%, 精确率=85.18%, F1=41.14%
  阈值=0.80: 召回率=27.12%, 精确率=85.18%, F1=41.14%
  阈值=0.90: 召回率=27.12%, 精确率=85.93%, F1=41.23%

改进建议:

✅ 最优阈值（无缩放，最大化F1）: 0.330
   F1分数: 41.30%
