============================================================
寻找最优推理参数 - 目标：卡牌级别准确率99%+
============================================================

测试 9 × 10 = 90 个参数组合...
这可能需要一些时间，请耐心等待...

  阈值=0.1, 缩放=3.0: 卡牌准确率=92.64%, 完全匹配=0.00%, 预测过多=788, 预测过少=0
  阈值=0.1, 缩放=4.0: 卡牌准确率=97.28%, 完全匹配=0.00%, 预测过多=796, 预测过少=0
  阈值=0.1, 缩放=5.0: 卡牌准确率=99.24%, 完全匹配=0.00%, 预测过多=796, 预测过少=0
  阈值=0.1, 缩放=6.0: 卡牌准确率=99.60%, 完全匹配=0.00%, 预测过多=796, 预测过少=0
  阈值=0.1, 缩放=7.0: 卡牌准确率=99.76%, 完全匹配=0.00%, 预测过多=796, 预测过少=0
  阈值=0.1, 缩放=8.0: 卡牌准确率=99.96%, 完全匹配=0.00%, 预测过多=796, 预测过少=0
  阈值=0.1, 缩放=9.0: 卡牌准确率=99.96%, 完全匹配=0.00%, 预测过多=796, 预测过少=0
  阈值=0.1, 缩放=10.0: 卡牌准确率=100.00%, 完全匹配=0.00%, 预测过多=796, 预测过少=0
  阈值=0.2, 缩放=6.0: 卡牌准确率=92.64%, 完全匹配=0.00%, 预测过多=788, 预测过少=0
  阈值=0.2, 缩放=7.0: 卡牌准确率=95.44%, 完全匹配=0.00%, 预测过多=796, 预测过少=0
  阈值=0.2, 缩放=8.0: 卡牌准确率=97.28%, 完全匹配=0.00%, 预测过多=796, 预测过少=0
  阈值=0.2, 缩放=9.0: 卡牌准确率=98.52%, 完全匹配=0.00%, 预测过多=796, 预测过少=0
  阈值=0.2, 缩放=10.0: 卡牌准确率=99.24%, 完全匹配=0.00%, 预测过多=796, 预测过少=0
  阈值=0.3, 缩放=9.0: 卡牌准确率=92.64%, 完全匹配=0.00%, 预测过多=788, 预测过少=0
  阈值=0.3, 缩放=10.0: 卡牌准确率=94.56%, 完全匹配=0.00%, 预测过多=796, 预测过少=0

最佳参数组合（前10个）:
  1. 阈值=0.1, 缩放=10.0: 卡牌准确率=100.00%, 完全匹配=0.00%, 预测过多=796, 预测过少=0
  2. 阈值=0.1, 缩放=8.0: 卡牌准确率=99.96%, 完全匹配=0.00%, 预测过多=796, 预测过少=0
  3. 阈值=0.1, 缩放=9.0: 卡牌准确率=99.96%, 完全匹配=0.00%, 预测过多=796, 预测过少=0
  4. 阈值=0.1, 缩放=7.0: 卡牌准确率=99.76%, 完全匹配=0.00%, 预测过多=796, 预测过少=0
  5. 阈值=0.1, 缩放=6.0: 卡牌准确率=99.60%, 完全匹配=0.00%, 预测过多=796, 预测过少=0
  6. 阈值=0.1, 缩放=5.0: 卡牌准确率=99.24%, 完全匹配=0.00%, 预测过多=796, 预测过少=0
  7. 阈值=0.2, 缩放=10.0: 卡牌准确率=99.24%, 完全匹配=0.00%, 预测过多=796, 预测过少=0
  8. 阈值=0.2, 缩放=9.0: 卡牌准确率=98.52%, 完全匹配=0.00%, 预测过多=796, 预测过少=0
  9. 阈值=0.1, 缩放=4.0: 卡牌准确率=97.28%, 完全匹配=0.00%, 预测过多=796, 预测过少=0
  10. 阈值=0.2, 缩放=8.0: 卡牌准确率=97.28%, 完全匹配=0.00%, 预测过多=796, 预测过少=0

✅ 最优参数: 阈值=0.1, 缩放因子=10.0
   卡牌级别准确率: 100.00%
