================================================================================
阶段5模型训练 - 超优化版（进一步解决预测过多问题）
================================================================================
随机种子: 42
使用设备: CPU
================================================================================

[超优化配置]
1. 动作预测权重: 3.0 (主任务)
2. 策略分类权重: 0.3 (辅助任务)
3. 预测数量惩罚权重: 3.0 (从2.0进一步增加)
4. L1损失权重: 0.5 (从0.3进一步增加)
5. 阶段5任务: 禁用，专注于主任务
6. 数据量: 15000样本 (从10000增加)
7. 训练轮数: 60 epochs (从50增加)

[关键改进]
- 预测数量惩罚权重从2.0增加到3.0，更严格约束预测过多
- L1损失权重从0.3增加到0.5，更有效约束预测数量偏差
- 增加数据量到15000样本，提供更多学习样本
- 增加训练轮数到60 epochs，充分学习

[注意] 需要在pretrain.py中修改以下参数：
  - over_predict_penalty权重: 2.0 → 3.0
  - prediction_count_loss权重: 0.3 → 0.5

Starting Behavior Cloning Pre-training...
Data directory: game_records
Epochs: 60, Batch size: 64, Learning rate: 0.0003
[最优配置] 学习率衰减: StepLR(step_size=10, gamma=0.5), 损失函数: 加权BCE(pos_weight=2.0)
[阶段2多任务学习] 策略分类头: 启用, 损失权重: α=3.0, β=0.3
Loaded 20545 samples.
Limited to 15000 samples for testing.
[阶段3任务2.6方案D] 课程学习：禁用
[警告] 强制使用CPU训练（FORCE_CPU=1）
Using device: cpu
Model: ImprovedGuandanPolicyNet, input_dim=512, hidden_dim=256, output_dim=512, dropout_rate=0.1, strategy_head=True, attention_heads=8 (阶段4：注意力机制 + 残差连接)
[阶段3任务2.5回退] 使用加权BCE Loss (pos_weight=2.0)，恢复任务1配置
[阶段0方案D] 使用改进的损失函数（预测数量惩罚 + 加权BCE + Top-K损失）
Epoch 1/60:
  Loss - Total: 80.7977, Action: 26.9246, Strategy: 0.0013, LR: 0.000300
  Action Accuracy - Exact: 0.00%, Card: 60.20%
  Strategy Accuracy - Overall: 97.80%, Understanding Rate: 0.00%
  Strategy Accuracy by Class - bomb: 6.06%, suppress: 54.81%, group: 7.04%, follow: 99.60%, discard: 92.70%
Epoch 2/60:
  Loss - Total: 2.7445, Action: 0.9136, Strategy: 0.0002, LR: 0.000300
  Action Accuracy - Exact: 0.00%, Card: 91.39%
  Strategy Accuracy - Overall: 99.57%, Understanding Rate: 0.00%
  Strategy Accuracy by Class - bomb: 27.27%, suppress: 94.81%, group: 73.24%, follow: 99.97%, discard: 99.47%
Epoch 3/60:
  Loss - Total: 2.8026, Action: 0.9339, Strategy: 0.0000, LR: 0.000299
  Action Accuracy - Exact: 0.00%, Card: 91.61%
  Strategy Accuracy - Overall: 99.92%, Understanding Rate: 0.00%
  Strategy Accuracy by Class - bomb: 75.76%, suppress: 100.00%, group: 94.37%, follow: 100.00%, discard: 100.00%
Epoch 4/60:
  Loss - Total: 3.4448, Action: 1.1482, Strategy: 0.0000, LR: 0.000298
  Action Accuracy - Exact: 0.00%, Card: 91.90%
  Strategy Accuracy - Overall: 99.99%, Understanding Rate: 0.00%
  Strategy Accuracy by Class - bomb: 100.00%, suppress: 100.00%, group: 98.59%, follow: 100.00%, discard: 100.00%
Epoch 5/60:
  Loss - Total: 3.5726, Action: 1.1908, Strategy: 0.0000, LR: 0.000297
  Action Accuracy - Exact: 0.00%, Card: 92.07%
  Strategy Accuracy - Overall: 99.99%, Understanding Rate: 0.00%
  Strategy Accuracy by Class - bomb: 100.00%, suppress: 100.00%, group: 100.00%, follow: 100.00%, discard: 99.93%
Epoch 6/60:
  Loss - Total: 3.5619, Action: 1.1872, Strategy: 0.0000, LR: 0.000295
  Action Accuracy - Exact: 0.00%, Card: 92.41%
  Strategy Accuracy - Overall: 99.97%, Understanding Rate: 0.00%
  Strategy Accuracy by Class - bomb: 100.00%, suppress: 100.00%, group: 98.59%, follow: 99.99%, discard: 99.87%
Epoch 7/60:
  Loss - Total: 3.4466, Action: 1.1488, Strategy: 0.0000, LR: 0.000293
  Action Accuracy - Exact: 0.00%, Card: 93.01%
  Strategy Accuracy - Overall: 100.00%, Understanding Rate: 0.00%
  Strategy Accuracy by Class - bomb: 100.00%, suppress: 100.00%, group: 100.00%, follow: 100.00%, discard: 100.00%
Epoch 8/60:
  Loss - Total: 3.3304, Action: 1.1101, Strategy: 0.0000, LR: 0.000290
  Action Accuracy - Exact: 0.00%, Card: 93.89%
  Strategy Accuracy - Overall: 100.00%, Understanding Rate: 0.00%
  Strategy Accuracy by Class - bomb: 100.00%, suppress: 100.00%, group: 100.00%, follow: 100.00%, discard: 100.00%
Epoch 9/60:
  Loss - Total: 3.2983, Action: 1.0994, Strategy: 0.0000, LR: 0.000287
  Action Accuracy - Exact: 0.00%, Card: 94.73%
  Strategy Accuracy - Overall: 100.00%, Understanding Rate: 0.00%
  Strategy Accuracy by Class - bomb: 100.00%, suppress: 100.00%, group: 100.00%, follow: 100.00%, discard: 100.00%
Epoch 10/60:
  Loss - Total: 3.4260, Action: 1.1420, Strategy: 0.0000, LR: 0.000284
  Action Accuracy - Exact: 0.00%, Card: 95.41%
  Strategy Accuracy - Overall: 99.99%, Understanding Rate: 0.00%
  Strategy Accuracy by Class - bomb: 96.97%, suppress: 100.00%, group: 100.00%, follow: 99.99%, discard: 100.00%
  [Checkpoint] Model saved to models/bc_model_stage5_ultra_optimized_epoch_10.pth
Epoch 11/60:
  Loss - Total: 3.5746, Action: 1.1915, Strategy: 0.0000, LR: 0.000280
  Action Accuracy - Exact: 0.01%, Card: 95.90%
  Strategy Accuracy - Overall: 99.98%, Understanding Rate: 0.01%
  Strategy Accuracy by Class - bomb: 93.94%, suppress: 99.26%, group: 100.00%, follow: 100.00%, discard: 100.00%
Epoch 12/60:
  Loss - Total: 3.7235, Action: 1.2412, Strategy: 0.0000, LR: 0.000276
  Action Accuracy - Exact: 0.05%, Card: 96.36%
  Strategy Accuracy - Overall: 100.00%, Understanding Rate: 0.01%
  Strategy Accuracy by Class - bomb: 100.00%, suppress: 100.00%, group: 100.00%, follow: 100.00%, discard: 100.00%
Epoch 13/60:
  Loss - Total: 3.7848, Action: 1.2616, Strategy: 0.0000, LR: 0.000271
  Action Accuracy - Exact: 0.13%, Card: 96.68%
  Strategy Accuracy - Overall: 100.00%, Understanding Rate: 0.03%
  Strategy Accuracy by Class - bomb: 100.00%, suppress: 100.00%, group: 100.00%, follow: 100.00%, discard: 100.00%
Epoch 14/60:
  Loss - Total: 3.8190, Action: 1.2730, Strategy: 0.0000, LR: 0.000267
  Action Accuracy - Exact: 0.21%, Card: 96.96%
  Strategy Accuracy - Overall: 100.00%, Understanding Rate: 0.05%
  Strategy Accuracy by Class - bomb: 100.00%, suppress: 100.00%, group: 100.00%, follow: 100.00%, discard: 100.00%
Epoch 15/60:
  Loss - Total: 3.8360, Action: 1.2785, Strategy: 0.0000, LR: 0.000262
  Action Accuracy - Exact: 0.29%, Card: 97.13%
  Strategy Accuracy - Overall: 99.97%, Understanding Rate: 0.03%
  Strategy Accuracy by Class - bomb: 100.00%, suppress: 98.52%, group: 100.00%, follow: 99.98%, discard: 100.00%
Epoch 16/60:
  Loss - Total: 3.8330, Action: 1.2776, Strategy: 0.0000, LR: 0.000256
  Action Accuracy - Exact: 0.37%, Card: 97.34%
  Strategy Accuracy - Overall: 100.00%, Understanding Rate: 0.05%
  Strategy Accuracy by Class - bomb: 100.00%, suppress: 100.00%, group: 100.00%, follow: 100.00%, discard: 100.00%
Epoch 17/60:
  Loss - Total: 3.7973, Action: 1.2657, Strategy: 0.0000, LR: 0.000251
  Action Accuracy - Exact: 0.57%, Card: 97.50%
  Strategy Accuracy - Overall: 100.00%, Understanding Rate: 0.16%
  Strategy Accuracy by Class - bomb: 100.00%, suppress: 100.00%, group: 100.00%, follow: 100.00%, discard: 100.00%
Epoch 18/60:
  Loss - Total: 3.7750, Action: 1.2583, Strategy: 0.0000, LR: 0.000245
  Action Accuracy - Exact: 0.65%, Card: 97.64%
  Strategy Accuracy - Overall: 99.98%, Understanding Rate: 0.17%
  Strategy Accuracy by Class - bomb: 96.97%, suppress: 99.26%, group: 100.00%, follow: 100.00%, discard: 99.93%
Epoch 19/60:
  Loss - Total: 3.7312, Action: 1.2437, Strategy: 0.0000, LR: 0.000238
  Action Accuracy - Exact: 0.60%, Card: 97.73%
  Strategy Accuracy - Overall: 100.00%, Understanding Rate: 0.14%
  Strategy Accuracy by Class - bomb: 100.00%, suppress: 100.00%, group: 100.00%, follow: 100.00%, discard: 100.00%
Epoch 20/60:
  Loss - Total: 3.7252, Action: 1.2417, Strategy: 0.0000, LR: 0.000232
  Action Accuracy - Exact: 0.83%, Card: 97.83%
  Strategy Accuracy - Overall: 100.00%, Understanding Rate: 0.21%
  Strategy Accuracy by Class - bomb: 100.00%, suppress: 100.00%, group: 100.00%, follow: 100.00%, discard: 100.00%
  [Checkpoint] Model saved to models/bc_model_stage5_ultra_optimized_epoch_20.pth
Epoch 21/60:
  Loss - Total: 3.6897, Action: 1.2299, Strategy: 0.0000, LR: 0.000225
  Action Accuracy - Exact: 0.93%, Card: 97.93%
  Strategy Accuracy - Overall: 100.00%, Understanding Rate: 0.26%
  Strategy Accuracy by Class - bomb: 100.00%, suppress: 100.00%, group: 100.00%, follow: 100.00%, discard: 100.00%
Epoch 22/60:
  Loss - Total: 3.5882, Action: 1.1961, Strategy: 0.0000, LR: 0.000218
  Action Accuracy - Exact: 0.98%, Card: 98.02%
  Strategy Accuracy - Overall: 99.99%, Understanding Rate: 0.32%
  Strategy Accuracy by Class - bomb: 100.00%, suppress: 100.00%, group: 100.00%, follow: 100.00%, discard: 99.93%
Epoch 23/60:
  Loss - Total: 3.6242, Action: 1.2080, Strategy: 0.0000, LR: 0.000211
  Action Accuracy - Exact: 0.81%, Card: 98.07%
  Strategy Accuracy - Overall: 99.98%, Understanding Rate: 0.25%
  Strategy Accuracy by Class - bomb: 100.00%, suppress: 100.00%, group: 100.00%, follow: 99.98%, discard: 99.93%
Epoch 24/60:
  Loss - Total: 3.5907, Action: 1.1969, Strategy: 0.0000, LR: 0.000204
  Action Accuracy - Exact: 1.00%, Card: 98.14%
  Strategy Accuracy - Overall: 99.97%, Understanding Rate: 0.35%
  Strategy Accuracy by Class - bomb: 100.00%, suppress: 98.52%, group: 100.00%, follow: 99.98%, discard: 100.00%
Epoch 25/60:
  Loss - Total: 3.5343, Action: 1.1781, Strategy: 0.0000, LR: 0.000197
  Action Accuracy - Exact: 1.01%, Card: 98.20%
  Strategy Accuracy - Overall: 100.00%, Understanding Rate: 0.37%
  Strategy Accuracy by Class - bomb: 100.00%, suppress: 100.00%, group: 100.00%, follow: 100.00%, discard: 100.00%
Epoch 26/60:
  Loss - Total: 3.5290, Action: 1.1762, Strategy: 0.0000, LR: 0.000189
  Action Accuracy - Exact: 0.94%, Card: 98.26%
  Strategy Accuracy - Overall: 99.96%, Understanding Rate: 0.30%
  Strategy Accuracy by Class - bomb: 100.00%, suppress: 98.52%, group: 95.77%, follow: 100.00%, discard: 99.93%
Epoch 27/60:
  Loss - Total: 3.4707, Action: 1.1568, Strategy: 0.0000, LR: 0.000182
  Action Accuracy - Exact: 1.05%, Card: 98.32%
  Strategy Accuracy - Overall: 99.99%, Understanding Rate: 0.35%
  Strategy Accuracy by Class - bomb: 100.00%, suppress: 100.00%, group: 100.00%, follow: 99.99%, discard: 99.93%
Epoch 28/60:
  Loss - Total: 3.4180, Action: 1.1392, Strategy: 0.0000, LR: 0.000174
  Action Accuracy - Exact: 1.07%, Card: 98.34%
  Strategy Accuracy - Overall: 99.99%, Understanding Rate: 0.40%
  Strategy Accuracy by Class - bomb: 100.00%, suppress: 100.00%, group: 100.00%, follow: 99.99%, discard: 99.93%
Epoch 29/60:
  Loss - Total: 3.3866, Action: 1.1289, Strategy: 0.0000, LR: 0.000166
  Action Accuracy - Exact: 1.15%, Card: 98.41%
  Strategy Accuracy - Overall: 99.99%, Understanding Rate: 0.45%
  Strategy Accuracy by Class - bomb: 100.00%, suppress: 100.00%, group: 100.00%, follow: 100.00%, discard: 99.93%
Epoch 30/60:
  Loss - Total: 3.3320, Action: 1.1107, Strategy: 0.0000, LR: 0.000158
  Action Accuracy - Exact: 1.21%, Card: 98.44%
  Strategy Accuracy - Overall: 100.00%, Understanding Rate: 0.48%
  Strategy Accuracy by Class - bomb: 100.00%, suppress: 100.00%, group: 100.00%, follow: 100.00%, discard: 100.00%
  [Checkpoint] Model saved to models/bc_model_stage5_ultra_optimized_epoch_30.pth
Epoch 31/60:
  Loss - Total: 3.3777, Action: 1.1258, Strategy: 0.0000, LR: 0.000151
  Action Accuracy - Exact: 1.39%, Card: 98.45%
  Strategy Accuracy - Overall: 99.98%, Understanding Rate: 0.50%
  Strategy Accuracy by Class - bomb: 100.00%, suppress: 100.00%, group: 100.00%, follow: 99.99%, discard: 99.87%
Epoch 32/60:
  Loss - Total: 3.3176, Action: 1.1058, Strategy: 0.0000, LR: 0.000143
  Action Accuracy - Exact: 1.35%, Card: 98.49%
  Strategy Accuracy - Overall: 99.98%, Understanding Rate: 0.54%
  Strategy Accuracy by Class - bomb: 100.00%, suppress: 100.00%, group: 100.00%, follow: 99.98%, discard: 100.00%
Epoch 33/60:
  Loss - Total: 3.2879, Action: 1.0959, Strategy: 0.0000, LR: 0.000135
  Action Accuracy - Exact: 1.46%, Card: 98.54%
  Strategy Accuracy - Overall: 99.99%, Understanding Rate: 0.65%
  Strategy Accuracy by Class - bomb: 100.00%, suppress: 100.00%, group: 100.00%, follow: 99.99%, discard: 99.93%
Epoch 34/60:
  Loss - Total: 3.2526, Action: 1.0842, Strategy: 0.0000, LR: 0.000127
  Action Accuracy - Exact: 1.47%, Card: 98.57%
  Strategy Accuracy - Overall: 100.00%, Understanding Rate: 0.65%
  Strategy Accuracy by Class - bomb: 100.00%, suppress: 100.00%, group: 100.00%, follow: 100.00%, discard: 100.00%
Epoch 35/60:
  Loss - Total: 3.2196, Action: 1.0732, Strategy: 0.0000, LR: 0.000119
  Action Accuracy - Exact: 1.63%, Card: 98.59%
  Strategy Accuracy - Overall: 99.99%, Understanding Rate: 0.67%
  Strategy Accuracy by Class - bomb: 100.00%, suppress: 100.00%, group: 100.00%, follow: 99.99%, discard: 100.00%
Epoch 36/60:
  Loss - Total: 3.1817, Action: 1.0606, Strategy: 0.0000, LR: 0.000112
  Action Accuracy - Exact: 1.56%, Card: 98.62%
  Strategy Accuracy - Overall: 100.00%, Understanding Rate: 0.68%
  Strategy Accuracy by Class - bomb: 100.00%, suppress: 100.00%, group: 100.00%, follow: 100.00%, discard: 100.00%
Epoch 37/60:
  Loss - Total: 3.1775, Action: 1.0592, Strategy: 0.0000, LR: 0.000104
  Action Accuracy - Exact: 1.63%, Card: 98.64%
  Strategy Accuracy - Overall: 100.00%, Understanding Rate: 0.71%
  Strategy Accuracy by Class - bomb: 100.00%, suppress: 100.00%, group: 100.00%, follow: 100.00%, discard: 100.00%
Epoch 38/60:
  Loss - Total: 3.1503, Action: 1.0501, Strategy: 0.0000, LR: 0.000097
  Action Accuracy - Exact: 1.51%, Card: 98.66%
  Strategy Accuracy - Overall: 99.99%, Understanding Rate: 0.73%
  Strategy Accuracy by Class - bomb: 100.00%, suppress: 100.00%, group: 100.00%, follow: 100.00%, discard: 99.93%
Epoch 39/60:
  Loss - Total: 3.1240, Action: 1.0413, Strategy: 0.0000, LR: 0.000090
  Action Accuracy - Exact: 1.54%, Card: 98.67%
  Strategy Accuracy - Overall: 99.99%, Understanding Rate: 0.69%
  Strategy Accuracy by Class - bomb: 100.00%, suppress: 100.00%, group: 100.00%, follow: 99.99%, discard: 100.00%
Epoch 40/60:
  Loss - Total: 3.1441, Action: 1.0480, Strategy: 0.0000, LR: 0.000083
  Action Accuracy - Exact: 1.80%, Card: 98.70%
  Strategy Accuracy - Overall: 99.99%, Understanding Rate: 0.87%
  Strategy Accuracy by Class - bomb: 100.00%, suppress: 99.26%, group: 100.00%, follow: 100.00%, discard: 100.00%
  [Checkpoint] Model saved to models/bc_model_stage5_ultra_optimized_epoch_40.pth
Epoch 41/60:
  Loss - Total: 3.0697, Action: 1.0232, Strategy: 0.0000, LR: 0.000076
  Action Accuracy - Exact: 1.77%, Card: 98.72%
  Strategy Accuracy - Overall: 100.00%, Understanding Rate: 0.89%
  Strategy Accuracy by Class - bomb: 100.00%, suppress: 100.00%, group: 100.00%, follow: 100.00%, discard: 100.00%
Epoch 42/60:
  Loss - Total: 3.0542, Action: 1.0181, Strategy: 0.0000, LR: 0.000069
  Action Accuracy - Exact: 1.83%, Card: 98.73%
  Strategy Accuracy - Overall: 100.00%, Understanding Rate: 0.93%
  Strategy Accuracy by Class - bomb: 100.00%, suppress: 100.00%, group: 100.00%, follow: 100.00%, discard: 100.00%
Epoch 43/60:
  Loss - Total: 3.0383, Action: 1.0127, Strategy: 0.0000, LR: 0.000063
  Action Accuracy - Exact: 1.87%, Card: 98.74%
  Strategy Accuracy - Overall: 99.99%, Understanding Rate: 1.00%
  Strategy Accuracy by Class - bomb: 100.00%, suppress: 100.00%, group: 100.00%, follow: 100.00%, discard: 99.93%
Epoch 44/60:
  Loss - Total: 3.0114, Action: 1.0038, Strategy: 0.0000, LR: 0.000056
  Action Accuracy - Exact: 1.77%, Card: 98.76%
  Strategy Accuracy - Overall: 100.00%, Understanding Rate: 0.84%
  Strategy Accuracy by Class - bomb: 100.00%, suppress: 100.00%, group: 100.00%, follow: 100.00%, discard: 100.00%
Epoch 45/60:
  Loss - Total: 2.9896, Action: 0.9965, Strategy: 0.0000, LR: 0.000050
  Action Accuracy - Exact: 2.04%, Card: 98.77%
  Strategy Accuracy - Overall: 100.00%, Understanding Rate: 1.05%
  Strategy Accuracy by Class - bomb: 100.00%, suppress: 100.00%, group: 100.00%, follow: 100.00%, discard: 100.00%
Epoch 46/60:
  Loss - Total: 3.0072, Action: 1.0024, Strategy: 0.0000, LR: 0.000045
  Action Accuracy - Exact: 1.90%, Card: 98.78%
  Strategy Accuracy - Overall: 100.00%, Understanding Rate: 0.97%
  Strategy Accuracy by Class - bomb: 100.00%, suppress: 100.00%, group: 100.00%, follow: 100.00%, discard: 100.00%
Epoch 47/60:
  Loss - Total: 2.9810, Action: 0.9937, Strategy: 0.0000, LR: 0.000039
  Action Accuracy - Exact: 1.91%, Card: 98.78%
  Strategy Accuracy - Overall: 100.00%, Understanding Rate: 0.94%
  Strategy Accuracy by Class - bomb: 100.00%, suppress: 100.00%, group: 100.00%, follow: 100.00%, discard: 100.00%
Epoch 48/60:
  Loss - Total: 2.9610, Action: 0.9870, Strategy: 0.0000, LR: 0.000034
  Action Accuracy - Exact: 2.05%, Card: 98.80%
  Strategy Accuracy - Overall: 99.99%, Understanding Rate: 1.12%
  Strategy Accuracy by Class - bomb: 100.00%, suppress: 100.00%, group: 100.00%, follow: 100.00%, discard: 99.93%
Epoch 49/60:
  Loss - Total: 2.9606, Action: 0.9869, Strategy: 0.0000, LR: 0.000030
  Action Accuracy - Exact: 1.95%, Card: 98.79%
  Strategy Accuracy - Overall: 100.00%, Understanding Rate: 1.05%
  Strategy Accuracy by Class - bomb: 100.00%, suppress: 100.00%, group: 100.00%, follow: 100.00%, discard: 100.00%
Epoch 50/60:
  Loss - Total: 2.9336, Action: 0.9778, Strategy: 0.0000, LR: 0.000025
  Action Accuracy - Exact: 2.17%, Card: 98.81%
  Strategy Accuracy - Overall: 99.99%, Understanding Rate: 1.12%
  Strategy Accuracy by Class - bomb: 100.00%, suppress: 100.00%, group: 100.00%, follow: 99.99%, discard: 100.00%
  [Checkpoint] Model saved to models/bc_model_stage5_ultra_optimized_epoch_50.pth
Epoch 51/60:
  Loss - Total: 2.9287, Action: 0.9762, Strategy: 0.0000, LR: 0.000021
  Action Accuracy - Exact: 2.07%, Card: 98.81%
  Strategy Accuracy - Overall: 100.00%, Understanding Rate: 1.07%
  Strategy Accuracy by Class - bomb: 100.00%, suppress: 100.00%, group: 100.00%, follow: 100.00%, discard: 100.00%
Epoch 52/60:
  Loss - Total: 2.9242, Action: 0.9747, Strategy: 0.0000, LR: 0.000017
  Action Accuracy - Exact: 2.15%, Card: 98.82%
  Strategy Accuracy - Overall: 100.00%, Understanding Rate: 1.16%
  Strategy Accuracy by Class - bomb: 100.00%, suppress: 100.00%, group: 100.00%, follow: 100.00%, discard: 100.00%
Epoch 53/60:
  Loss - Total: 2.9326, Action: 0.9775, Strategy: 0.0000, LR: 0.000014
  Action Accuracy - Exact: 2.14%, Card: 98.82%
  Strategy Accuracy - Overall: 99.99%, Understanding Rate: 1.18%
  Strategy Accuracy by Class - bomb: 100.00%, suppress: 100.00%, group: 100.00%, follow: 100.00%, discard: 99.93%
Epoch 54/60:
  Loss - Total: 2.9234, Action: 0.9745, Strategy: 0.0000, LR: 0.000011
  Action Accuracy - Exact: 2.11%, Card: 98.83%
  Strategy Accuracy - Overall: 100.00%, Understanding Rate: 1.11%
  Strategy Accuracy by Class - bomb: 100.00%, suppress: 100.00%, group: 100.00%, follow: 100.00%, discard: 100.00%
Epoch 55/60:
  Loss - Total: 2.9478, Action: 0.9826, Strategy: 0.0000, LR: 0.000008
  Action Accuracy - Exact: 2.20%, Card: 98.83%
  Strategy Accuracy - Overall: 99.99%, Understanding Rate: 1.29%
  Strategy Accuracy by Class - bomb: 100.00%, suppress: 100.00%, group: 100.00%, follow: 99.99%, discard: 100.00%
Epoch 56/60:
  Loss - Total: 2.9167, Action: 0.9722, Strategy: 0.0000, LR: 0.000006
  Action Accuracy - Exact: 2.20%, Card: 98.83%
  Strategy Accuracy - Overall: 100.00%, Understanding Rate: 1.27%
  Strategy Accuracy by Class - bomb: 100.00%, suppress: 100.00%, group: 100.00%, follow: 100.00%, discard: 100.00%
Epoch 57/60:
  Loss - Total: 2.9130, Action: 0.9710, Strategy: 0.0000, LR: 0.000004
  Action Accuracy - Exact: 2.15%, Card: 98.84%
  Strategy Accuracy - Overall: 100.00%, Understanding Rate: 1.18%
  Strategy Accuracy by Class - bomb: 100.00%, suppress: 100.00%, group: 100.00%, follow: 100.00%, discard: 100.00%
Epoch 58/60:
  Loss - Total: 2.8882, Action: 0.9627, Strategy: 0.0000, LR: 0.000003
  Action Accuracy - Exact: 2.33%, Card: 98.84%
  Strategy Accuracy - Overall: 99.99%, Understanding Rate: 1.43%
  Strategy Accuracy by Class - bomb: 100.00%, suppress: 100.00%, group: 100.00%, follow: 100.00%, discard: 99.93%
Epoch 59/60:
  Loss - Total: 2.9202, Action: 0.9734, Strategy: 0.0000, LR: 0.000002
  Action Accuracy - Exact: 2.22%, Card: 98.84%
  Strategy Accuracy - Overall: 100.00%, Understanding Rate: 1.21%
  Strategy Accuracy by Class - bomb: 100.00%, suppress: 100.00%, group: 100.00%, follow: 100.00%, discard: 100.00%
Epoch 60/60:
  Loss - Total: 2.8865, Action: 0.9622, Strategy: 0.0000, LR: 0.000001
  Action Accuracy - Exact: 2.17%, Card: 98.84%
  Strategy Accuracy - Overall: 99.99%, Understanding Rate: 1.22%
  Strategy Accuracy by Class - bomb: 100.00%, suppress: 100.00%, group: 100.00%, follow: 100.00%, discard: 99.93%
  [Checkpoint] Model saved to models/bc_model_stage5_ultra_optimized_epoch_60.pth
Model saved to models/bc_model_stage5_ultra_optimized.pth
Training history saved to models/bc_model_stage5_ultra_optimized_training_history.json

============================================================
训练完成摘要
============================================================
最终动作预测准确率 - 完全匹配: 2.17%, 卡牌级别: 98.84%
最终策略分类准确率: 99.99%
最终策略理解率: 1.22%
============================================================

================================================================================
阶段5模型训练（超优化版）完成
================================================================================
[预期效果]
- 完全匹配准确率应进一步提升（目标: >5%训练时，>50%测试时）
- 卡牌级别准确率保持高水平（目标: >98%）
- 预测过多问题应进一步改善（目标: <40%样本预测过多）
================================================================================
