C:\Users\Jennifer\AppData\Local\Programs\Python\Python313\Lib\site-packages\torch\cuda\__init__.py:262: UserWarning: 
    Found GPU1 GeForce GTX 660 which is of cuda capability 3.0.
    PyTorch no longer supports this GPU because it is too old.
    The minimum cuda capability supported by this library is 3.7.
    
  warnings.warn(
C:\Users\Jennifer\AppData\Local\Programs\Python\Python313\Lib\site-packages\torch\nn\modules\module.py:1341: UserWarning: expandable_segments not supported on this platform (Triggered internally at C:\actions-runner\_work\pytorch\pytorch\pytorch\c10/cuda/CUDAAllocatorConfig.h:28.)
  return t.to(
[信息] 找到兼容GPU: GeForce GTX 1650 (CUDA capability 7.5)
[警告] 检测到旧GPU: GeForce GTX 660 (CUDA capability 3.0)
[警告] PyTorch不再支持此GPU，将跳过
[信息] 将使用GPU 0: GeForce GTX 1650
================================================================================
阶段5模型训练 - 完整训练
================================================================================
训练时间: 2025-12-13T03:47:04
随机种子: 42
CUDA可用: True
CUDA设备: GeForce GTX 1650
================================================================================

Starting Behavior Cloning Pre-training...
Data directory: game_records
Epochs: 50, Batch size: 32, Learning rate: 0.0003
[最优配置] 学习率衰减: StepLR(step_size=10, gamma=0.5), 损失函数: 加权BCE(pos_weight=2.0)
[阶段2多任务学习] 策略分类头: 启用, 损失权重: α=1.5, β=0.3
Loaded 20545 samples.
[阶段3任务2.6方案D] 课程学习：禁用
Using device: cuda
Model: ImprovedGuandanPolicyNet, input_dim=512, hidden_dim=256, output_dim=512, dropout_rate=0.1, strategy_head=True, attention_heads=8 (阶段4：注意力机制 + 残差连接)
Strategy Pattern Recognizer: enabled, pattern_types=8, hidden_dim=256 (阶段5：策略模式识别)
Opponent Model: enabled, opponent_types=5, feature_dim=128 (阶段5：对手建模)
Dynamic Strategy Adjuster: enabled, strategy_count=7, feature_dim=128 (阶段5：动态策略调整)
[阶段3任务2.5回退] 使用加权BCE Loss (pos_weight=2.0)，恢复任务1配置
[阶段0方案D] 使用改进的损失函数（预测数量惩罚 + 加权BCE + Top-K损失）
Traceback (most recent call last):
  File "D:\guandanscore\YiFeiAI-GD\train_stage5.py", line 91, in <module>
    train_bc(
    ~~~~~~~~^
        data_dir="game_records",
        ^^^^^^^^^^^^^^^^^^^^^^^^
    ...<15 lines>...
        dynamic_strategy_weight=0.1
        ^^^^^^^^^^^^^^^^^^^^^^^^^^^
    )
    ^
  File "D:\guandanscore\YiFeiAI-GD\src\train\pretrain.py", line 1539, in train_bc
    opponent_results = opponent_model(states, opponent_actions.unsqueeze(1))
  File "C:\Users\Jennifer\AppData\Local\Programs\Python\Python313\Lib\site-packages\torch\nn\modules\module.py", line 1751, in _wrapped_call_impl
    return self._call_impl(*args, **kwargs)
           ~~~~~~~~~~~~~~~^^^^^^^^^^^^^^^^^
  File "C:\Users\Jennifer\AppData\Local\Programs\Python\Python313\Lib\site-packages\torch\nn\modules\module.py", line 1762, in _call_impl
    return forward_call(*args, **kwargs)
  File "D:\guandanscore\YiFeiAI-GD\src\rl_agent\opponent_model.py", line 194, in forward
    predicted_actions = self.action_predictor(game_state, behavior_features)
  File "C:\Users\Jennifer\AppData\Local\Programs\Python\Python313\Lib\site-packages\torch\nn\modules\module.py", line 1751, in _wrapped_call_impl
    return self._call_impl(*args, **kwargs)
           ~~~~~~~~~~~~~~~^^^^^^^^^^^^^^^^^
  File "C:\Users\Jennifer\AppData\Local\Programs\Python\Python313\Lib\site-packages\torch\nn\modules\module.py", line 1762, in _call_impl
    return forward_call(*args, **kwargs)
  File "D:\guandanscore\YiFeiAI-GD\src\rl_agent\opponent_model.py", line 148, in forward
    combined_features = self.combined_encoder(combined)
  File "C:\Users\Jennifer\AppData\Local\Programs\Python\Python313\Lib\site-packages\torch\nn\modules\module.py", line 1751, in _wrapped_call_impl
    return self._call_impl(*args, **kwargs)
           ~~~~~~~~~~~~~~~^^^^^^^^^^^^^^^^^
  File "C:\Users\Jennifer\AppData\Local\Programs\Python\Python313\Lib\site-packages\torch\nn\modules\module.py", line 1762, in _call_impl
    return forward_call(*args, **kwargs)
  File "C:\Users\Jennifer\AppData\Local\Programs\Python\Python313\Lib\site-packages\torch\nn\modules\container.py", line 240, in forward
    input = module(input)
  File "C:\Users\Jennifer\AppData\Local\Programs\Python\Python313\Lib\site-packages\torch\nn\modules\module.py", line 1751, in _wrapped_call_impl
    return self._call_impl(*args, **kwargs)
           ~~~~~~~~~~~~~~~^^^^^^^^^^^^^^^^^
  File "C:\Users\Jennifer\AppData\Local\Programs\Python\Python313\Lib\site-packages\torch\nn\modules\module.py", line 1762, in _call_impl
    return forward_call(*args, **kwargs)
  File "C:\Users\Jennifer\AppData\Local\Programs\Python\Python313\Lib\site-packages\torch\nn\modules\linear.py", line 125, in forward
    return F.linear(input, self.weight, self.bias)
           ~~~~~~~~^^^^^^^^^^^^^^^^^^^^^^^^^^^^^^^
torch.OutOfMemoryError: CUDA out of memory. Tried to allocate 2.00 MiB. GPU 0 has a total capacity of 4.00 GiB of which 0 bytes is free. Of the allocated memory 15.18 MiB is allocated by PyTorch, and 12.82 MiB is reserved by PyTorch but unallocated. If reserved but unallocated memory is large try setting PYTORCH_CUDA_ALLOC_CONF=expandable_segments:True to avoid fragmentation.  See documentation for Memory Management  (https://pytorch.org/docs/stable/notes/cuda.html#environment-variables)
