================================================================================
阶段5模型训练 - 优化版（重点提升动作预测准确率）
================================================================================
随机种子: 42
使用设备: CPU
================================================================================

[优化配置]
1. 动作预测权重: 3.0 (主任务，大幅提升)
2. 策略分类权重: 0.3 (辅助任务，保持)
3. 阶段5任务: 暂时禁用，专注于主任务
4. 数据量: 5000样本 (平衡效果和时间)
5. 训练轮数: 30 epochs (充分训练)

[关键改进]
- 暂时禁用阶段5新增任务，避免干扰动作预测学习
- 大幅提升动作预测权重，确保主任务优先
- 增加数据量和训练轮数，提供充分学习机会

Starting Behavior Cloning Pre-training...
Data directory: game_records
Epochs: 30, Batch size: 64, Learning rate: 0.0003
[最优配置] 学习率衰减: StepLR(step_size=10, gamma=0.5), 损失函数: 加权BCE(pos_weight=2.0)
[阶段2多任务学习] 策略分类头: 启用, 损失权重: α=3.0, β=0.3
Loaded 20545 samples.
Limited to 5000 samples for testing.
[阶段3任务2.6方案D] 课程学习：禁用
[警告] 强制使用CPU训练（FORCE_CPU=1）
Using device: cpu
Model: ImprovedGuandanPolicyNet, input_dim=512, hidden_dim=256, output_dim=512, dropout_rate=0.1, strategy_head=True, attention_heads=8 (阶段4：注意力机制 + 残差连接)
[阶段3任务2.5回退] 使用加权BCE Loss (pos_weight=2.0)，恢复任务1配置
[阶段0方案D] 使用改进的损失函数（预测数量惩罚 + 加权BCE + Top-K损失）
Epoch 1/30:
  Loss - Total: 52.3352, Action: 17.4217, Strategy: 0.0041, LR: 0.000300
  Action Accuracy - Exact: 0.00%, Card: 11.92%
  Strategy Accuracy - Overall: 93.08%, Understanding Rate: 0.00%
  Strategy Accuracy by Class - bomb: 0.00%, suppress: 55.56%, group: 14.08%, follow: 99.00%, discard: 75.56%
Epoch 2/30:
  Loss - Total: 1.2749, Action: 0.4199, Strategy: 0.0009, LR: 0.000299
  Action Accuracy - Exact: 0.00%, Card: 80.09%
  Strategy Accuracy - Overall: 98.45%, Understanding Rate: 0.00%
  Strategy Accuracy by Class - bomb: 24.24%, suppress: 96.30%, group: 60.56%, follow: 99.89%, discard: 98.38%
Epoch 3/30:
  Loss - Total: 1.2209, Action: 0.4049, Strategy: 0.0004, LR: 0.000297
  Action Accuracy - Exact: 0.00%, Card: 92.28%
  Strategy Accuracy - Overall: 99.25%, Understanding Rate: 0.00%
  Strategy Accuracy by Class - bomb: 48.48%, suppress: 98.52%, group: 85.92%, follow: 99.97%, discard: 99.19%
Epoch 4/30:
  Loss - Total: 1.1989, Action: 0.3987, Strategy: 0.0002, LR: 0.000293
  Action Accuracy - Exact: 0.00%, Card: 92.46%
  Strategy Accuracy - Overall: 99.78%, Understanding Rate: 0.00%
  Strategy Accuracy by Class - bomb: 81.82%, suppress: 100.00%, group: 98.59%, follow: 99.97%, discard: 99.60%
Epoch 5/30:
  Loss - Total: 1.1937, Action: 0.3976, Strategy: 0.0001, LR: 0.000287
  Action Accuracy - Exact: 0.00%, Card: 92.53%
  Strategy Accuracy - Overall: 99.98%, Understanding Rate: 0.00%
  Strategy Accuracy by Class - bomb: 96.97%, suppress: 100.00%, group: 100.00%, follow: 100.00%, discard: 100.00%
Epoch 6/30:
  Loss - Total: 1.1858, Action: 0.3950, Strategy: 0.0001, LR: 0.000280
  Action Accuracy - Exact: 0.00%, Card: 92.52%
  Strategy Accuracy - Overall: 99.93%, Understanding Rate: 0.00%
  Strategy Accuracy by Class - bomb: 93.94%, suppress: 100.00%, group: 100.00%, follow: 99.97%, discard: 100.00%
Epoch 7/30:
  Loss - Total: 1.1810, Action: 0.3934, Strategy: 0.0000, LR: 0.000271
  Action Accuracy - Exact: 0.00%, Card: 92.59%
  Strategy Accuracy - Overall: 99.98%, Understanding Rate: 0.00%
  Strategy Accuracy by Class - bomb: 100.00%, suppress: 100.00%, group: 98.59%, follow: 100.00%, discard: 100.00%
Epoch 8/30:
  Loss - Total: 1.1759, Action: 0.3919, Strategy: 0.0000, LR: 0.000262
  Action Accuracy - Exact: 0.00%, Card: 92.65%
  Strategy Accuracy - Overall: 100.00%, Understanding Rate: 0.00%
  Strategy Accuracy by Class - bomb: 100.00%, suppress: 100.00%, group: 100.00%, follow: 100.00%, discard: 100.00%
Epoch 9/30:
  Loss - Total: 1.1730, Action: 0.3909, Strategy: 0.0000, LR: 0.000251
  Action Accuracy - Exact: 0.00%, Card: 92.67%
  Strategy Accuracy - Overall: 100.00%, Understanding Rate: 0.00%
  Strategy Accuracy by Class - bomb: 100.00%, suppress: 100.00%, group: 100.00%, follow: 100.00%, discard: 100.00%
Epoch 10/30:
  Loss - Total: 1.1696, Action: 0.3898, Strategy: 0.0000, LR: 0.000238
  Action Accuracy - Exact: 0.00%, Card: 92.76%
  Strategy Accuracy - Overall: 99.98%, Understanding Rate: 0.00%
  Strategy Accuracy by Class - bomb: 100.00%, suppress: 100.00%, group: 100.00%, follow: 99.97%, discard: 100.00%
  [Checkpoint] Model saved to models/bc_model_stage5_optimized_epoch_10.pth
Epoch 11/30:
  Loss - Total: 1.1755, Action: 0.3917, Strategy: 0.0000, LR: 0.000225
  Action Accuracy - Exact: 0.00%, Card: 92.76%
  Strategy Accuracy - Overall: 99.98%, Understanding Rate: 0.00%
  Strategy Accuracy by Class - bomb: 96.97%, suppress: 100.00%, group: 100.00%, follow: 100.00%, discard: 100.00%
Epoch 12/30:
  Loss - Total: 1.1717, Action: 0.3905, Strategy: 0.0000, LR: 0.000211
  Action Accuracy - Exact: 0.00%, Card: 92.83%
  Strategy Accuracy - Overall: 100.00%, Understanding Rate: 0.00%
  Strategy Accuracy by Class - bomb: 100.00%, suppress: 100.00%, group: 100.00%, follow: 100.00%, discard: 100.00%
Epoch 13/30:
  Loss - Total: 1.1657, Action: 0.3885, Strategy: 0.0000, LR: 0.000197
  Action Accuracy - Exact: 0.00%, Card: 92.92%
  Strategy Accuracy - Overall: 100.00%, Understanding Rate: 0.00%
  Strategy Accuracy by Class - bomb: 100.00%, suppress: 100.00%, group: 100.00%, follow: 100.00%, discard: 100.00%
Epoch 14/30:
  Loss - Total: 1.1756, Action: 0.3918, Strategy: 0.0000, LR: 0.000182
  Action Accuracy - Exact: 0.00%, Card: 92.99%
  Strategy Accuracy - Overall: 100.00%, Understanding Rate: 0.00%
  Strategy Accuracy by Class - bomb: 100.00%, suppress: 100.00%, group: 100.00%, follow: 100.00%, discard: 100.00%
Epoch 15/30:
  Loss - Total: 1.1642, Action: 0.3880, Strategy: 0.0000, LR: 0.000166
  Action Accuracy - Exact: 0.00%, Card: 92.91%
  Strategy Accuracy - Overall: 100.00%, Understanding Rate: 0.00%
  Strategy Accuracy by Class - bomb: 100.00%, suppress: 100.00%, group: 100.00%, follow: 100.00%, discard: 100.00%
Epoch 16/30:
  Loss - Total: 1.1643, Action: 0.3880, Strategy: 0.0000, LR: 0.000150
  Action Accuracy - Exact: 0.00%, Card: 93.04%
  Strategy Accuracy - Overall: 100.00%, Understanding Rate: 0.00%
  Strategy Accuracy by Class - bomb: 100.00%, suppress: 100.00%, group: 100.00%, follow: 100.00%, discard: 100.00%
Epoch 17/30:
  Loss - Total: 1.1626, Action: 0.3875, Strategy: 0.0000, LR: 0.000135
  Action Accuracy - Exact: 0.00%, Card: 93.25%
  Strategy Accuracy - Overall: 100.00%, Understanding Rate: 0.00%
  Strategy Accuracy by Class - bomb: 100.00%, suppress: 100.00%, group: 100.00%, follow: 100.00%, discard: 100.00%
Epoch 18/30:
  Loss - Total: 1.1591, Action: 0.3863, Strategy: 0.0000, LR: 0.000119
  Action Accuracy - Exact: 0.00%, Card: 93.34%
  Strategy Accuracy - Overall: 100.00%, Understanding Rate: 0.00%
  Strategy Accuracy by Class - bomb: 100.00%, suppress: 100.00%, group: 100.00%, follow: 100.00%, discard: 100.00%
Epoch 19/30:
  Loss - Total: 1.1457, Action: 0.3819, Strategy: 0.0000, LR: 0.000104
  Action Accuracy - Exact: 0.00%, Card: 93.63%
  Strategy Accuracy - Overall: 100.00%, Understanding Rate: 0.00%
  Strategy Accuracy by Class - bomb: 100.00%, suppress: 100.00%, group: 100.00%, follow: 100.00%, discard: 100.00%
Epoch 20/30:
  Loss - Total: 1.1315, Action: 0.3771, Strategy: 0.0000, LR: 0.000090
  Action Accuracy - Exact: 0.00%, Card: 93.95%
  Strategy Accuracy - Overall: 100.00%, Understanding Rate: 0.00%
  Strategy Accuracy by Class - bomb: 100.00%, suppress: 100.00%, group: 100.00%, follow: 100.00%, discard: 100.00%
  [Checkpoint] Model saved to models/bc_model_stage5_optimized_epoch_20.pth
Epoch 21/30:
  Loss - Total: 1.1297, Action: 0.3765, Strategy: 0.0000, LR: 0.000076
  Action Accuracy - Exact: 0.00%, Card: 94.05%
  Strategy Accuracy - Overall: 100.00%, Understanding Rate: 0.00%
  Strategy Accuracy by Class - bomb: 100.00%, suppress: 100.00%, group: 100.00%, follow: 100.00%, discard: 100.00%
Epoch 22/30:
  Loss - Total: 1.1219, Action: 0.3739, Strategy: 0.0000, LR: 0.000063
  Action Accuracy - Exact: 0.04%, Card: 94.19%
  Strategy Accuracy - Overall: 100.00%, Understanding Rate: 0.00%
  Strategy Accuracy by Class - bomb: 100.00%, suppress: 100.00%, group: 100.00%, follow: 100.00%, discard: 100.00%
Epoch 23/30:
  Loss - Total: 1.1156, Action: 0.3718, Strategy: 0.0000, LR: 0.000050
  Action Accuracy - Exact: 0.06%, Card: 94.33%
  Strategy Accuracy - Overall: 99.98%, Understanding Rate: 0.00%
  Strategy Accuracy by Class - bomb: 100.00%, suppress: 100.00%, group: 98.59%, follow: 100.00%, discard: 100.00%
Epoch 24/30:
  Loss - Total: 1.1071, Action: 0.3690, Strategy: 0.0000, LR: 0.000039
  Action Accuracy - Exact: 0.00%, Card: 94.43%
  Strategy Accuracy - Overall: 100.00%, Understanding Rate: 0.00%
  Strategy Accuracy by Class - bomb: 100.00%, suppress: 100.00%, group: 100.00%, follow: 100.00%, discard: 100.00%
Epoch 25/30:
  Loss - Total: 1.1062, Action: 0.3687, Strategy: 0.0000, LR: 0.000030
  Action Accuracy - Exact: 0.04%, Card: 94.52%
  Strategy Accuracy - Overall: 100.00%, Understanding Rate: 0.02%
  Strategy Accuracy by Class - bomb: 100.00%, suppress: 100.00%, group: 100.00%, follow: 100.00%, discard: 100.00%
Epoch 26/30:
  Loss - Total: 1.1039, Action: 0.3679, Strategy: 0.0000, LR: 0.000021
  Action Accuracy - Exact: 0.04%, Card: 94.58%
  Strategy Accuracy - Overall: 100.00%, Understanding Rate: 0.00%
  Strategy Accuracy by Class - bomb: 100.00%, suppress: 100.00%, group: 100.00%, follow: 100.00%, discard: 100.00%
Epoch 27/30:
  Loss - Total: 1.1052, Action: 0.3684, Strategy: 0.0000, LR: 0.000014
  Action Accuracy - Exact: 0.02%, Card: 94.63%
  Strategy Accuracy - Overall: 100.00%, Understanding Rate: 0.00%
  Strategy Accuracy by Class - bomb: 100.00%, suppress: 100.00%, group: 100.00%, follow: 100.00%, discard: 100.00%
Epoch 28/30:
  Loss - Total: 1.1034, Action: 0.3678, Strategy: 0.0000, LR: 0.000008
  Action Accuracy - Exact: 0.12%, Card: 94.63%
  Strategy Accuracy - Overall: 100.00%, Understanding Rate: 0.00%
  Strategy Accuracy by Class - bomb: 100.00%, suppress: 100.00%, group: 100.00%, follow: 100.00%, discard: 100.00%
Epoch 29/30:
  Loss - Total: 1.1056, Action: 0.3685, Strategy: 0.0000, LR: 0.000004
  Action Accuracy - Exact: 0.04%, Card: 94.66%
  Strategy Accuracy - Overall: 100.00%, Understanding Rate: 0.00%
  Strategy Accuracy by Class - bomb: 100.00%, suppress: 100.00%, group: 100.00%, follow: 100.00%, discard: 100.00%
Epoch 30/30:
  Loss - Total: 1.1043, Action: 0.3681, Strategy: 0.0000, LR: 0.000002
  Action Accuracy - Exact: 0.08%, Card: 94.67%
  Strategy Accuracy - Overall: 100.00%, Understanding Rate: 0.00%
  Strategy Accuracy by Class - bomb: 100.00%, suppress: 100.00%, group: 100.00%, follow: 100.00%, discard: 100.00%
  [Checkpoint] Model saved to models/bc_model_stage5_optimized_epoch_30.pth
Model saved to models/bc_model_stage5_optimized.pth
Training history saved to models/bc_model_stage5_optimized_training_history.json

============================================================
训练完成摘要
============================================================
最终动作预测准确率 - 完全匹配: 0.08%, 卡牌级别: 94.67%
最终策略分类准确率: 100.00%
最终策略理解率: 0.00%
============================================================

================================================================================
阶段5模型训练（优化版）完成
================================================================================
[预期效果]
- 动作预测准确率应显著提升（目标: >20%）
- 策略分类准确率保持较高水平（目标: >80%）
- 策略理解率应有所提升（目标: >10%）
================================================================================
