================================================================================
阶段5模型训练 - 最终优化版（解决预测过多问题）
================================================================================
随机种子: 42
使用设备: CPU
================================================================================

[最终优化配置]
1. 动作预测权重: 3.0 (主任务)
2. 策略分类权重: 0.3 (辅助任务)
3. 预测数量惩罚权重: 2.0 (大幅增强，解决预测过多)
4. 阶段5任务: 禁用，专注于主任务
5. 数据量: 10000样本 (更多数据)
6. 训练轮数: 50 epochs (充分训练)

[关键改进]
- 预测数量惩罚权重从1.0增加到2.0，更严格约束预测数量
- 增加数据量到10000样本，提供更多学习样本
- 增加训练轮数到50 epochs，充分学习

Starting Behavior Cloning Pre-training...
Data directory: game_records
Epochs: 50, Batch size: 64, Learning rate: 0.0003
[最优配置] 学习率衰减: StepLR(step_size=10, gamma=0.5), 损失函数: 加权BCE(pos_weight=2.0)
[阶段2多任务学习] 策略分类头: 启用, 损失权重: α=3.0, β=0.3
Loaded 20545 samples.
Limited to 10000 samples for testing.
[阶段3任务2.6方案D] 课程学习：禁用
[警告] 强制使用CPU训练（FORCE_CPU=1）
Using device: cpu
Model: ImprovedGuandanPolicyNet, input_dim=512, hidden_dim=256, output_dim=512, dropout_rate=0.1, strategy_head=True, attention_heads=8 (阶段4：注意力机制 + 残差连接)
[阶段3任务2.5回退] 使用加权BCE Loss (pos_weight=2.0)，恢复任务1配置
[阶段0方案D] 使用改进的损失函数（预测数量惩罚 + 加权BCE + Top-K损失）
Epoch 1/50:
  Loss - Total: 72.2558, Action: 24.0734, Strategy: 0.0020, LR: 0.000300
  Action Accuracy - Exact: 0.00%, Card: 45.65%
  Strategy Accuracy - Overall: 96.73%, Understanding Rate: 0.00%
  Strategy Accuracy by Class - bomb: 0.00%, suppress: 60.00%, group: 16.90%, follow: 99.42%, discard: 88.26%
Epoch 2/50:
  Loss - Total: 1.7080, Action: 0.5675, Strategy: 0.0003, LR: 0.000300
  Action Accuracy - Exact: 0.00%, Card: 91.51%
  Strategy Accuracy - Overall: 99.43%, Understanding Rate: 0.00%
  Strategy Accuracy by Class - bomb: 30.30%, suppress: 97.04%, group: 74.65%, follow: 99.96%, discard: 99.40%
Epoch 3/50:
  Loss - Total: 1.6884, Action: 0.5620, Strategy: 0.0001, LR: 0.000299
  Action Accuracy - Exact: 0.00%, Card: 91.50%
  Strategy Accuracy - Overall: 99.76%, Understanding Rate: 0.00%
  Strategy Accuracy by Class - bomb: 66.67%, suppress: 97.04%, group: 92.96%, follow: 99.99%, discard: 99.80%
Epoch 4/50:
  Loss - Total: 1.9292, Action: 0.6428, Strategy: 0.0000, LR: 0.000297
  Action Accuracy - Exact: 0.00%, Card: 91.69%
  Strategy Accuracy - Overall: 99.93%, Understanding Rate: 0.00%
  Strategy Accuracy by Class - bomb: 84.85%, suppress: 99.26%, group: 100.00%, follow: 100.00%, discard: 99.90%
Epoch 5/50:
  Loss - Total: 2.2799, Action: 0.7599, Strategy: 0.0000, LR: 0.000295
  Action Accuracy - Exact: 0.00%, Card: 91.91%
  Strategy Accuracy - Overall: 99.98%, Understanding Rate: 0.00%
  Strategy Accuracy by Class - bomb: 96.97%, suppress: 100.00%, group: 100.00%, follow: 100.00%, discard: 99.90%
Epoch 6/50:
  Loss - Total: 2.3116, Action: 0.7705, Strategy: 0.0000, LR: 0.000293
  Action Accuracy - Exact: 0.00%, Card: 92.08%
  Strategy Accuracy - Overall: 100.00%, Understanding Rate: 0.00%
  Strategy Accuracy by Class - bomb: 100.00%, suppress: 100.00%, group: 100.00%, follow: 100.00%, discard: 100.00%
Epoch 7/50:
  Loss - Total: 2.3227, Action: 0.7741, Strategy: 0.0000, LR: 0.000290
  Action Accuracy - Exact: 0.00%, Card: 92.19%
  Strategy Accuracy - Overall: 99.96%, Understanding Rate: 0.00%
  Strategy Accuracy by Class - bomb: 96.97%, suppress: 100.00%, group: 98.59%, follow: 100.00%, discard: 99.80%
Epoch 8/50:
  Loss - Total: 2.3106, Action: 0.7701, Strategy: 0.0000, LR: 0.000286
  Action Accuracy - Exact: 0.00%, Card: 92.46%
  Strategy Accuracy - Overall: 99.99%, Understanding Rate: 0.00%
  Strategy Accuracy by Class - bomb: 100.00%, suppress: 100.00%, group: 98.59%, follow: 100.00%, discard: 100.00%
Epoch 9/50:
  Loss - Total: 2.2523, Action: 0.7507, Strategy: 0.0000, LR: 0.000282
  Action Accuracy - Exact: 0.00%, Card: 92.99%
  Strategy Accuracy - Overall: 100.00%, Understanding Rate: 0.00%
  Strategy Accuracy by Class - bomb: 100.00%, suppress: 100.00%, group: 100.00%, follow: 100.00%, discard: 100.00%
Epoch 10/50:
  Loss - Total: 2.1588, Action: 0.7196, Strategy: 0.0000, LR: 0.000277
  Action Accuracy - Exact: 0.00%, Card: 93.69%
  Strategy Accuracy - Overall: 100.00%, Understanding Rate: 0.00%
  Strategy Accuracy by Class - bomb: 100.00%, suppress: 100.00%, group: 100.00%, follow: 100.00%, discard: 100.00%
  [Checkpoint] Model saved to models/bc_model_stage5_final_optimized_epoch_10.pth
Epoch 11/50:
  Loss - Total: 2.1011, Action: 0.7003, Strategy: 0.0000, LR: 0.000271
  Action Accuracy - Exact: 0.00%, Card: 94.40%
  Strategy Accuracy - Overall: 100.00%, Understanding Rate: 0.00%
  Strategy Accuracy by Class - bomb: 100.00%, suppress: 100.00%, group: 100.00%, follow: 100.00%, discard: 100.00%
Epoch 12/50:
  Loss - Total: 2.1420, Action: 0.7140, Strategy: 0.0000, LR: 0.000266
  Action Accuracy - Exact: 0.04%, Card: 95.06%
  Strategy Accuracy - Overall: 99.99%, Understanding Rate: 0.00%
  Strategy Accuracy by Class - bomb: 96.97%, suppress: 100.00%, group: 100.00%, follow: 100.00%, discard: 100.00%
Epoch 13/50:
  Loss - Total: 2.2117, Action: 0.7372, Strategy: 0.0000, LR: 0.000259
  Action Accuracy - Exact: 0.02%, Card: 95.57%
  Strategy Accuracy - Overall: 100.00%, Understanding Rate: 0.00%
  Strategy Accuracy by Class - bomb: 100.00%, suppress: 100.00%, group: 100.00%, follow: 100.00%, discard: 100.00%
Epoch 14/50:
  Loss - Total: 2.2724, Action: 0.7575, Strategy: 0.0000, LR: 0.000253
  Action Accuracy - Exact: 0.12%, Card: 96.01%
  Strategy Accuracy - Overall: 100.00%, Understanding Rate: 0.02%
  Strategy Accuracy by Class - bomb: 100.00%, suppress: 100.00%, group: 100.00%, follow: 100.00%, discard: 100.00%
Epoch 15/50:
  Loss - Total: 2.3519, Action: 0.7839, Strategy: 0.0000, LR: 0.000246
  Action Accuracy - Exact: 0.18%, Card: 96.41%
  Strategy Accuracy - Overall: 100.00%, Understanding Rate: 0.01%
  Strategy Accuracy by Class - bomb: 100.00%, suppress: 100.00%, group: 100.00%, follow: 100.00%, discard: 100.00%
Epoch 16/50:
  Loss - Total: 2.3828, Action: 0.7942, Strategy: 0.0000, LR: 0.000238
  Action Accuracy - Exact: 0.35%, Card: 96.70%
  Strategy Accuracy - Overall: 100.00%, Understanding Rate: 0.03%
  Strategy Accuracy by Class - bomb: 100.00%, suppress: 100.00%, group: 100.00%, follow: 100.00%, discard: 100.00%
Epoch 17/50:
  Loss - Total: 2.3977, Action: 0.7992, Strategy: 0.0000, LR: 0.000231
  Action Accuracy - Exact: 0.45%, Card: 96.97%
  Strategy Accuracy - Overall: 100.00%, Understanding Rate: 0.09%
  Strategy Accuracy by Class - bomb: 100.00%, suppress: 100.00%, group: 100.00%, follow: 100.00%, discard: 100.00%
Epoch 18/50:
  Loss - Total: 2.3911, Action: 0.7970, Strategy: 0.0000, LR: 0.000223
  Action Accuracy - Exact: 0.59%, Card: 97.18%
  Strategy Accuracy - Overall: 100.00%, Understanding Rate: 0.14%
  Strategy Accuracy by Class - bomb: 100.00%, suppress: 100.00%, group: 100.00%, follow: 100.00%, discard: 100.00%
Epoch 19/50:
  Loss - Total: 2.3823, Action: 0.7940, Strategy: 0.0000, LR: 0.000214
  Action Accuracy - Exact: 0.87%, Card: 97.37%
  Strategy Accuracy - Overall: 99.99%, Understanding Rate: 0.20%
  Strategy Accuracy by Class - bomb: 100.00%, suppress: 100.00%, group: 100.00%, follow: 99.99%, discard: 100.00%
Epoch 20/50:
  Loss - Total: 2.3734, Action: 0.7911, Strategy: 0.0000, LR: 0.000206
  Action Accuracy - Exact: 0.99%, Card: 97.53%
  Strategy Accuracy - Overall: 100.00%, Understanding Rate: 0.29%
  Strategy Accuracy by Class - bomb: 100.00%, suppress: 100.00%, group: 100.00%, follow: 100.00%, discard: 100.00%
  [Checkpoint] Model saved to models/bc_model_stage5_final_optimized_epoch_20.pth
Epoch 21/50:
  Loss - Total: 2.3551, Action: 0.7850, Strategy: 0.0000, LR: 0.000197
  Action Accuracy - Exact: 1.12%, Card: 97.65%
  Strategy Accuracy - Overall: 100.00%, Understanding Rate: 0.27%
  Strategy Accuracy by Class - bomb: 100.00%, suppress: 100.00%, group: 100.00%, follow: 100.00%, discard: 100.00%
Epoch 22/50:
  Loss - Total: 2.3345, Action: 0.7781, Strategy: 0.0000, LR: 0.000188
  Action Accuracy - Exact: 1.34%, Card: 97.78%
  Strategy Accuracy - Overall: 99.99%, Understanding Rate: 0.40%
  Strategy Accuracy by Class - bomb: 100.00%, suppress: 100.00%, group: 100.00%, follow: 99.99%, discard: 100.00%
Epoch 23/50:
  Loss - Total: 2.3097, Action: 0.7699, Strategy: 0.0000, LR: 0.000179
  Action Accuracy - Exact: 1.28%, Card: 97.88%
  Strategy Accuracy - Overall: 100.00%, Understanding Rate: 0.40%
  Strategy Accuracy by Class - bomb: 100.00%, suppress: 100.00%, group: 100.00%, follow: 100.00%, discard: 100.00%
Epoch 24/50:
  Loss - Total: 2.2734, Action: 0.7576, Strategy: 0.0000, LR: 0.000169
  Action Accuracy - Exact: 1.39%, Card: 97.95%
  Strategy Accuracy - Overall: 99.92%, Understanding Rate: 0.46%
  Strategy Accuracy by Class - bomb: 96.97%, suppress: 99.26%, group: 100.00%, follow: 99.95%, discard: 99.80%
Epoch 25/50:
  Loss - Total: 2.2626, Action: 0.7541, Strategy: 0.0000, LR: 0.000160
  Action Accuracy - Exact: 1.43%, Card: 98.02%
  Strategy Accuracy - Overall: 99.98%, Understanding Rate: 0.37%
  Strategy Accuracy by Class - bomb: 100.00%, suppress: 99.26%, group: 100.00%, follow: 99.99%, discard: 100.00%
Epoch 26/50:
  Loss - Total: 2.2428, Action: 0.7476, Strategy: 0.0000, LR: 0.000150
  Action Accuracy - Exact: 1.52%, Card: 98.10%
  Strategy Accuracy - Overall: 100.00%, Understanding Rate: 0.46%
  Strategy Accuracy by Class - bomb: 100.00%, suppress: 100.00%, group: 100.00%, follow: 100.00%, discard: 100.00%
Epoch 27/50:
  Loss - Total: 2.2283, Action: 0.7427, Strategy: 0.0000, LR: 0.000141
  Action Accuracy - Exact: 1.72%, Card: 98.17%
  Strategy Accuracy - Overall: 100.00%, Understanding Rate: 0.47%
  Strategy Accuracy by Class - bomb: 100.00%, suppress: 100.00%, group: 100.00%, follow: 100.00%, discard: 100.00%
Epoch 28/50:
  Loss - Total: 2.1652, Action: 0.7217, Strategy: 0.0000, LR: 0.000132
  Action Accuracy - Exact: 1.68%, Card: 98.23%
  Strategy Accuracy - Overall: 100.00%, Understanding Rate: 0.56%
  Strategy Accuracy by Class - bomb: 100.00%, suppress: 100.00%, group: 100.00%, follow: 100.00%, discard: 100.00%
Epoch 29/50:
  Loss - Total: 2.1744, Action: 0.7248, Strategy: 0.0000, LR: 0.000122
  Action Accuracy - Exact: 1.86%, Card: 98.28%
  Strategy Accuracy - Overall: 100.00%, Understanding Rate: 0.66%
  Strategy Accuracy by Class - bomb: 100.00%, suppress: 100.00%, group: 100.00%, follow: 100.00%, discard: 100.00%
Epoch 30/50:
  Loss - Total: 2.1404, Action: 0.7134, Strategy: 0.0000, LR: 0.000113
  Action Accuracy - Exact: 1.81%, Card: 98.32%
  Strategy Accuracy - Overall: 99.99%, Understanding Rate: 0.66%
  Strategy Accuracy by Class - bomb: 100.00%, suppress: 100.00%, group: 100.00%, follow: 100.00%, discard: 99.90%
  [Checkpoint] Model saved to models/bc_model_stage5_final_optimized_epoch_30.pth
Epoch 31/50:
  Loss - Total: 2.1100, Action: 0.7033, Strategy: 0.0000, LR: 0.000104
  Action Accuracy - Exact: 2.10%, Card: 98.35%
  Strategy Accuracy - Overall: 99.99%, Understanding Rate: 0.75%
  Strategy Accuracy by Class - bomb: 100.00%, suppress: 100.00%, group: 98.59%, follow: 100.00%, discard: 100.00%
Epoch 32/50:
  Loss - Total: 2.0905, Action: 0.6968, Strategy: 0.0000, LR: 0.000095
  Action Accuracy - Exact: 1.99%, Card: 98.38%
  Strategy Accuracy - Overall: 100.00%, Understanding Rate: 0.66%
  Strategy Accuracy by Class - bomb: 100.00%, suppress: 100.00%, group: 100.00%, follow: 100.00%, discard: 100.00%
Epoch 33/50:
  Loss - Total: 2.0742, Action: 0.6914, Strategy: 0.0000, LR: 0.000087
  Action Accuracy - Exact: 1.80%, Card: 98.42%
  Strategy Accuracy - Overall: 100.00%, Understanding Rate: 0.65%
  Strategy Accuracy by Class - bomb: 100.00%, suppress: 100.00%, group: 100.00%, follow: 100.00%, discard: 100.00%
Epoch 34/50:
  Loss - Total: 2.0902, Action: 0.6967, Strategy: 0.0000, LR: 0.000078
  Action Accuracy - Exact: 1.96%, Card: 98.43%
  Strategy Accuracy - Overall: 100.00%, Understanding Rate: 0.65%
  Strategy Accuracy by Class - bomb: 100.00%, suppress: 100.00%, group: 100.00%, follow: 100.00%, discard: 100.00%
Epoch 35/50:
  Loss - Total: 2.0629, Action: 0.6876, Strategy: 0.0000, LR: 0.000070
  Action Accuracy - Exact: 2.03%, Card: 98.48%
  Strategy Accuracy - Overall: 100.00%, Understanding Rate: 0.63%
  Strategy Accuracy by Class - bomb: 100.00%, suppress: 100.00%, group: 100.00%, follow: 100.00%, discard: 100.00%
Epoch 36/50:
  Loss - Total: 2.0401, Action: 0.6800, Strategy: 0.0000, LR: 0.000063
  Action Accuracy - Exact: 2.00%, Card: 98.49%
  Strategy Accuracy - Overall: 100.00%, Understanding Rate: 0.71%
  Strategy Accuracy by Class - bomb: 100.00%, suppress: 100.00%, group: 100.00%, follow: 100.00%, discard: 100.00%
Epoch 37/50:
  Loss - Total: 2.0298, Action: 0.6766, Strategy: 0.0000, LR: 0.000055
  Action Accuracy - Exact: 2.18%, Card: 98.51%
  Strategy Accuracy - Overall: 99.99%, Understanding Rate: 0.77%
  Strategy Accuracy by Class - bomb: 100.00%, suppress: 100.00%, group: 100.00%, follow: 100.00%, discard: 99.90%
Epoch 38/50:
  Loss - Total: 2.0178, Action: 0.6726, Strategy: 0.0000, LR: 0.000048
  Action Accuracy - Exact: 2.14%, Card: 98.53%
  Strategy Accuracy - Overall: 100.00%, Understanding Rate: 0.85%
  Strategy Accuracy by Class - bomb: 100.00%, suppress: 100.00%, group: 100.00%, follow: 100.00%, discard: 100.00%
Epoch 39/50:
  Loss - Total: 2.0170, Action: 0.6723, Strategy: 0.0000, LR: 0.000042
  Action Accuracy - Exact: 2.11%, Card: 98.54%
  Strategy Accuracy - Overall: 99.99%, Understanding Rate: 0.67%
  Strategy Accuracy by Class - bomb: 100.00%, suppress: 100.00%, group: 100.00%, follow: 100.00%, discard: 99.90%
Epoch 40/50:
  Loss - Total: 2.0182, Action: 0.6727, Strategy: 0.0000, LR: 0.000035
  Action Accuracy - Exact: 2.19%, Card: 98.57%
  Strategy Accuracy - Overall: 100.00%, Understanding Rate: 0.85%
  Strategy Accuracy by Class - bomb: 100.00%, suppress: 100.00%, group: 100.00%, follow: 100.00%, discard: 100.00%
  [Checkpoint] Model saved to models/bc_model_stage5_final_optimized_epoch_40.pth
Epoch 41/50:
  Loss - Total: 1.9642, Action: 0.6547, Strategy: 0.0000, LR: 0.000030
  Action Accuracy - Exact: 2.27%, Card: 98.58%
  Strategy Accuracy - Overall: 100.00%, Understanding Rate: 0.77%
  Strategy Accuracy by Class - bomb: 100.00%, suppress: 100.00%, group: 100.00%, follow: 100.00%, discard: 100.00%
Epoch 42/50:
  Loss - Total: 1.9841, Action: 0.6613, Strategy: 0.0000, LR: 0.000024
  Action Accuracy - Exact: 2.26%, Card: 98.58%
  Strategy Accuracy - Overall: 100.00%, Understanding Rate: 0.75%
  Strategy Accuracy by Class - bomb: 100.00%, suppress: 100.00%, group: 100.00%, follow: 100.00%, discard: 100.00%
Epoch 43/50:
  Loss - Total: 1.9741, Action: 0.6580, Strategy: 0.0000, LR: 0.000019
  Action Accuracy - Exact: 2.18%, Card: 98.59%
  Strategy Accuracy - Overall: 100.00%, Understanding Rate: 0.80%
  Strategy Accuracy by Class - bomb: 100.00%, suppress: 100.00%, group: 100.00%, follow: 100.00%, discard: 100.00%
Epoch 44/50:
  Loss - Total: 1.9832, Action: 0.6610, Strategy: 0.0000, LR: 0.000015
  Action Accuracy - Exact: 2.24%, Card: 98.60%
  Strategy Accuracy - Overall: 100.00%, Understanding Rate: 0.81%
  Strategy Accuracy by Class - bomb: 100.00%, suppress: 100.00%, group: 100.00%, follow: 100.00%, discard: 100.00%
Epoch 45/50:
  Loss - Total: 1.9550, Action: 0.6517, Strategy: 0.0000, LR: 0.000011
  Action Accuracy - Exact: 2.24%, Card: 98.60%
  Strategy Accuracy - Overall: 100.00%, Understanding Rate: 0.86%
  Strategy Accuracy by Class - bomb: 100.00%, suppress: 100.00%, group: 100.00%, follow: 100.00%, discard: 100.00%
Epoch 46/50:
  Loss - Total: 1.9652, Action: 0.6551, Strategy: 0.0000, LR: 0.000008
  Action Accuracy - Exact: 2.08%, Card: 98.60%
  Strategy Accuracy - Overall: 100.00%, Understanding Rate: 0.72%
  Strategy Accuracy by Class - bomb: 100.00%, suppress: 100.00%, group: 100.00%, follow: 100.00%, discard: 100.00%
Epoch 47/50:
  Loss - Total: 1.9733, Action: 0.6578, Strategy: 0.0000, LR: 0.000006
  Action Accuracy - Exact: 2.35%, Card: 98.60%
  Strategy Accuracy - Overall: 100.00%, Understanding Rate: 0.92%
  Strategy Accuracy by Class - bomb: 100.00%, suppress: 100.00%, group: 100.00%, follow: 100.00%, discard: 100.00%
Epoch 48/50:
  Loss - Total: 1.9699, Action: 0.6566, Strategy: 0.0000, LR: 0.000004
  Action Accuracy - Exact: 2.31%, Card: 98.61%
  Strategy Accuracy - Overall: 99.99%, Understanding Rate: 0.93%
  Strategy Accuracy by Class - bomb: 100.00%, suppress: 100.00%, group: 100.00%, follow: 100.00%, discard: 99.90%
Epoch 49/50:
  Loss - Total: 1.9279, Action: 0.6426, Strategy: 0.0000, LR: 0.000002
  Action Accuracy - Exact: 2.25%, Card: 98.62%
  Strategy Accuracy - Overall: 99.99%, Understanding Rate: 0.83%
  Strategy Accuracy by Class - bomb: 100.00%, suppress: 100.00%, group: 98.59%, follow: 100.00%, discard: 100.00%
Epoch 50/50:
  Loss - Total: 1.9692, Action: 0.6564, Strategy: 0.0000, LR: 0.000001
  Action Accuracy - Exact: 2.39%, Card: 98.61%
  Strategy Accuracy - Overall: 100.00%, Understanding Rate: 0.85%
  Strategy Accuracy by Class - bomb: 100.00%, suppress: 100.00%, group: 100.00%, follow: 100.00%, discard: 100.00%
  [Checkpoint] Model saved to models/bc_model_stage5_final_optimized_epoch_50.pth
Model saved to models/bc_model_stage5_final_optimized.pth
Training history saved to models/bc_model_stage5_final_optimized_training_history.json

============================================================
训练完成摘要
============================================================
最终动作预测准确率 - 完全匹配: 2.39%, 卡牌级别: 98.61%
最终策略分类准确率: 100.00%
最终策略理解率: 0.85%
============================================================

================================================================================
阶段5模型训练（最终优化版）完成
================================================================================
[预期效果]
- 完全匹配准确率应显著提升（目标: >5%）
- 卡牌级别准确率保持高水平（目标: >90%）
- 预测过多问题应大幅改善（目标: <50%样本预测过多）
================================================================================
