Starting Behavior Cloning Pre-training...
Data directory: game_records
Epochs: 150, Batch size: 64, Learning rate: 0.0003
[最优配置] 学习率衰减: StepLR(step_size=10, gamma=0.5), 损失函数: 加权BCE(pos_weight=2.0)
[阶段2多任务学习] 策略分类头: 禁用（单任务学习）
Loaded 33023 samples.
[阶段3任务2.6方案D改进版] 渐进式课程学习：启用，阶段数=4
课程设计思路（按牌型从简单到复杂）：
  阶段1：简单牌型（单张、对子、三张）- 约25个epoch
  阶段2：中等牌型（三带二、顺子）- 约25个epoch
  阶段3：复杂牌型（炸弹、复杂组合）- 约25个epoch
  阶段4：所有牌型混合训练 - 约25个epoch
评估样本课程阶段...
  已评估 1000/33023 个样本
  已评估 2000/33023 个样本
  已评估 3000/33023 个样本
  已评估 4000/33023 个样本
  已评估 5000/33023 个样本
  已评估 6000/33023 个样本
  已评估 7000/33023 个样本
  已评估 8000/33023 个样本
  已评估 9000/33023 个样本
  已评估 10000/33023 个样本
  已评估 11000/33023 个样本
  已评估 12000/33023 个样本
  已评估 13000/33023 个样本
  已评估 14000/33023 个样本
  已评估 15000/33023 个样本
  已评估 16000/33023 个样本
  已评估 17000/33023 个样本
  已评估 18000/33023 个样本
  已评估 19000/33023 个样本
  已评估 20000/33023 个样本
  已评估 21000/33023 个样本
  已评估 22000/33023 个样本
  已评估 23000/33023 个样本
  已评估 24000/33023 个样本
  已评估 25000/33023 个样本
  已评估 26000/33023 个样本
  已评估 27000/33023 个样本
  已评估 28000/33023 个样本
  已评估 29000/33023 个样本
  已评估 30000/33023 个样本
  已评估 31000/33023 个样本
  已评估 32000/33023 个样本
  已评估 33000/33023 个样本

牌型分布：{'Sequence': 797, 'Complex': 21668, 'Pass': 60, 'Single': 1054, 'Pair': 3214, 'Bomb': 2909, 'Triple': 1934, 'ThreeWithTwo': 381, 'Unknown': 1006}
策略类型分布：{'group': 11, 'unknown': 60, 'suppress': 15, 'bomb': 3, 'discard': 3309, 'follow': 29625}

阶段样本分布：
  阶段1: 7268个样本
  阶段2: 1178个样本
  阶段3: 24577个样本
  阶段4: 0个样本
  警告：阶段2样本太少(1178个)，合并到阶段1
  警告：阶段4样本太少(0个)，合并到阶段3
  阶段1: 8446个样本
    牌型分布: {'Pass': 60, 'Single': 1054, 'Pair': 3214, 'Triple': 1934, 'Unknown': 1006, 'Sequence': 797, 'ThreeWithTwo': 381}
    策略类型分布: {'unknown': 60, 'suppress': 15, 'group': 7, 'discard': 805, 'follow': 7559}
  阶段3: 24577个样本
    牌型分布: {'Complex': 21668, 'Bomb': 2909}
    策略类型分布: {'group': 4, 'bomb': 3, 'discard': 2504, 'follow': 22066}
  阶段4（混合训练）: 33023个样本（所有牌型混合）
    牌型分布: {'Sequence': 797, 'Complex': 21668, 'Pass': 60, 'Single': 1054, 'Pair': 3214, 'Bomb': 2909, 'Triple': 1934, 'ThreeWithTwo': 381, 'Unknown': 1006}
    策略类型分布: {'group': 11, 'unknown': 60, 'suppress': 15, 'bomb': 3, 'discard': 3309, 'follow': 29625}
Using device: cpu
Model: input_dim=512, hidden_dim=256, output_dim=512, dropout_rate=0.01, strategy_head=False (阶段3任务2回退：恢复任务1配置)
[阶段3任务2.7版本2] 使用加权BCE Loss (pos_weight=8.0, dropout_rate=0.01)，进一步提高卡牌识别率
[阶段3任务2.6方案D改进版] 渐进式课程学习：共3个阶段，每个阶段训练约 50 个epoch
Epoch 1/150, Loss: 0.2249, Action Exact Accuracy: 0.00%, Action Card Accuracy: 59.73%, LR: 0.000300
Epoch 2/150, Loss: 0.0637, Action Exact Accuracy: 0.00%, Action Card Accuracy: 90.45%, LR: 0.000300
Epoch 3/150, Loss: 0.0621, Action Exact Accuracy: 0.00%, Action Card Accuracy: 90.39%, LR: 0.000300
Epoch 4/150, Loss: 0.0611, Action Exact Accuracy: 0.00%, Action Card Accuracy: 90.37%, LR: 0.000300
Epoch 5/150, Loss: 0.0604, Action Exact Accuracy: 0.00%, Action Card Accuracy: 90.37%, LR: 0.000300
Epoch 6/150, Loss: 0.0597, Action Exact Accuracy: 0.00%, Action Card Accuracy: 90.40%, LR: 0.000300
Epoch 7/150, Loss: 0.0589, Action Exact Accuracy: 0.00%, Action Card Accuracy: 90.41%, LR: 0.000300
Epoch 8/150, Loss: 0.0579, Action Exact Accuracy: 0.00%, Action Card Accuracy: 90.46%, LR: 0.000300
Epoch 9/150, Loss: 0.0568, Action Exact Accuracy: 0.00%, Action Card Accuracy: 90.50%, LR: 0.000300
Epoch 10/150, Loss: 0.0555, Action Exact Accuracy: 0.00%, Action Card Accuracy: 90.59%, LR: 0.000300
  [Checkpoint] Model saved to models/bc_model_v1_epoch_10.pth
Epoch 11/150, Loss: 0.0543, Action Exact Accuracy: 0.00%, Action Card Accuracy: 90.66%, LR: 0.000150
Epoch 12/150, Loss: 0.0535, Action Exact Accuracy: 0.00%, Action Card Accuracy: 90.75%, LR: 0.000150
Epoch 13/150, Loss: 0.0529, Action Exact Accuracy: 0.00%, Action Card Accuracy: 90.87%, LR: 0.000150
Epoch 14/150, Loss: 0.0522, Action Exact Accuracy: 0.00%, Action Card Accuracy: 91.00%, LR: 0.000150
Epoch 15/150, Loss: 0.0516, Action Exact Accuracy: 0.00%, Action Card Accuracy: 91.13%, LR: 0.000150
Epoch 16/150, Loss: 0.0509, Action Exact Accuracy: 0.00%, Action Card Accuracy: 91.36%, LR: 0.000150
Epoch 17/150, Loss: 0.0503, Action Exact Accuracy: 0.00%, Action Card Accuracy: 91.47%, LR: 0.000150
Epoch 18/150, Loss: 0.0496, Action Exact Accuracy: 0.00%, Action Card Accuracy: 91.67%, LR: 0.000150
Epoch 19/150, Loss: 0.0490, Action Exact Accuracy: 0.00%, Action Card Accuracy: 91.86%, LR: 0.000150
Epoch 20/150, Loss: 0.0484, Action Exact Accuracy: 0.00%, Action Card Accuracy: 92.05%, LR: 0.000150
  [Checkpoint] Model saved to models/bc_model_v1_epoch_20.pth
Epoch 21/150, Loss: 0.0478, Action Exact Accuracy: 0.00%, Action Card Accuracy: 92.24%, LR: 0.000075
Epoch 22/150, Loss: 0.0475, Action Exact Accuracy: 0.00%, Action Card Accuracy: 92.28%, LR: 0.000075
Epoch 23/150, Loss: 0.0472, Action Exact Accuracy: 0.00%, Action Card Accuracy: 92.39%, LR: 0.000075
Epoch 24/150, Loss: 0.0469, Action Exact Accuracy: 0.00%, Action Card Accuracy: 92.52%, LR: 0.000075
Epoch 25/150, Loss: 0.0467, Action Exact Accuracy: 0.00%, Action Card Accuracy: 92.60%, LR: 0.000075
Epoch 26/150, Loss: 0.0464, Action Exact Accuracy: 0.00%, Action Card Accuracy: 92.72%, LR: 0.000075
Epoch 27/150, Loss: 0.0461, Action Exact Accuracy: 0.00%, Action Card Accuracy: 92.79%, LR: 0.000075
Epoch 28/150, Loss: 0.0459, Action Exact Accuracy: 0.00%, Action Card Accuracy: 92.88%, LR: 0.000075
Epoch 29/150, Loss: 0.0457, Action Exact Accuracy: 0.00%, Action Card Accuracy: 93.04%, LR: 0.000075
Epoch 30/150, Loss: 0.0454, Action Exact Accuracy: 0.00%, Action Card Accuracy: 93.09%, LR: 0.000075
  [Checkpoint] Model saved to models/bc_model_v1_epoch_30.pth
Epoch 31/150, Loss: 0.0451, Action Exact Accuracy: 0.00%, Action Card Accuracy: 93.17%, LR: 0.000037
Epoch 32/150, Loss: 0.0450, Action Exact Accuracy: 0.00%, Action Card Accuracy: 93.22%, LR: 0.000037
Epoch 33/150, Loss: 0.0449, Action Exact Accuracy: 0.00%, Action Card Accuracy: 93.24%, LR: 0.000037
Epoch 34/150, Loss: 0.0447, Action Exact Accuracy: 0.00%, Action Card Accuracy: 93.30%, LR: 0.000037
Epoch 35/150, Loss: 0.0446, Action Exact Accuracy: 0.00%, Action Card Accuracy: 93.34%, LR: 0.000037
Epoch 36/150, Loss: 0.0445, Action Exact Accuracy: 0.00%, Action Card Accuracy: 93.41%, LR: 0.000037
Epoch 37/150, Loss: 0.0444, Action Exact Accuracy: 0.00%, Action Card Accuracy: 93.46%, LR: 0.000037
Epoch 38/150, Loss: 0.0443, Action Exact Accuracy: 0.00%, Action Card Accuracy: 93.49%, LR: 0.000037
Epoch 39/150, Loss: 0.0442, Action Exact Accuracy: 0.00%, Action Card Accuracy: 93.49%, LR: 0.000037
Epoch 40/150, Loss: 0.0441, Action Exact Accuracy: 0.00%, Action Card Accuracy: 93.59%, LR: 0.000037
  [Checkpoint] Model saved to models/bc_model_v1_epoch_40.pth
Epoch 41/150, Loss: 0.0439, Action Exact Accuracy: 0.00%, Action Card Accuracy: 93.60%, LR: 0.000019
Epoch 42/150, Loss: 0.0438, Action Exact Accuracy: 0.00%, Action Card Accuracy: 93.64%, LR: 0.000019
Epoch 43/150, Loss: 0.0438, Action Exact Accuracy: 0.00%, Action Card Accuracy: 93.60%, LR: 0.000019
Epoch 44/150, Loss: 0.0437, Action Exact Accuracy: 0.00%, Action Card Accuracy: 93.71%, LR: 0.000019
Epoch 45/150, Loss: 0.0437, Action Exact Accuracy: 0.00%, Action Card Accuracy: 93.69%, LR: 0.000019
Epoch 46/150, Loss: 0.0437, Action Exact Accuracy: 0.00%, Action Card Accuracy: 93.71%, LR: 0.000019
Epoch 47/150, Loss: 0.0436, Action Exact Accuracy: 0.00%, Action Card Accuracy: 93.74%, LR: 0.000019
Epoch 48/150, Loss: 0.0436, Action Exact Accuracy: 0.00%, Action Card Accuracy: 93.74%, LR: 0.000019
Epoch 49/150, Loss: 0.0435, Action Exact Accuracy: 0.00%, Action Card Accuracy: 93.77%, LR: 0.000019
Epoch 50/150, Loss: 0.0434, Action Exact Accuracy: 0.00%, Action Card Accuracy: 93.78%, LR: 0.000019
  [Checkpoint] Model saved to models/bc_model_v1_epoch_50.pth
[阶段3任务2.6方案D改进版] 渐进式课程学习：切换到阶段2/3 (样本数=24577)
    牌型分布: {'Complex': 21668, 'Bomb': 2909}
    策略类型分布: {'group': 4, 'bomb': 3, 'discard': 2504, 'follow': 22066}
Epoch 51/150, Loss: 0.0708, Action Exact Accuracy: 0.00%, Action Card Accuracy: 92.11%, LR: 0.000009
Epoch 52/150, Loss: 0.0690, Action Exact Accuracy: 0.00%, Action Card Accuracy: 91.77%, LR: 0.000009
Epoch 53/150, Loss: 0.0686, Action Exact Accuracy: 0.00%, Action Card Accuracy: 91.78%, LR: 0.000009
Epoch 54/150, Loss: 0.0682, Action Exact Accuracy: 0.00%, Action Card Accuracy: 91.78%, LR: 0.000009
Epoch 55/150, Loss: 0.0679, Action Exact Accuracy: 0.00%, Action Card Accuracy: 91.79%, LR: 0.000009
Epoch 56/150, Loss: 0.0676, Action Exact Accuracy: 0.00%, Action Card Accuracy: 91.81%, LR: 0.000009
Epoch 57/150, Loss: 0.0672, Action Exact Accuracy: 0.00%, Action Card Accuracy: 91.82%, LR: 0.000009
Epoch 58/150, Loss: 0.0669, Action Exact Accuracy: 0.00%, Action Card Accuracy: 91.84%, LR: 0.000009
Epoch 59/150, Loss: 0.0666, Action Exact Accuracy: 0.00%, Action Card Accuracy: 91.86%, LR: 0.000009
Epoch 60/150, Loss: 0.0663, Action Exact Accuracy: 0.00%, Action Card Accuracy: 91.87%, LR: 0.000009
  [Checkpoint] Model saved to models/bc_model_v1_epoch_60.pth
Epoch 61/150, Loss: 0.0661, Action Exact Accuracy: 0.00%, Action Card Accuracy: 91.90%, LR: 0.000005
Epoch 62/150, Loss: 0.0659, Action Exact Accuracy: 0.00%, Action Card Accuracy: 91.90%, LR: 0.000005
Epoch 63/150, Loss: 0.0658, Action Exact Accuracy: 0.00%, Action Card Accuracy: 91.92%, LR: 0.000005
Epoch 64/150, Loss: 0.0656, Action Exact Accuracy: 0.00%, Action Card Accuracy: 91.93%, LR: 0.000005
Epoch 65/150, Loss: 0.0655, Action Exact Accuracy: 0.00%, Action Card Accuracy: 91.94%, LR: 0.000005
Epoch 66/150, Loss: 0.0654, Action Exact Accuracy: 0.00%, Action Card Accuracy: 91.96%, LR: 0.000005
Epoch 67/150, Loss: 0.0652, Action Exact Accuracy: 0.00%, Action Card Accuracy: 91.96%, LR: 0.000005
Epoch 68/150, Loss: 0.0651, Action Exact Accuracy: 0.00%, Action Card Accuracy: 91.98%, LR: 0.000005
Epoch 69/150, Loss: 0.0649, Action Exact Accuracy: 0.00%, Action Card Accuracy: 91.99%, LR: 0.000005
Epoch 70/150, Loss: 0.0648, Action Exact Accuracy: 0.00%, Action Card Accuracy: 92.00%, LR: 0.000005
  [Checkpoint] Model saved to models/bc_model_v1_epoch_70.pth
Epoch 71/150, Loss: 0.0647, Action Exact Accuracy: 0.00%, Action Card Accuracy: 92.02%, LR: 0.000002
Epoch 72/150, Loss: 0.0647, Action Exact Accuracy: 0.00%, Action Card Accuracy: 92.02%, LR: 0.000002
Epoch 73/150, Loss: 0.0646, Action Exact Accuracy: 0.00%, Action Card Accuracy: 92.02%, LR: 0.000002
Epoch 74/150, Loss: 0.0645, Action Exact Accuracy: 0.00%, Action Card Accuracy: 92.04%, LR: 0.000002
Epoch 75/150, Loss: 0.0644, Action Exact Accuracy: 0.00%, Action Card Accuracy: 92.04%, LR: 0.000002
Epoch 76/150, Loss: 0.0643, Action Exact Accuracy: 0.00%, Action Card Accuracy: 92.05%, LR: 0.000002
Epoch 77/150, Loss: 0.0643, Action Exact Accuracy: 0.00%, Action Card Accuracy: 92.06%, LR: 0.000002
Epoch 78/150, Loss: 0.0643, Action Exact Accuracy: 0.00%, Action Card Accuracy: 92.07%, LR: 0.000002
Epoch 79/150, Loss: 0.0642, Action Exact Accuracy: 0.00%, Action Card Accuracy: 92.07%, LR: 0.000002
Epoch 80/150, Loss: 0.0641, Action Exact Accuracy: 0.00%, Action Card Accuracy: 92.08%, LR: 0.000002
  [Checkpoint] Model saved to models/bc_model_v1_epoch_80.pth
Epoch 81/150, Loss: 0.0641, Action Exact Accuracy: 0.00%, Action Card Accuracy: 92.09%, LR: 0.000001
Epoch 82/150, Loss: 0.0640, Action Exact Accuracy: 0.00%, Action Card Accuracy: 92.09%, LR: 0.000001
Epoch 83/150, Loss: 0.0640, Action Exact Accuracy: 0.00%, Action Card Accuracy: 92.09%, LR: 0.000001
Epoch 84/150, Loss: 0.0640, Action Exact Accuracy: 0.00%, Action Card Accuracy: 92.10%, LR: 0.000001
Epoch 85/150, Loss: 0.0639, Action Exact Accuracy: 0.00%, Action Card Accuracy: 92.10%, LR: 0.000001
Epoch 86/150, Loss: 0.0639, Action Exact Accuracy: 0.00%, Action Card Accuracy: 92.11%, LR: 0.000001
Epoch 87/150, Loss: 0.0639, Action Exact Accuracy: 0.00%, Action Card Accuracy: 92.11%, LR: 0.000001
Epoch 88/150, Loss: 0.0638, Action Exact Accuracy: 0.00%, Action Card Accuracy: 92.11%, LR: 0.000001
Epoch 89/150, Loss: 0.0638, Action Exact Accuracy: 0.00%, Action Card Accuracy: 92.12%, LR: 0.000001
Epoch 90/150, Loss: 0.0638, Action Exact Accuracy: 0.00%, Action Card Accuracy: 92.12%, LR: 0.000001
  [Checkpoint] Model saved to models/bc_model_v1_epoch_90.pth
Epoch 91/150, Loss: 0.0638, Action Exact Accuracy: 0.00%, Action Card Accuracy: 92.12%, LR: 0.000001
Epoch 92/150, Loss: 0.0638, Action Exact Accuracy: 0.00%, Action Card Accuracy: 92.12%, LR: 0.000001
Epoch 93/150, Loss: 0.0638, Action Exact Accuracy: 0.00%, Action Card Accuracy: 92.13%, LR: 0.000001
Epoch 94/150, Loss: 0.0638, Action Exact Accuracy: 0.00%, Action Card Accuracy: 92.13%, LR: 0.000001
Epoch 95/150, Loss: 0.0637, Action Exact Accuracy: 0.00%, Action Card Accuracy: 92.13%, LR: 0.000001
Epoch 96/150, Loss: 0.0637, Action Exact Accuracy: 0.00%, Action Card Accuracy: 92.13%, LR: 0.000001
Epoch 97/150, Loss: 0.0637, Action Exact Accuracy: 0.00%, Action Card Accuracy: 92.13%, LR: 0.000001
Epoch 98/150, Loss: 0.0637, Action Exact Accuracy: 0.00%, Action Card Accuracy: 92.14%, LR: 0.000001
Epoch 99/150, Loss: 0.0637, Action Exact Accuracy: 0.00%, Action Card Accuracy: 92.14%, LR: 0.000001
Epoch 100/150, Loss: 0.0637, Action Exact Accuracy: 0.00%, Action Card Accuracy: 92.14%, LR: 0.000001
  [Checkpoint] Model saved to models/bc_model_v1_epoch_100.pth
[阶段3任务2.6方案D改进版] 渐进式课程学习：切换到阶段3/3 (样本数=33023)
    牌型分布: {'Sequence': 797, 'Complex': 21668, 'Pass': 60, 'Single': 1054, 'Pair': 3214, 'Bomb': 2909, 'Triple': 1934, 'ThreeWithTwo': 381, 'Unknown': 1006}
    策略类型分布: {'group': 11, 'unknown': 60, 'suppress': 15, 'bomb': 3, 'discard': 3309, 'follow': 29625}
Epoch 101/150, Loss: 0.0600, Action Exact Accuracy: 0.00%, Action Card Accuracy: 92.16%, LR: 0.000000
Epoch 102/150, Loss: 0.0598, Action Exact Accuracy: 0.00%, Action Card Accuracy: 92.24%, LR: 0.000000
Epoch 103/150, Loss: 0.0597, Action Exact Accuracy: 0.00%, Action Card Accuracy: 92.30%, LR: 0.000000
Epoch 104/150, Loss: 0.0597, Action Exact Accuracy: 0.00%, Action Card Accuracy: 92.34%, LR: 0.000000
Epoch 105/150, Loss: 0.0597, Action Exact Accuracy: 0.00%, Action Card Accuracy: 92.37%, LR: 0.000000
Epoch 106/150, Loss: 0.0597, Action Exact Accuracy: 0.00%, Action Card Accuracy: 92.40%, LR: 0.000000
Epoch 107/150, Loss: 0.0596, Action Exact Accuracy: 0.00%, Action Card Accuracy: 92.42%, LR: 0.000000
Epoch 108/150, Loss: 0.0596, Action Exact Accuracy: 0.00%, Action Card Accuracy: 92.43%, LR: 0.000000
Epoch 109/150, Loss: 0.0596, Action Exact Accuracy: 0.00%, Action Card Accuracy: 92.44%, LR: 0.000000
Epoch 110/150, Loss: 0.0596, Action Exact Accuracy: 0.00%, Action Card Accuracy: 92.45%, LR: 0.000000
  [Checkpoint] Model saved to models/bc_model_v1_epoch_110.pth
Epoch 111/150, Loss: 0.0596, Action Exact Accuracy: 0.00%, Action Card Accuracy: 92.46%, LR: 0.000000
Epoch 112/150, Loss: 0.0596, Action Exact Accuracy: 0.00%, Action Card Accuracy: 92.46%, LR: 0.000000
Epoch 113/150, Loss: 0.0596, Action Exact Accuracy: 0.00%, Action Card Accuracy: 92.46%, LR: 0.000000
Epoch 114/150, Loss: 0.0596, Action Exact Accuracy: 0.00%, Action Card Accuracy: 92.47%, LR: 0.000000
Epoch 115/150, Loss: 0.0596, Action Exact Accuracy: 0.00%, Action Card Accuracy: 92.47%, LR: 0.000000
Epoch 116/150, Loss: 0.0596, Action Exact Accuracy: 0.00%, Action Card Accuracy: 92.47%, LR: 0.000000
Epoch 117/150, Loss: 0.0596, Action Exact Accuracy: 0.00%, Action Card Accuracy: 92.47%, LR: 0.000000
Epoch 118/150, Loss: 0.0596, Action Exact Accuracy: 0.00%, Action Card Accuracy: 92.47%, LR: 0.000000
Epoch 119/150, Loss: 0.0596, Action Exact Accuracy: 0.00%, Action Card Accuracy: 92.48%, LR: 0.000000
Epoch 120/150, Loss: 0.0596, Action Exact Accuracy: 0.00%, Action Card Accuracy: 92.48%, LR: 0.000000
  [Checkpoint] Model saved to models/bc_model_v1_epoch_120.pth
Epoch 121/150, Loss: 0.0595, Action Exact Accuracy: 0.00%, Action Card Accuracy: 92.48%, LR: 0.000000
Epoch 122/150, Loss: 0.0595, Action Exact Accuracy: 0.00%, Action Card Accuracy: 92.48%, LR: 0.000000
Epoch 123/150, Loss: 0.0595, Action Exact Accuracy: 0.00%, Action Card Accuracy: 92.49%, LR: 0.000000
Epoch 124/150, Loss: 0.0595, Action Exact Accuracy: 0.00%, Action Card Accuracy: 92.48%, LR: 0.000000
Epoch 125/150, Loss: 0.0595, Action Exact Accuracy: 0.00%, Action Card Accuracy: 92.49%, LR: 0.000000
Epoch 126/150, Loss: 0.0595, Action Exact Accuracy: 0.00%, Action Card Accuracy: 92.49%, LR: 0.000000
Epoch 127/150, Loss: 0.0595, Action Exact Accuracy: 0.00%, Action Card Accuracy: 92.49%, LR: 0.000000
Epoch 128/150, Loss: 0.0595, Action Exact Accuracy: 0.00%, Action Card Accuracy: 92.49%, LR: 0.000000
Epoch 129/150, Loss: 0.0595, Action Exact Accuracy: 0.00%, Action Card Accuracy: 92.49%, LR: 0.000000
Epoch 130/150, Loss: 0.0595, Action Exact Accuracy: 0.00%, Action Card Accuracy: 92.49%, LR: 0.000000
  [Checkpoint] Model saved to models/bc_model_v1_epoch_130.pth
Epoch 131/150, Loss: 0.0595, Action Exact Accuracy: 0.00%, Action Card Accuracy: 92.49%, LR: 0.000000
Epoch 132/150, Loss: 0.0595, Action Exact Accuracy: 0.00%, Action Card Accuracy: 92.49%, LR: 0.000000
Epoch 133/150, Loss: 0.0595, Action Exact Accuracy: 0.00%, Action Card Accuracy: 92.49%, LR: 0.000000
Epoch 134/150, Loss: 0.0595, Action Exact Accuracy: 0.00%, Action Card Accuracy: 92.49%, LR: 0.000000
Epoch 135/150, Loss: 0.0595, Action Exact Accuracy: 0.00%, Action Card Accuracy: 92.49%, LR: 0.000000
Epoch 136/150, Loss: 0.0595, Action Exact Accuracy: 0.00%, Action Card Accuracy: 92.49%, LR: 0.000000
Epoch 137/150, Loss: 0.0595, Action Exact Accuracy: 0.00%, Action Card Accuracy: 92.49%, LR: 0.000000
Epoch 138/150, Loss: 0.0595, Action Exact Accuracy: 0.00%, Action Card Accuracy: 92.49%, LR: 0.000000
Epoch 139/150, Loss: 0.0595, Action Exact Accuracy: 0.00%, Action Card Accuracy: 92.49%, LR: 0.000000
Epoch 140/150, Loss: 0.0595, Action Exact Accuracy: 0.00%, Action Card Accuracy: 92.49%, LR: 0.000000
  [Checkpoint] Model saved to models/bc_model_v1_epoch_140.pth
Epoch 141/150, Loss: 0.0595, Action Exact Accuracy: 0.00%, Action Card Accuracy: 92.49%, LR: 0.000000
Epoch 142/150, Loss: 0.0595, Action Exact Accuracy: 0.00%, Action Card Accuracy: 92.49%, LR: 0.000000
Epoch 143/150, Loss: 0.0595, Action Exact Accuracy: 0.00%, Action Card Accuracy: 92.50%, LR: 0.000000
Epoch 144/150, Loss: 0.0595, Action Exact Accuracy: 0.00%, Action Card Accuracy: 92.49%, LR: 0.000000
Epoch 145/150, Loss: 0.0595, Action Exact Accuracy: 0.00%, Action Card Accuracy: 92.49%, LR: 0.000000
Epoch 146/150, Loss: 0.0595, Action Exact Accuracy: 0.00%, Action Card Accuracy: 92.49%, LR: 0.000000
Epoch 147/150, Loss: 0.0595, Action Exact Accuracy: 0.00%, Action Card Accuracy: 92.49%, LR: 0.000000
Epoch 148/150, Loss: 0.0595, Action Exact Accuracy: 0.00%, Action Card Accuracy: 92.49%, LR: 0.000000
Epoch 149/150, Loss: 0.0595, Action Exact Accuracy: 0.00%, Action Card Accuracy: 92.49%, LR: 0.000000
Epoch 150/150, Loss: 0.0595, Action Exact Accuracy: 0.00%, Action Card Accuracy: 92.49%, LR: 0.000000
  [Checkpoint] Model saved to models/bc_model_v1_epoch_150.pth
Model saved to models/bc_model_v1.pth
Training history saved to models/bc_model_v1_training_history.json

============================================================
训练完成摘要
============================================================
最终动作预测准确率 - 完全匹配: 0.00%, 卡牌级别: 92.49%
最终策略分类准确率: 0.00%
最终策略理解率: 0.00%
============================================================
