================================================================================
阶段5模型训练 - 小数据量测试版
================================================================================
随机种子: 42
使用设备: CPU（避免GPU内存问题）
================================================================================

[测试配置] 使用1000个样本和5个epoch进行快速测试

Starting Behavior Cloning Pre-training...
Data directory: game_records
Epochs: 5, Batch size: 64, Learning rate: 0.0003
[最优配置] 学习率衰减: StepLR(step_size=10, gamma=0.5), 损失函数: 加权BCE(pos_weight=2.0)
[阶段2多任务学习] 策略分类头: 启用, 损失权重: α=1.5, β=0.3
Loaded 20545 samples.
Limited to 1000 samples for testing.
[阶段3任务2.6方案D] 课程学习：禁用
[警告] 强制使用CPU训练（FORCE_CPU=1）
Using device: cpu
Model: ImprovedGuandanPolicyNet, input_dim=512, hidden_dim=256, output_dim=512, dropout_rate=0.1, strategy_head=True, attention_heads=8 (阶段4：注意力机制 + 残差连接)
Strategy Pattern Recognizer: enabled, pattern_types=8, hidden_dim=256 (阶段5：策略模式识别)
Opponent Model: enabled, opponent_types=5, feature_dim=128 (阶段5：对手建模)
Dynamic Strategy Adjuster: enabled, strategy_count=7, feature_dim=128 (阶段5：动态策略调整)
[阶段3任务2.5回退] 使用加权BCE Loss (pos_weight=2.0)，恢复任务1配置
[阶段0方案D] 使用改进的损失函数（预测数量惩罚 + 加权BCE + Top-K损失）
Epoch 1/5:
  Loss - Total: 86.5839, Action: 57.0092, Strategy: 0.0377, Pattern: 1.4715, Opponent: 1.6388, Dynamic: 1.5893, LR: 0.000300
  Action Accuracy - Exact: 0.00%, Card: 0.34%
  Strategy Accuracy - Overall: 57.52%, Understanding Rate: 0.00%
  Strategy Accuracy by Class - bomb: 0.00%, suppress: 68.15%, group: 16.90%, follow: 83.42%, discard: 36.78%
Epoch 2/5:
  Loss - Total: 46.7467, Action: 30.6588, Strategy: 0.0185, Pattern: 1.0647, Opponent: 1.6202, Dynamic: 1.2015, LR: 0.000271
  Action Accuracy - Exact: 0.00%, Card: 0.62%
  Strategy Accuracy - Overall: 79.43%, Understanding Rate: 0.00%
  Strategy Accuracy by Class - bomb: 12.12%, suppress: 91.85%, group: 56.34%, follow: 93.47%, discard: 72.41%
Epoch 3/5:
  Loss - Total: 16.9661, Action: 10.8968, Strategy: 0.0108, Pattern: 0.8734, Opponent: 1.6202, Dynamic: 0.9655, LR: 0.000197
  Action Accuracy - Exact: 0.00%, Card: 2.13%
  Strategy Accuracy - Overall: 91.05%, Understanding Rate: 0.00%
  Strategy Accuracy by Class - bomb: 54.55%, suppress: 97.78%, group: 76.06%, follow: 97.49%, discard: 91.95%
Epoch 4/5:
  Loss - Total: 6.6778, Action: 4.0852, Strategy: 0.0080, Pattern: 0.7215, Opponent: 1.6283, Dynamic: 0.8265, LR: 0.000104
  Action Accuracy - Exact: 0.00%, Card: 5.10%
  Strategy Accuracy - Overall: 93.90%, Understanding Rate: 0.00%
  Strategy Accuracy by Class - bomb: 45.45%, suppress: 98.52%, group: 91.55%, follow: 98.49%, discard: 96.55%
Epoch 5/5:
  Loss - Total: 4.3064, Action: 2.5246, Strategy: 0.0067, Pattern: 0.6695, Opponent: 1.6226, Dynamic: 0.7650, LR: 0.000030
  Action Accuracy - Exact: 0.00%, Card: 7.31%
  Strategy Accuracy - Overall: 95.05%, Understanding Rate: 0.00%
  Strategy Accuracy by Class - bomb: 60.61%, suppress: 97.78%, group: 95.77%, follow: 97.99%, discard: 96.55%
  [Checkpoint] Model saved to models/bc_model_stage5_test_epoch_5.pth
Model saved to models/bc_model_stage5_test.pth
Training history saved to models/bc_model_stage5_test_training_history.json

============================================================
训练完成摘要
============================================================
最终动作预测准确率 - 完全匹配: 0.00%, 卡牌级别: 7.31%
最终策略分类准确率: 95.05%
最终策略理解率: 0.00%
============================================================

================================================================================
阶段5模型训练测试完成
================================================================================
