============================================================
用修复后的数据重新训练模型
============================================================
修复内容:
  1. 修复了action_cards被last_action覆盖的bug
  2. 确保数据编码正确
  3. 使用最优训练参数
============================================================
Starting Behavior Cloning Pre-training...
Data directory: game_records
Epochs: 100, Batch size: 64, Learning rate: 0.0003
[最优配置] 学习率衰减: StepLR(step_size=10, gamma=0.5), 损失函数: 加权BCE(pos_weight=2.0)
[阶段2多任务学习] 策略分类头: 启用, 损失权重: α=2.0, β=0.2
Loaded 33023 samples.
Limited to 796 samples for testing.
[阶段3任务2.6方案D] 课程学习：禁用
Using device: cpu
Model: input_dim=512, hidden_dim=256, output_dim=512, dropout_rate=0.05, strategy_head=True (阶段3任务2回退：恢复任务1配置)
[阶段3任务2.7] 使用加权BCE Loss (pos_weight=4.0, dropout_rate=0.05)，提高卡牌识别率
Epoch 1/100:
  Loss - Total: 1.8019, Action: 0.7192, Strategy: 0.0321, LR: 0.000300
  Action Accuracy - Exact: 0.00%, Card: 0.60%
  Strategy Accuracy - Overall: 63.72%, Understanding Rate: 0.00%
  Strategy Accuracy by Class - bomb: 0.00%, suppress: 0.00%, group: 27.27%, follow: 73.39%, discard: 0.00%
Epoch 2/100:
  Loss - Total: 1.5836, Action: 0.6579, Strategy: 0.0237, LR: 0.000300
  Action Accuracy - Exact: 0.00%, Card: 0.60%
  Strategy Accuracy - Overall: 86.28%, Understanding Rate: 0.00%
  Strategy Accuracy by Class - bomb: 0.00%, suppress: 0.00%, group: 0.00%, follow: 100.00%, discard: 0.00%
Epoch 3/100:
  Loss - Total: 1.0834, Action: 0.4610, Strategy: 0.0143, LR: 0.000300
  Action Accuracy - Exact: 0.00%, Card: 0.61%
  Strategy Accuracy - Overall: 86.28%, Understanding Rate: 0.00%
  Strategy Accuracy by Class - bomb: 0.00%, suppress: 0.00%, group: 0.00%, follow: 100.00%, discard: 0.00%
Epoch 4/100:
  Loss - Total: 0.5917, Action: 0.2205, Strategy: 0.0133, LR: 0.000300
  Action Accuracy - Exact: 0.00%, Card: 22.69%
  Strategy Accuracy - Overall: 86.28%, Understanding Rate: 0.00%
  Strategy Accuracy by Class - bomb: 0.00%, suppress: 0.00%, group: 0.00%, follow: 100.00%, discard: 0.00%
Epoch 5/100:
  Loss - Total: 0.3856, Action: 0.1259, Strategy: 0.0118, LR: 0.000300
  Action Accuracy - Exact: 0.00%, Card: 73.39%
  Strategy Accuracy - Overall: 86.28%, Understanding Rate: 0.00%
  Strategy Accuracy by Class - bomb: 0.00%, suppress: 0.00%, group: 0.00%, follow: 100.00%, discard: 0.00%
Epoch 6/100:
  Loss - Total: 0.3236, Action: 0.1042, Strategy: 0.0102, LR: 0.000300
  Action Accuracy - Exact: 0.00%, Card: 88.50%
  Strategy Accuracy - Overall: 86.28%, Understanding Rate: 0.00%
  Strategy Accuracy by Class - bomb: 0.00%, suppress: 0.00%, group: 0.00%, follow: 100.00%, discard: 0.00%
Epoch 7/100:
  Loss - Total: 0.3025, Action: 0.0984, Strategy: 0.0093, LR: 0.000300
  Action Accuracy - Exact: 0.00%, Card: 90.34%
  Strategy Accuracy - Overall: 86.28%, Understanding Rate: 0.00%
  Strategy Accuracy by Class - bomb: 0.00%, suppress: 0.00%, group: 0.00%, follow: 100.00%, discard: 0.00%
Epoch 8/100:
  Loss - Total: 0.2756, Action: 0.0966, Strategy: 0.0073, LR: 0.000300
  Action Accuracy - Exact: 0.00%, Card: 90.44%
  Strategy Accuracy - Overall: 86.28%, Understanding Rate: 0.00%
  Strategy Accuracy by Class - bomb: 0.00%, suppress: 0.00%, group: 0.00%, follow: 100.00%, discard: 0.00%
Epoch 9/100:
  Loss - Total: 0.2595, Action: 0.0948, Strategy: 0.0062, LR: 0.000300
  Action Accuracy - Exact: 0.00%, Card: 90.44%
  Strategy Accuracy - Overall: 86.68%, Understanding Rate: 0.00%
  Strategy Accuracy by Class - bomb: 0.00%, suppress: 0.00%, group: 0.00%, follow: 100.00%, discard: 4.17%
Epoch 10/100:
  Loss - Total: 0.2455, Action: 0.0944, Strategy: 0.0050, LR: 0.000300
  Action Accuracy - Exact: 0.00%, Card: 90.44%
  Strategy Accuracy - Overall: 92.39%, Understanding Rate: 0.00%
  Strategy Accuracy by Class - bomb: 0.00%, suppress: 0.00%, group: 0.00%, follow: 100.00%, discard: 62.50%
  [Checkpoint] Model saved to models/bc_model_v1_fixed_epoch_10.pth
Epoch 11/100:
  Loss - Total: 0.2315, Action: 0.0929, Strategy: 0.0040, LR: 0.000150
  Action Accuracy - Exact: 0.00%, Card: 90.44%
  Strategy Accuracy - Overall: 93.21%, Understanding Rate: 0.00%
  Strategy Accuracy by Class - bomb: 0.00%, suppress: 0.00%, group: 0.00%, follow: 100.00%, discard: 70.83%
Epoch 12/100:
  Loss - Total: 0.2245, Action: 0.0926, Strategy: 0.0035, LR: 0.000150
  Action Accuracy - Exact: 0.00%, Card: 90.44%
  Strategy Accuracy - Overall: 94.70%, Understanding Rate: 0.00%
  Strategy Accuracy by Class - bomb: 0.00%, suppress: 0.00%, group: 0.00%, follow: 100.00%, discard: 86.11%
Epoch 13/100:
  Loss - Total: 0.2217, Action: 0.0926, Strategy: 0.0032, LR: 0.000150
  Action Accuracy - Exact: 0.00%, Card: 90.44%
  Strategy Accuracy - Overall: 94.84%, Understanding Rate: 0.00%
  Strategy Accuracy by Class - bomb: 0.00%, suppress: 0.00%, group: 0.00%, follow: 100.00%, discard: 87.50%
Epoch 14/100:
  Loss - Total: 0.2176, Action: 0.0924, Strategy: 0.0029, LR: 0.000150
  Action Accuracy - Exact: 0.00%, Card: 90.44%
  Strategy Accuracy - Overall: 95.38%, Understanding Rate: 0.00%
  Strategy Accuracy by Class - bomb: 0.00%, suppress: 0.00%, group: 0.00%, follow: 100.00%, discard: 93.06%
Epoch 15/100:
  Loss - Total: 0.2143, Action: 0.0920, Strategy: 0.0027, LR: 0.000150
  Action Accuracy - Exact: 0.00%, Card: 90.44%
  Strategy Accuracy - Overall: 95.38%, Understanding Rate: 0.00%
  Strategy Accuracy by Class - bomb: 0.00%, suppress: 0.00%, group: 0.00%, follow: 100.00%, discard: 93.06%
Epoch 16/100:
  Loss - Total: 0.2122, Action: 0.0923, Strategy: 0.0024, LR: 0.000150
  Action Accuracy - Exact: 0.00%, Card: 90.44%
  Strategy Accuracy - Overall: 95.79%, Understanding Rate: 0.00%
  Strategy Accuracy by Class - bomb: 0.00%, suppress: 0.00%, group: 0.00%, follow: 100.00%, discard: 97.22%
Epoch 17/100:
  Loss - Total: 0.2082, Action: 0.0912, Strategy: 0.0023, LR: 0.000150
  Action Accuracy - Exact: 0.00%, Card: 90.44%
  Strategy Accuracy - Overall: 95.65%, Understanding Rate: 0.00%
  Strategy Accuracy by Class - bomb: 0.00%, suppress: 0.00%, group: 0.00%, follow: 100.00%, discard: 95.83%
Epoch 18/100:
  Loss - Total: 0.2074, Action: 0.0914, Strategy: 0.0022, LR: 0.000150
  Action Accuracy - Exact: 0.00%, Card: 90.44%
  Strategy Accuracy - Overall: 95.79%, Understanding Rate: 0.00%
  Strategy Accuracy by Class - bomb: 0.00%, suppress: 6.67%, group: 0.00%, follow: 100.00%, discard: 95.83%
Epoch 19/100:
  Loss - Total: 0.2061, Action: 0.0912, Strategy: 0.0021, LR: 0.000150
  Action Accuracy - Exact: 0.00%, Card: 90.44%
  Strategy Accuracy - Overall: 96.60%, Understanding Rate: 0.00%
  Strategy Accuracy by Class - bomb: 0.00%, suppress: 33.33%, group: 0.00%, follow: 100.00%, discard: 98.61%
Epoch 20/100:
  Loss - Total: 0.2033, Action: 0.0910, Strategy: 0.0019, LR: 0.000150
  Action Accuracy - Exact: 0.00%, Card: 90.44%
  Strategy Accuracy - Overall: 97.01%, Understanding Rate: 0.00%
  Strategy Accuracy by Class - bomb: 0.00%, suppress: 46.67%, group: 0.00%, follow: 100.00%, discard: 100.00%
  [Checkpoint] Model saved to models/bc_model_v1_fixed_epoch_20.pth
Epoch 21/100:
  Loss - Total: 0.2012, Action: 0.0907, Strategy: 0.0017, LR: 0.000075
  Action Accuracy - Exact: 0.00%, Card: 90.44%
  Strategy Accuracy - Overall: 97.28%, Understanding Rate: 0.00%
  Strategy Accuracy by Class - bomb: 0.00%, suppress: 66.67%, group: 0.00%, follow: 100.00%, discard: 98.61%
Epoch 22/100:
  Loss - Total: 0.2010, Action: 0.0906, Strategy: 0.0018, LR: 0.000075
  Action Accuracy - Exact: 0.00%, Card: 90.44%
  Strategy Accuracy - Overall: 97.28%, Understanding Rate: 0.00%
  Strategy Accuracy by Class - bomb: 0.00%, suppress: 66.67%, group: 0.00%, follow: 100.00%, discard: 98.61%
Epoch 23/100:
  Loss - Total: 0.2021, Action: 0.0911, Strategy: 0.0018, LR: 0.000075
  Action Accuracy - Exact: 0.00%, Card: 90.44%
  Strategy Accuracy - Overall: 97.42%, Understanding Rate: 0.00%
  Strategy Accuracy by Class - bomb: 0.00%, suppress: 73.33%, group: 0.00%, follow: 100.00%, discard: 98.61%
Epoch 24/100:
  Loss - Total: 0.2009, Action: 0.0905, Strategy: 0.0018, LR: 0.000075
  Action Accuracy - Exact: 0.00%, Card: 90.44%
  Strategy Accuracy - Overall: 97.55%, Understanding Rate: 0.00%
  Strategy Accuracy by Class - bomb: 0.00%, suppress: 80.00%, group: 0.00%, follow: 100.00%, discard: 98.61%
Epoch 25/100:
  Loss - Total: 0.1996, Action: 0.0904, Strategy: 0.0017, LR: 0.000075
  Action Accuracy - Exact: 0.00%, Card: 90.44%
  Strategy Accuracy - Overall: 97.55%, Understanding Rate: 0.00%
  Strategy Accuracy by Class - bomb: 0.00%, suppress: 80.00%, group: 0.00%, follow: 100.00%, discard: 98.61%
Epoch 26/100:
  Loss - Total: 0.1988, Action: 0.0905, Strategy: 0.0016, LR: 0.000075
  Action Accuracy - Exact: 0.00%, Card: 90.44%
  Strategy Accuracy - Overall: 97.96%, Understanding Rate: 0.00%
  Strategy Accuracy by Class - bomb: 0.00%, suppress: 93.33%, group: 0.00%, follow: 100.00%, discard: 100.00%
Epoch 27/100:
  Loss - Total: 0.1977, Action: 0.0900, Strategy: 0.0016, LR: 0.000075
  Action Accuracy - Exact: 0.00%, Card: 90.44%
  Strategy Accuracy - Overall: 97.69%, Understanding Rate: 0.00%
  Strategy Accuracy by Class - bomb: 0.00%, suppress: 86.67%, group: 0.00%, follow: 100.00%, discard: 98.61%
Epoch 28/100:
  Loss - Total: 0.1988, Action: 0.0904, Strategy: 0.0016, LR: 0.000075
  Action Accuracy - Exact: 0.00%, Card: 90.44%
  Strategy Accuracy - Overall: 97.96%, Understanding Rate: 0.00%
  Strategy Accuracy by Class - bomb: 0.00%, suppress: 93.33%, group: 0.00%, follow: 100.00%, discard: 100.00%
Epoch 29/100:
  Loss - Total: 0.1965, Action: 0.0900, Strategy: 0.0015, LR: 0.000075
  Action Accuracy - Exact: 0.00%, Card: 90.44%
  Strategy Accuracy - Overall: 97.96%, Understanding Rate: 0.00%
  Strategy Accuracy by Class - bomb: 0.00%, suppress: 93.33%, group: 0.00%, follow: 100.00%, discard: 100.00%
Epoch 30/100:
  Loss - Total: 0.1969, Action: 0.0900, Strategy: 0.0015, LR: 0.000075
  Action Accuracy - Exact: 0.00%, Card: 90.45%
  Strategy Accuracy - Overall: 97.83%, Understanding Rate: 0.00%
  Strategy Accuracy by Class - bomb: 0.00%, suppress: 93.33%, group: 0.00%, follow: 100.00%, discard: 98.61%
  [Checkpoint] Model saved to models/bc_model_v1_fixed_epoch_30.pth
Epoch 31/100:
  Loss - Total: 0.1970, Action: 0.0901, Strategy: 0.0015, LR: 0.000037
  Action Accuracy - Exact: 0.00%, Card: 90.45%
  Strategy Accuracy - Overall: 97.96%, Understanding Rate: 0.00%
  Strategy Accuracy by Class - bomb: 0.00%, suppress: 93.33%, group: 0.00%, follow: 100.00%, discard: 100.00%
Epoch 32/100:
  Loss - Total: 0.1960, Action: 0.0899, Strategy: 0.0014, LR: 0.000037
  Action Accuracy - Exact: 0.00%, Card: 90.45%
  Strategy Accuracy - Overall: 98.10%, Understanding Rate: 0.00%
  Strategy Accuracy by Class - bomb: 0.00%, suppress: 100.00%, group: 0.00%, follow: 100.00%, discard: 100.00%
Epoch 33/100:
  Loss - Total: 0.1945, Action: 0.0895, Strategy: 0.0014, LR: 0.000037
  Action Accuracy - Exact: 0.00%, Card: 90.45%
  Strategy Accuracy - Overall: 98.10%, Understanding Rate: 0.00%
  Strategy Accuracy by Class - bomb: 0.00%, suppress: 100.00%, group: 0.00%, follow: 100.00%, discard: 100.00%
Epoch 34/100:
  Loss - Total: 0.1947, Action: 0.0898, Strategy: 0.0013, LR: 0.000037
  Action Accuracy - Exact: 0.00%, Card: 90.45%
  Strategy Accuracy - Overall: 97.83%, Understanding Rate: 0.00%
  Strategy Accuracy by Class - bomb: 0.00%, suppress: 93.33%, group: 0.00%, follow: 100.00%, discard: 98.61%
Epoch 35/100:
  Loss - Total: 0.1955, Action: 0.0899, Strategy: 0.0014, LR: 0.000037
  Action Accuracy - Exact: 0.00%, Card: 90.45%
  Strategy Accuracy - Overall: 97.96%, Understanding Rate: 0.00%
  Strategy Accuracy by Class - bomb: 0.00%, suppress: 93.33%, group: 0.00%, follow: 100.00%, discard: 100.00%
Epoch 36/100:
  Loss - Total: 0.1953, Action: 0.0899, Strategy: 0.0014, LR: 0.000037
  Action Accuracy - Exact: 0.00%, Card: 90.45%
  Strategy Accuracy - Overall: 97.96%, Understanding Rate: 0.00%
  Strategy Accuracy by Class - bomb: 0.00%, suppress: 93.33%, group: 0.00%, follow: 100.00%, discard: 100.00%
Epoch 37/100:
  Loss - Total: 0.1961, Action: 0.0902, Strategy: 0.0014, LR: 0.000037
  Action Accuracy - Exact: 0.00%, Card: 90.45%
  Strategy Accuracy - Overall: 97.83%, Understanding Rate: 0.00%
  Strategy Accuracy by Class - bomb: 0.00%, suppress: 100.00%, group: 0.00%, follow: 100.00%, discard: 97.22%
Epoch 38/100:
  Loss - Total: 0.1953, Action: 0.0897, Strategy: 0.0014, LR: 0.000037
  Action Accuracy - Exact: 0.00%, Card: 90.45%
  Strategy Accuracy - Overall: 98.10%, Understanding Rate: 0.00%
  Strategy Accuracy by Class - bomb: 0.00%, suppress: 100.00%, group: 0.00%, follow: 100.00%, discard: 100.00%
Epoch 39/100:
  Loss - Total: 0.1953, Action: 0.0903, Strategy: 0.0013, LR: 0.000037
  Action Accuracy - Exact: 0.00%, Card: 90.45%
  Strategy Accuracy - Overall: 97.96%, Understanding Rate: 0.00%
  Strategy Accuracy by Class - bomb: 0.00%, suppress: 93.33%, group: 0.00%, follow: 100.00%, discard: 100.00%
Epoch 40/100:
  Loss - Total: 0.1934, Action: 0.0897, Strategy: 0.0012, LR: 0.000037
  Action Accuracy - Exact: 0.00%, Card: 90.45%
  Strategy Accuracy - Overall: 98.10%, Understanding Rate: 0.00%
  Strategy Accuracy by Class - bomb: 0.00%, suppress: 100.00%, group: 0.00%, follow: 100.00%, discard: 100.00%
  [Checkpoint] Model saved to models/bc_model_v1_fixed_epoch_40.pth
Epoch 41/100:
  Loss - Total: 0.1931, Action: 0.0895, Strategy: 0.0012, LR: 0.000019
  Action Accuracy - Exact: 0.00%, Card: 90.45%
  Strategy Accuracy - Overall: 97.96%, Understanding Rate: 0.00%
  Strategy Accuracy by Class - bomb: 0.00%, suppress: 93.33%, group: 0.00%, follow: 100.00%, discard: 100.00%
Epoch 42/100:
  Loss - Total: 0.1939, Action: 0.0900, Strategy: 0.0012, LR: 0.000019
  Action Accuracy - Exact: 0.00%, Card: 90.45%
  Strategy Accuracy - Overall: 98.10%, Understanding Rate: 0.00%
  Strategy Accuracy by Class - bomb: 0.00%, suppress: 93.33%, group: 9.09%, follow: 100.00%, discard: 100.00%
Epoch 43/100:
  Loss - Total: 0.1946, Action: 0.0899, Strategy: 0.0013, LR: 0.000019
  Action Accuracy - Exact: 0.00%, Card: 90.45%
  Strategy Accuracy - Overall: 98.10%, Understanding Rate: 0.00%
  Strategy Accuracy by Class - bomb: 0.00%, suppress: 100.00%, group: 0.00%, follow: 100.00%, discard: 100.00%
Epoch 44/100:
  Loss - Total: 0.1928, Action: 0.0894, Strategy: 0.0012, LR: 0.000019
  Action Accuracy - Exact: 0.00%, Card: 90.45%
  Strategy Accuracy - Overall: 98.10%, Understanding Rate: 0.00%
  Strategy Accuracy by Class - bomb: 0.00%, suppress: 100.00%, group: 0.00%, follow: 100.00%, discard: 100.00%
Epoch 45/100:
  Loss - Total: 0.1936, Action: 0.0898, Strategy: 0.0012, LR: 0.000019
  Action Accuracy - Exact: 0.00%, Card: 90.45%
  Strategy Accuracy - Overall: 97.96%, Understanding Rate: 0.00%
  Strategy Accuracy by Class - bomb: 0.00%, suppress: 93.33%, group: 0.00%, follow: 100.00%, discard: 100.00%
Epoch 46/100:
  Loss - Total: 0.1939, Action: 0.0897, Strategy: 0.0013, LR: 0.000019
  Action Accuracy - Exact: 0.00%, Card: 90.45%
  Strategy Accuracy - Overall: 97.96%, Understanding Rate: 0.00%
  Strategy Accuracy by Class - bomb: 0.00%, suppress: 93.33%, group: 0.00%, follow: 100.00%, discard: 100.00%
Epoch 47/100:
  Loss - Total: 0.1928, Action: 0.0896, Strategy: 0.0012, LR: 0.000019
  Action Accuracy - Exact: 0.00%, Card: 90.45%
  Strategy Accuracy - Overall: 98.10%, Understanding Rate: 0.00%
  Strategy Accuracy by Class - bomb: 0.00%, suppress: 93.33%, group: 9.09%, follow: 100.00%, discard: 100.00%
Epoch 48/100:
  Loss - Total: 0.1925, Action: 0.0894, Strategy: 0.0012, LR: 0.000019
  Action Accuracy - Exact: 0.00%, Card: 90.45%
  Strategy Accuracy - Overall: 98.10%, Understanding Rate: 0.00%
  Strategy Accuracy by Class - bomb: 0.00%, suppress: 100.00%, group: 0.00%, follow: 100.00%, discard: 100.00%
Epoch 49/100:
  Loss - Total: 0.1935, Action: 0.0897, Strategy: 0.0012, LR: 0.000019
  Action Accuracy - Exact: 0.00%, Card: 90.45%
  Strategy Accuracy - Overall: 98.10%, Understanding Rate: 0.00%
  Strategy Accuracy by Class - bomb: 0.00%, suppress: 100.00%, group: 0.00%, follow: 100.00%, discard: 100.00%
Epoch 50/100:
  Loss - Total: 0.1933, Action: 0.0898, Strategy: 0.0012, LR: 0.000019
  Action Accuracy - Exact: 0.00%, Card: 90.45%
  Strategy Accuracy - Overall: 97.96%, Understanding Rate: 0.00%
  Strategy Accuracy by Class - bomb: 0.00%, suppress: 100.00%, group: 0.00%, follow: 100.00%, discard: 98.61%
  [Checkpoint] Model saved to models/bc_model_v1_fixed_epoch_50.pth
Epoch 51/100:
  Loss - Total: 0.1929, Action: 0.0896, Strategy: 0.0012, LR: 0.000009
  Action Accuracy - Exact: 0.00%, Card: 90.45%
  Strategy Accuracy - Overall: 98.23%, Understanding Rate: 0.00%
  Strategy Accuracy by Class - bomb: 0.00%, suppress: 100.00%, group: 9.09%, follow: 100.00%, discard: 100.00%
Epoch 52/100:
  Loss - Total: 0.1926, Action: 0.0897, Strategy: 0.0012, LR: 0.000009
  Action Accuracy - Exact: 0.00%, Card: 90.45%
  Strategy Accuracy - Overall: 98.10%, Understanding Rate: 0.00%
  Strategy Accuracy by Class - bomb: 0.00%, suppress: 100.00%, group: 0.00%, follow: 100.00%, discard: 100.00%
Epoch 53/100:
  Loss - Total: 0.1938, Action: 0.0898, Strategy: 0.0013, LR: 0.000009
  Action Accuracy - Exact: 0.00%, Card: 90.45%
  Strategy Accuracy - Overall: 98.23%, Understanding Rate: 0.00%
  Strategy Accuracy by Class - bomb: 0.00%, suppress: 100.00%, group: 9.09%, follow: 100.00%, discard: 100.00%
Epoch 54/100:
  Loss - Total: 0.1936, Action: 0.0897, Strategy: 0.0013, LR: 0.000009
  Action Accuracy - Exact: 0.00%, Card: 90.45%
  Strategy Accuracy - Overall: 98.10%, Understanding Rate: 0.00%
  Strategy Accuracy by Class - bomb: 0.00%, suppress: 100.00%, group: 0.00%, follow: 100.00%, discard: 100.00%
Epoch 55/100:
  Loss - Total: 0.1937, Action: 0.0902, Strategy: 0.0012, LR: 0.000009
  Action Accuracy - Exact: 0.00%, Card: 90.45%
  Strategy Accuracy - Overall: 98.23%, Understanding Rate: 0.00%
  Strategy Accuracy by Class - bomb: 0.00%, suppress: 100.00%, group: 9.09%, follow: 100.00%, discard: 100.00%
Epoch 56/100:
  Loss - Total: 0.1942, Action: 0.0898, Strategy: 0.0013, LR: 0.000009
  Action Accuracy - Exact: 0.00%, Card: 90.45%
  Strategy Accuracy - Overall: 98.10%, Understanding Rate: 0.00%
  Strategy Accuracy by Class - bomb: 0.00%, suppress: 93.33%, group: 9.09%, follow: 100.00%, discard: 100.00%
Epoch 57/100:
  Loss - Total: 0.1925, Action: 0.0894, Strategy: 0.0012, LR: 0.000009
  Action Accuracy - Exact: 0.00%, Card: 90.45%
  Strategy Accuracy - Overall: 98.10%, Understanding Rate: 0.00%
  Strategy Accuracy by Class - bomb: 0.00%, suppress: 100.00%, group: 0.00%, follow: 100.00%, discard: 100.00%
Epoch 58/100:
  Loss - Total: 0.1946, Action: 0.0901, Strategy: 0.0013, LR: 0.000009
  Action Accuracy - Exact: 0.00%, Card: 90.45%
  Strategy Accuracy - Overall: 98.10%, Understanding Rate: 0.00%
  Strategy Accuracy by Class - bomb: 0.00%, suppress: 93.33%, group: 9.09%, follow: 100.00%, discard: 100.00%
Epoch 59/100:
  Loss - Total: 0.1926, Action: 0.0894, Strategy: 0.0012, LR: 0.000009
  Action Accuracy - Exact: 0.00%, Card: 90.45%
  Strategy Accuracy - Overall: 98.23%, Understanding Rate: 0.00%
  Strategy Accuracy by Class - bomb: 0.00%, suppress: 93.33%, group: 18.18%, follow: 100.00%, discard: 100.00%
Epoch 60/100:
  Loss - Total: 0.1927, Action: 0.0896, Strategy: 0.0012, LR: 0.000009
  Action Accuracy - Exact: 0.00%, Card: 90.45%
  Strategy Accuracy - Overall: 98.23%, Understanding Rate: 0.00%
  Strategy Accuracy by Class - bomb: 0.00%, suppress: 100.00%, group: 9.09%, follow: 100.00%, discard: 100.00%
  [Checkpoint] Model saved to models/bc_model_v1_fixed_epoch_60.pth
Epoch 61/100:
  Loss - Total: 0.1928, Action: 0.0891, Strategy: 0.0013, LR: 0.000005
  Action Accuracy - Exact: 0.00%, Card: 90.45%
  Strategy Accuracy - Overall: 98.10%, Understanding Rate: 0.00%
  Strategy Accuracy by Class - bomb: 0.00%, suppress: 100.00%, group: 9.09%, follow: 100.00%, discard: 98.61%
Epoch 62/100:
  Loss - Total: 0.1925, Action: 0.0897, Strategy: 0.0012, LR: 0.000005
  Action Accuracy - Exact: 0.00%, Card: 90.45%
  Strategy Accuracy - Overall: 98.37%, Understanding Rate: 0.00%
  Strategy Accuracy by Class - bomb: 0.00%, suppress: 100.00%, group: 18.18%, follow: 100.00%, discard: 100.00%
Epoch 63/100:
  Loss - Total: 0.1925, Action: 0.0897, Strategy: 0.0012, LR: 0.000005
  Action Accuracy - Exact: 0.00%, Card: 90.46%
  Strategy Accuracy - Overall: 98.23%, Understanding Rate: 0.00%
  Strategy Accuracy by Class - bomb: 0.00%, suppress: 100.00%, group: 9.09%, follow: 100.00%, discard: 100.00%
Epoch 64/100:
  Loss - Total: 0.1930, Action: 0.0898, Strategy: 0.0012, LR: 0.000005
  Action Accuracy - Exact: 0.00%, Card: 90.45%
  Strategy Accuracy - Overall: 97.96%, Understanding Rate: 0.00%
  Strategy Accuracy by Class - bomb: 0.00%, suppress: 100.00%, group: 0.00%, follow: 100.00%, discard: 98.61%
Epoch 65/100:
  Loss - Total: 0.1916, Action: 0.0892, Strategy: 0.0012, LR: 0.000005
  Action Accuracy - Exact: 0.00%, Card: 90.45%
  Strategy Accuracy - Overall: 98.10%, Understanding Rate: 0.00%
  Strategy Accuracy by Class - bomb: 0.00%, suppress: 100.00%, group: 0.00%, follow: 100.00%, discard: 100.00%
Epoch 66/100:
  Loss - Total: 0.1915, Action: 0.0895, Strategy: 0.0011, LR: 0.000005
  Action Accuracy - Exact: 0.00%, Card: 90.45%
  Strategy Accuracy - Overall: 97.96%, Understanding Rate: 0.00%
  Strategy Accuracy by Class - bomb: 0.00%, suppress: 100.00%, group: 0.00%, follow: 100.00%, discard: 98.61%
Epoch 67/100:
  Loss - Total: 0.1929, Action: 0.0897, Strategy: 0.0012, LR: 0.000005
  Action Accuracy - Exact: 0.00%, Card: 90.45%
  Strategy Accuracy - Overall: 98.23%, Understanding Rate: 0.00%
  Strategy Accuracy by Class - bomb: 0.00%, suppress: 100.00%, group: 9.09%, follow: 100.00%, discard: 100.00%
Epoch 68/100:
  Loss - Total: 0.1915, Action: 0.0893, Strategy: 0.0011, LR: 0.000005
  Action Accuracy - Exact: 0.00%, Card: 90.45%
  Strategy Accuracy - Overall: 98.37%, Understanding Rate: 0.00%
  Strategy Accuracy by Class - bomb: 0.00%, suppress: 100.00%, group: 18.18%, follow: 100.00%, discard: 100.00%
Epoch 69/100:
  Loss - Total: 0.1916, Action: 0.0895, Strategy: 0.0011, LR: 0.000005
  Action Accuracy - Exact: 0.00%, Card: 90.45%
  Strategy Accuracy - Overall: 98.23%, Understanding Rate: 0.00%
  Strategy Accuracy by Class - bomb: 0.00%, suppress: 100.00%, group: 9.09%, follow: 100.00%, discard: 100.00%
Epoch 70/100:
  Loss - Total: 0.1912, Action: 0.0890, Strategy: 0.0012, LR: 0.000005
  Action Accuracy - Exact: 0.00%, Card: 90.45%
  Strategy Accuracy - Overall: 98.10%, Understanding Rate: 0.00%
  Strategy Accuracy by Class - bomb: 0.00%, suppress: 93.33%, group: 9.09%, follow: 100.00%, discard: 100.00%
  [Checkpoint] Model saved to models/bc_model_v1_fixed_epoch_70.pth
Epoch 71/100:
  Loss - Total: 0.1922, Action: 0.0895, Strategy: 0.0012, LR: 0.000002
  Action Accuracy - Exact: 0.00%, Card: 90.45%
  Strategy Accuracy - Overall: 98.23%, Understanding Rate: 0.00%
  Strategy Accuracy by Class - bomb: 0.00%, suppress: 100.00%, group: 9.09%, follow: 100.00%, discard: 100.00%
Epoch 72/100:
  Loss - Total: 0.1923, Action: 0.0896, Strategy: 0.0011, LR: 0.000002
  Action Accuracy - Exact: 0.00%, Card: 90.46%
  Strategy Accuracy - Overall: 98.23%, Understanding Rate: 0.00%
  Strategy Accuracy by Class - bomb: 0.00%, suppress: 100.00%, group: 9.09%, follow: 100.00%, discard: 100.00%
Epoch 73/100:
  Loss - Total: 0.1917, Action: 0.0894, Strategy: 0.0011, LR: 0.000002
  Action Accuracy - Exact: 0.00%, Card: 90.45%
  Strategy Accuracy - Overall: 98.10%, Understanding Rate: 0.00%
  Strategy Accuracy by Class - bomb: 0.00%, suppress: 100.00%, group: 0.00%, follow: 100.00%, discard: 100.00%
Epoch 74/100:
  Loss - Total: 0.1918, Action: 0.0895, Strategy: 0.0011, LR: 0.000002
  Action Accuracy - Exact: 0.00%, Card: 90.46%
  Strategy Accuracy - Overall: 98.23%, Understanding Rate: 0.00%
  Strategy Accuracy by Class - bomb: 0.00%, suppress: 100.00%, group: 9.09%, follow: 100.00%, discard: 100.00%
Epoch 75/100:
  Loss - Total: 0.1921, Action: 0.0897, Strategy: 0.0011, LR: 0.000002
  Action Accuracy - Exact: 0.00%, Card: 90.45%
  Strategy Accuracy - Overall: 98.37%, Understanding Rate: 0.00%
  Strategy Accuracy by Class - bomb: 0.00%, suppress: 100.00%, group: 27.27%, follow: 100.00%, discard: 98.61%
Epoch 76/100:
  Loss - Total: 0.1919, Action: 0.0896, Strategy: 0.0011, LR: 0.000002
  Action Accuracy - Exact: 0.00%, Card: 90.45%
  Strategy Accuracy - Overall: 98.10%, Understanding Rate: 0.00%
  Strategy Accuracy by Class - bomb: 0.00%, suppress: 100.00%, group: 0.00%, follow: 100.00%, discard: 100.00%
Epoch 77/100:
  Loss - Total: 0.1925, Action: 0.0897, Strategy: 0.0012, LR: 0.000002
  Action Accuracy - Exact: 0.00%, Card: 90.45%
  Strategy Accuracy - Overall: 98.37%, Understanding Rate: 0.00%
  Strategy Accuracy by Class - bomb: 0.00%, suppress: 100.00%, group: 18.18%, follow: 100.00%, discard: 100.00%
Epoch 78/100:
  Loss - Total: 0.1932, Action: 0.0895, Strategy: 0.0013, LR: 0.000002
  Action Accuracy - Exact: 0.00%, Card: 90.45%
  Strategy Accuracy - Overall: 98.23%, Understanding Rate: 0.00%
  Strategy Accuracy by Class - bomb: 0.00%, suppress: 100.00%, group: 9.09%, follow: 100.00%, discard: 100.00%
Epoch 79/100:
  Loss - Total: 0.1925, Action: 0.0895, Strategy: 0.0012, LR: 0.000002
  Action Accuracy - Exact: 0.00%, Card: 90.45%
  Strategy Accuracy - Overall: 98.51%, Understanding Rate: 0.00%
  Strategy Accuracy by Class - bomb: 0.00%, suppress: 100.00%, group: 27.27%, follow: 100.00%, discard: 100.00%
Epoch 80/100:
  Loss - Total: 0.1927, Action: 0.0899, Strategy: 0.0011, LR: 0.000002
  Action Accuracy - Exact: 0.00%, Card: 90.46%
  Strategy Accuracy - Overall: 98.10%, Understanding Rate: 0.00%
  Strategy Accuracy by Class - bomb: 0.00%, suppress: 100.00%, group: 0.00%, follow: 100.00%, discard: 100.00%
  [Checkpoint] Model saved to models/bc_model_v1_fixed_epoch_80.pth
Epoch 81/100:
  Loss - Total: 0.1952, Action: 0.0903, Strategy: 0.0013, LR: 0.000001
  Action Accuracy - Exact: 0.00%, Card: 90.46%
  Strategy Accuracy - Overall: 98.23%, Understanding Rate: 0.00%
  Strategy Accuracy by Class - bomb: 0.00%, suppress: 100.00%, group: 9.09%, follow: 100.00%, discard: 100.00%
Epoch 82/100:
  Loss - Total: 0.1928, Action: 0.0899, Strategy: 0.0012, LR: 0.000001
  Action Accuracy - Exact: 0.00%, Card: 90.46%
  Strategy Accuracy - Overall: 98.23%, Understanding Rate: 0.00%
  Strategy Accuracy by Class - bomb: 0.00%, suppress: 100.00%, group: 9.09%, follow: 100.00%, discard: 100.00%
Epoch 83/100:
  Loss - Total: 0.1916, Action: 0.0894, Strategy: 0.0011, LR: 0.000001
  Action Accuracy - Exact: 0.00%, Card: 90.45%
  Strategy Accuracy - Overall: 98.23%, Understanding Rate: 0.00%
  Strategy Accuracy by Class - bomb: 0.00%, suppress: 100.00%, group: 9.09%, follow: 100.00%, discard: 100.00%
Epoch 84/100:
  Loss - Total: 0.1912, Action: 0.0893, Strategy: 0.0011, LR: 0.000001
  Action Accuracy - Exact: 0.00%, Card: 90.46%
  Strategy Accuracy - Overall: 98.37%, Understanding Rate: 0.00%
  Strategy Accuracy by Class - bomb: 0.00%, suppress: 100.00%, group: 18.18%, follow: 100.00%, discard: 100.00%
Epoch 85/100:
  Loss - Total: 0.1914, Action: 0.0895, Strategy: 0.0011, LR: 0.000001
  Action Accuracy - Exact: 0.00%, Card: 90.46%
  Strategy Accuracy - Overall: 98.10%, Understanding Rate: 0.00%
  Strategy Accuracy by Class - bomb: 0.00%, suppress: 100.00%, group: 0.00%, follow: 100.00%, discard: 100.00%
Epoch 86/100:
  Loss - Total: 0.1929, Action: 0.0895, Strategy: 0.0012, LR: 0.000001
  Action Accuracy - Exact: 0.00%, Card: 90.46%
  Strategy Accuracy - Overall: 98.37%, Understanding Rate: 0.00%
  Strategy Accuracy by Class - bomb: 0.00%, suppress: 100.00%, group: 18.18%, follow: 100.00%, discard: 100.00%
Epoch 87/100:
  Loss - Total: 0.1935, Action: 0.0898, Strategy: 0.0012, LR: 0.000001
  Action Accuracy - Exact: 0.00%, Card: 90.46%
  Strategy Accuracy - Overall: 98.37%, Understanding Rate: 0.00%
  Strategy Accuracy by Class - bomb: 0.00%, suppress: 100.00%, group: 18.18%, follow: 100.00%, discard: 100.00%
Epoch 88/100:
  Loss - Total: 0.1918, Action: 0.0892, Strategy: 0.0012, LR: 0.000001
  Action Accuracy - Exact: 0.00%, Card: 90.45%
  Strategy Accuracy - Overall: 98.23%, Understanding Rate: 0.00%
  Strategy Accuracy by Class - bomb: 0.00%, suppress: 100.00%, group: 9.09%, follow: 100.00%, discard: 100.00%
Epoch 89/100:
  Loss - Total: 0.1922, Action: 0.0896, Strategy: 0.0012, LR: 0.000001
  Action Accuracy - Exact: 0.00%, Card: 90.45%
  Strategy Accuracy - Overall: 98.23%, Understanding Rate: 0.00%
  Strategy Accuracy by Class - bomb: 0.00%, suppress: 100.00%, group: 18.18%, follow: 100.00%, discard: 98.61%
Epoch 90/100:
  Loss - Total: 0.1928, Action: 0.0897, Strategy: 0.0012, LR: 0.000001
  Action Accuracy - Exact: 0.00%, Card: 90.45%
  Strategy Accuracy - Overall: 98.23%, Understanding Rate: 0.00%
  Strategy Accuracy by Class - bomb: 0.00%, suppress: 100.00%, group: 9.09%, follow: 100.00%, discard: 100.00%
  [Checkpoint] Model saved to models/bc_model_v1_fixed_epoch_90.pth
Epoch 91/100:
  Loss - Total: 0.1945, Action: 0.0899, Strategy: 0.0013, LR: 0.000001
  Action Accuracy - Exact: 0.00%, Card: 90.46%
  Strategy Accuracy - Overall: 98.23%, Understanding Rate: 0.00%
  Strategy Accuracy by Class - bomb: 0.00%, suppress: 100.00%, group: 9.09%, follow: 100.00%, discard: 100.00%
Epoch 92/100:
  Loss - Total: 0.1922, Action: 0.0894, Strategy: 0.0012, LR: 0.000001
  Action Accuracy - Exact: 0.00%, Card: 90.46%
  Strategy Accuracy - Overall: 98.64%, Understanding Rate: 0.00%
  Strategy Accuracy by Class - bomb: 0.00%, suppress: 100.00%, group: 36.36%, follow: 100.00%, discard: 100.00%
Epoch 93/100:
  Loss - Total: 0.1930, Action: 0.0899, Strategy: 0.0012, LR: 0.000001
  Action Accuracy - Exact: 0.00%, Card: 90.45%
  Strategy Accuracy - Overall: 98.10%, Understanding Rate: 0.00%
  Strategy Accuracy by Class - bomb: 0.00%, suppress: 100.00%, group: 0.00%, follow: 100.00%, discard: 100.00%
Epoch 94/100:
  Loss - Total: 0.1908, Action: 0.0892, Strategy: 0.0011, LR: 0.000001
  Action Accuracy - Exact: 0.00%, Card: 90.45%
  Strategy Accuracy - Overall: 98.23%, Understanding Rate: 0.00%
  Strategy Accuracy by Class - bomb: 0.00%, suppress: 93.33%, group: 18.18%, follow: 100.00%, discard: 100.00%
Epoch 95/100:
  Loss - Total: 0.1930, Action: 0.0900, Strategy: 0.0011, LR: 0.000001
  Action Accuracy - Exact: 0.00%, Card: 90.45%
  Strategy Accuracy - Overall: 98.23%, Understanding Rate: 0.00%
  Strategy Accuracy by Class - bomb: 0.00%, suppress: 100.00%, group: 9.09%, follow: 100.00%, discard: 100.00%
Epoch 96/100:
  Loss - Total: 0.1915, Action: 0.0895, Strategy: 0.0011, LR: 0.000001
  Action Accuracy - Exact: 0.00%, Card: 90.46%
  Strategy Accuracy - Overall: 98.37%, Understanding Rate: 0.00%
  Strategy Accuracy by Class - bomb: 0.00%, suppress: 100.00%, group: 18.18%, follow: 100.00%, discard: 100.00%
Epoch 97/100:
  Loss - Total: 0.1919, Action: 0.0895, Strategy: 0.0011, LR: 0.000001
  Action Accuracy - Exact: 0.00%, Card: 90.45%
  Strategy Accuracy - Overall: 98.23%, Understanding Rate: 0.00%
  Strategy Accuracy by Class - bomb: 0.00%, suppress: 100.00%, group: 9.09%, follow: 100.00%, discard: 100.00%
Epoch 98/100:
  Loss - Total: 0.1925, Action: 0.0894, Strategy: 0.0012, LR: 0.000001
  Action Accuracy - Exact: 0.00%, Card: 90.45%
  Strategy Accuracy - Overall: 98.23%, Understanding Rate: 0.00%
  Strategy Accuracy by Class - bomb: 0.00%, suppress: 100.00%, group: 9.09%, follow: 100.00%, discard: 100.00%
Epoch 99/100:
  Loss - Total: 0.1921, Action: 0.0894, Strategy: 0.0012, LR: 0.000001
  Action Accuracy - Exact: 0.00%, Card: 90.46%
  Strategy Accuracy - Overall: 98.37%, Understanding Rate: 0.00%
  Strategy Accuracy by Class - bomb: 0.00%, suppress: 100.00%, group: 18.18%, follow: 100.00%, discard: 100.00%
Epoch 100/100:
  Loss - Total: 0.1918, Action: 0.0894, Strategy: 0.0011, LR: 0.000001
  Action Accuracy - Exact: 0.00%, Card: 90.45%
  Strategy Accuracy - Overall: 98.23%, Understanding Rate: 0.00%
  Strategy Accuracy by Class - bomb: 0.00%, suppress: 100.00%, group: 9.09%, follow: 100.00%, discard: 100.00%
  [Checkpoint] Model saved to models/bc_model_v1_fixed_epoch_100.pth
Model saved to models/bc_model_v1_fixed.pth
Training history saved to models/bc_model_v1_fixed_training_history.json

============================================================
训练完成摘要
============================================================
最终动作预测准确率 - 完全匹配: 0.00%, 卡牌级别: 90.45%
最终策略分类准确率: 98.23%
最终策略理解率: 0.00%
============================================================

============================================================
训练完成！
============================================================
下一步：运行评估脚本验证卡牌识别准确率
  python src/train/evaluate_model_on_training_data.py
