============================================================
改进训练：提高三带二识别准确率
============================================================
改进内容:
  1. 三带二样本权重：3.0倍（最高）
  2. 顺子样本权重：2.0倍
  3. 炸弹样本权重：1.5倍
  4. 复杂组合样本权重：1.2倍
  5. 使用课程学习，先训练简单牌型，再训练复杂牌型
============================================================
Starting Behavior Cloning Pre-training...
Data directory: game_records
Epochs: 100, Batch size: 64, Learning rate: 0.0003
[最优配置] 学习率衰减: StepLR(step_size=10, gamma=0.5), 损失函数: 加权BCE(pos_weight=2.0)
[阶段2多任务学习] 策略分类头: 启用, 损失权重: α=2.0, β=0.2
Loaded 33023 samples.
[阶段3任务2.6方案D改进版] 渐进式课程学习：启用，阶段数=4
课程设计思路（类似人类学习语言）：
  阶段1：学习基础元素（单牌、对子、三张、三带二、顺子、炸弹等基础牌型）
  阶段2：学习组合策略（组牌、拆牌等组合策略）
  阶段3：学习基本规则（按规则出牌、简单组牌等基本规则）
  阶段4：实战（完整对局，所有复杂情况）
评估样本课程阶段...
  已评估 1000/33023 个样本
  已评估 2000/33023 个样本
  已评估 3000/33023 个样本
  已评估 4000/33023 个样本
  已评估 5000/33023 个样本
  已评估 6000/33023 个样本
  已评估 7000/33023 个样本
  已评估 8000/33023 个样本
  已评估 9000/33023 个样本
  已评估 10000/33023 个样本
  已评估 11000/33023 个样本
  已评估 12000/33023 个样本
  已评估 13000/33023 个样本
  已评估 14000/33023 个样本
  已评估 15000/33023 个样本
  已评估 16000/33023 个样本
  已评估 17000/33023 个样本
  已评估 18000/33023 个样本
  已评估 19000/33023 个样本
  已评估 20000/33023 个样本
  已评估 21000/33023 个样本
  已评估 22000/33023 个样本
  已评估 23000/33023 个样本
  已评估 24000/33023 个样本
  已评估 25000/33023 个样本
  已评估 26000/33023 个样本
  已评估 27000/33023 个样本
  已评估 28000/33023 个样本
  已评估 29000/33023 个样本
  已评估 30000/33023 个样本
  已评估 31000/33023 个样本
  已评估 32000/33023 个样本
  已评估 33000/33023 个样本

牌型分布：{'Sequence': 797, 'Complex': 21668, 'Pass': 60, 'Single': 1054, 'Pair': 3214, 'Bomb': 2909, 'Triple': 1934, 'ThreeWithTwo': 381, 'Unknown': 1006}
策略类型分布：{'group': 11, 'unknown': 60, 'suppress': 15, 'bomb': 3, 'discard': 3309, 'follow': 29625}

阶段样本分布：
  阶段1: 11330个样本
  阶段2: 12017个样本
  阶段3: 4278个样本
  阶段4: 5398个样本
  阶段1: 11330个样本
    牌型分布: {'Pass': 60, 'Single': 1042, 'Pair': 3208, 'Triple': 1934, 'Sequence': 793, 'ThreeWithTwo': 381, 'Bomb': 2906, 'Unknown': 1006}
    策略类型分布: {'unknown': 60, 'discard': 1163, 'follow': 10107}
  阶段2: 12017个样本
    牌型分布: {'Sequence': 4, 'Complex': 11992, 'Single': 12, 'Pair': 6, 'Bomb': 3}
    策略类型分布: {'group': 11, 'suppress': 15, 'bomb': 3, 'discard': 1339, 'follow': 10649}
  阶段3: 4278个样本
    牌型分布: {'Complex': 4278}
    策略类型分布: {'follow': 4042, 'discard': 236}
  阶段4: 5398个样本
    牌型分布: {'Complex': 5398}
    策略类型分布: {'follow': 4827, 'discard': 571}
Using device: cpu
Model: input_dim=512, hidden_dim=256, output_dim=512, dropout_rate=0.05, strategy_head=True (阶段3任务2回退：恢复任务1配置)
[阶段3任务2.7] 使用加权BCE Loss (pos_weight=4.0, dropout_rate=0.05)，提高卡牌识别率
[阶段3任务2.6方案D改进版] 渐进式课程学习：共4个阶段，每个阶段训练约 25 个epoch
Traceback (most recent call last):
  File "D:\YiFeiAI-GD\src\train\train_improve_three_with_two.py", line 27, in <module>
    train_bc(
  File "D:\YiFeiAI-GD\src\train\pretrain.py", line 1151, in train_bc
    if pattern_types is not None:
       ^^^^^^^^^^^^^
NameError: name 'pattern_types' is not defined. Did you mean: 'pattern_type'?
