============================================================
验证最优推理参数 - 阈值=0.1, 缩放因子=10.0
============================================================

验证结果:
  总样本数: 796
  总卡牌数: 2500.0
  正确卡牌数: 2500.0
  卡牌级别准确率: 100.0000%
  完全匹配准确率: 0.00%

预测分布:
  完全匹配: 0个 (0.0%)
  预测过多: 796个 (100.0%)
  预测过少: 0个 (0.0%)

真实卡牌数量分布:
  0张: 41个 (5.2%)
  1张: 27个 (3.4%)
  2张: 339个 (42.6%)
  3张: 111个 (13.9%)
  4张: 74个 (9.3%)
  5张: 69个 (8.7%)
  6张: 124个 (15.6%)
  7张: 11个 (1.4%)

预测卡牌数量分布:
  50张: 3个 (0.4%)
  51张: 3个 (0.4%)
  52张: 24个 (3.0%)
  53张: 59个 (7.4%)
  54张: 27个 (3.4%)
  55张: 9个 (1.1%)
  56张: 6个 (0.8%)
  57张: 3个 (0.4%)
  58张: 7个 (0.9%)
  59张: 23个 (2.9%)
  60张: 9个 (1.1%)
  61张: 5个 (0.6%)
  62张: 6个 (0.8%)
  63张: 5个 (0.6%)
  64张: 6个 (0.8%)
  65张: 4个 (0.5%)
  66张: 9个 (1.1%)
  67张: 5个 (0.6%)
  68张: 4个 (0.5%)
  69张: 4个 (0.5%)

卡牌准确率低于99.9%的样本: 796个
前10个:
  1. 真实=5张, 预测=269张, 准确率=1.86%, 交集=5, 并集=269
  2. 真实=0张, 预测=398张, 准确率=0.00%, 交集=0, 并集=398
  3. 真实=0张, 预测=331张, 准确率=0.00%, 交集=0, 并集=331
  4. 真实=0张, 预测=331张, 准确率=0.00%, 交集=0, 并集=331
  5. 真实=1张, 预测=506张, 准确率=0.20%, 交集=1, 并集=506
  6. 真实=1张, 预测=472张, 准确率=0.21%, 交集=1, 并集=472
  7. 真实=5张, 预测=452张, 准确率=1.11%, 交集=5, 并集=452
  8. 真实=2张, 预测=510张, 准确率=0.39%, 交集=2, 并集=510
  9. 真实=2张, 预测=456张, 准确率=0.44%, 交集=2, 并集=456
  10. 真实=2张, 预测=511张, 准确率=0.39%, 交集=2, 并集=511

结论:
  ✅ 卡牌级别准确率已达到99%以上: 100.00%
  ✅ 卡牌级别准确率已达到99.9%以上: 100.0000%
  ✅ 卡牌级别准确率已达到99.99%以上: 100.0000%
  ⚠️ 预测过多问题严重: 796个样本 (100.0%)
     虽然卡牌准确率高，但模型预测了过多卡牌，可能不是最优解
