============================================================
方案F训练监控脚本（state_vec编码修复后）
============================================================
启动时间: 2025-12-11 10:47:51

等待训练完成...
（每30秒检查一次训练日志）

[10:47:51] 检查训练日志: training_logs\solution_f_training_20251211_104748.log

[10:48:21] 检查训练日志: training_logs\solution_f_training_20251211_104748.log

[10:48:51] 检查训练日志: training_logs\solution_f_training_20251211_104748.log

[10:49:21] 检查训练日志: training_logs\solution_f_training_20251211_104748.log

[10:49:51] 检查训练日志: training_logs\solution_f_training_20251211_104748.log

[10:50:21] 检查训练日志: training_logs\solution_f_training_manual.log

[10:50:51] 检查训练日志: training_logs\solution_f_training_manual.log

[10:51:21] 检查训练日志: training_logs\solution_f_training_20251211_104748.log

训练已完成！开始评估...

============================================================
开始评估方案F模型...
============================================================
============================================================
基线模型重新评估
============================================================
评估时间: 2025-12-11 10:51:24
基线参数: 阈值0.3, 缩放因子5.0
基线数据量: 796样本（34个对局）

[OK] 模型文件: models/bc_model_v1.pth
[OK] 模型大小: 1.28 MB
[OK] 使用设备: cpu
[OK] 模型加载成功

[INFO] 加载测试数据...
[OK] 原始数据: 33023 个样本
[INFO] 限制数据量: 33023 -> 796 个样本
[OK] 使用数据: 796 个样本

[INFO] 开始评估（阈值=0.3, 缩放因子=5.0）...

============================================================
基线评估结果
============================================================
评估参数: 阈值=0.3, 缩放因子=5.0
数据量: 796 个样本

完全匹配样本数: 0
完全匹配准确率: 0.0000% (0.00%)

卡牌级别准确率: 95.7753% (95.78%)

平均预测卡牌数: 21.61 张

预测分布:
  完全匹配: 11 (1.4%)
  预测过多: 771 (96.9%)
  预测过少: 14 (1.8%)

============================================================
与基线对比
============================================================
完全匹配准确率:
  基线: 37.3100% (37.31%)
  当前: 0.0000% (0.00%)
  差异: -37.3100% (-37.31%)

卡牌级别准确率:
  基线: 96.7300% (96.73%)
  当前: 95.7753% (95.78%)
  差异: -0.9547% (-0.95%)

平均预测卡牌数:
  基线: 15.99 张
  当前: 21.61 张
  差异: +5.62 张

============================================================
评估结论
============================================================
[WARNING] 完全匹配准确率比基线下降了 37.31%
[OK] 卡牌级别准确率与基线基本一致

============================================================


评估结果已保存到: training_logs/solution_f_evaluation_20251211_105128.txt

监控脚本结束
